<?xml version="1.0" encoding="ISO-8859-1" ?>
<link_info>
   <banner>TI ARM Linker PC v20.2.1.LTS</banner>
   <copyright>Copyright (c) 1996-2018 Texas Instruments Incorporated</copyright>
   <link_time>0x5fd2f052</link_time>
   <link_errors>0x0</link_errors>
   <output_file>blinky.out</output_file>
   <entry_point>
      <name>_c_int00_noargs</name>
      <address>0x20007b75</address>
   </entry_point>
   <input_file_list>
      <input_file id="fl-2">
         <path>.\</path>
         <kind>object</kind>
         <file>encoder.obj</file>
         <name>encoder.obj</name>
      </input_file>
      <input_file id="fl-3">
         <path>.\</path>
         <kind>object</kind>
         <file>gpio_if.obj</file>
         <name>gpio_if.obj</name>
      </input_file>
      <input_file id="fl-4">
         <path>.\</path>
         <kind>object</kind>
         <file>light_sensor.obj</file>
         <name>light_sensor.obj</name>
      </input_file>
      <input_file id="fl-5">
         <path>.\</path>
         <kind>object</kind>
         <file>main.obj</file>
         <name>main.obj</name>
      </input_file>
      <input_file id="fl-6">
         <path>.\</path>
         <kind>object</kind>
         <file>pinmux.obj</file>
         <name>pinmux.obj</name>
      </input_file>
      <input_file id="fl-7">
         <path>.\</path>
         <kind>object</kind>
         <file>startup_ccs.obj</file>
         <name>startup_ccs.obj</name>
      </input_file>
      <input_file id="fl-8">
         <path>.\</path>
         <kind>object</kind>
         <file>stepper.obj</file>
         <name>stepper.obj</name>
      </input_file>
      <input_file id="fl-d">
         <kind>object</kind>
         <file>&lt;internal&gt;</file>
         <name>&lt;internal&gt;</name>
      </input_file>
      <input_file id="fl-e">
         <path>C:\ti\CC3200SDK_1.5.0\cc3200-sdk\driverlib\ccs\Release\</path>
         <kind>archive</kind>
         <file>driverlib.a</file>
         <name>adc.obj</name>
      </input_file>
      <input_file id="fl-f">
         <path>C:\ti\CC3200SDK_1.5.0\cc3200-sdk\driverlib\ccs\Release\</path>
         <kind>archive</kind>
         <file>driverlib.a</file>
         <name>gpio.obj</name>
      </input_file>
      <input_file id="fl-10">
         <path>C:\ti\CC3200SDK_1.5.0\cc3200-sdk\driverlib\ccs\Release\</path>
         <kind>archive</kind>
         <file>driverlib.a</file>
         <name>interrupt.obj</name>
      </input_file>
      <input_file id="fl-11">
         <path>C:\ti\CC3200SDK_1.5.0\cc3200-sdk\driverlib\ccs\Release\</path>
         <kind>archive</kind>
         <file>driverlib.a</file>
         <name>pin.obj</name>
      </input_file>
      <input_file id="fl-12">
         <path>C:\ti\CC3200SDK_1.5.0\cc3200-sdk\driverlib\ccs\Release\</path>
         <kind>archive</kind>
         <file>driverlib.a</file>
         <name>prcm.obj</name>
      </input_file>
      <input_file id="fl-13">
         <path>C:\ti\CC3200SDK_1.5.0\cc3200-sdk\driverlib\ccs\Release\</path>
         <kind>archive</kind>
         <file>driverlib.a</file>
         <name>uart.obj</name>
      </input_file>
      <input_file id="fl-14">
         <path>C:\ti\CC3200SDK_1.5.0\cc3200-sdk\driverlib\ccs\Release\</path>
         <kind>archive</kind>
         <file>driverlib.a</file>
         <name>utils.obj</name>
      </input_file>
      <input_file id="fl-15">
         <path>C:\ti\CC3200SDK_1.5.0\cc3200-sdk\driverlib\ccs\Release\</path>
         <kind>archive</kind>
         <file>driverlib.a</file>
         <name>cpu.obj</name>
      </input_file>
      <input_file id="fl-16">
         <path>C:\ti\CC3200SDK_1.5.0\cc3200-sdk\driverlib\ccs\Release\</path>
         <kind>archive</kind>
         <file>driverlib.a</file>
         <name>flash.obj</name>
      </input_file>
      <input_file id="fl-cc">
         <path>C:\ti\ccs1011\ccs\tools\compiler\ti-cgt-arm_20.2.1.LTS\lib\</path>
         <kind>archive</kind>
         <file>rtsv7M4_T_le_eabi.lib</file>
         <name>printf.c.obj</name>
      </input_file>
      <input_file id="fl-cd">
         <path>C:\ti\ccs1011\ccs\tools\compiler\ti-cgt-arm_20.2.1.LTS\lib\</path>
         <kind>archive</kind>
         <file>rtsv7M4_T_le_eabi.lib</file>
         <name>_printfi.c.obj</name>
      </input_file>
      <input_file id="fl-ce">
         <path>C:\ti\ccs1011\ccs\tools\compiler\ti-cgt-arm_20.2.1.LTS\lib\</path>
         <kind>archive</kind>
         <file>rtsv7M4_T_le_eabi.lib</file>
         <name>fputc.c.obj</name>
      </input_file>
      <input_file id="fl-cf">
         <path>C:\ti\ccs1011\ccs\tools\compiler\ti-cgt-arm_20.2.1.LTS\lib\</path>
         <kind>archive</kind>
         <file>rtsv7M4_T_le_eabi.lib</file>
         <name>fputs.c.obj</name>
      </input_file>
      <input_file id="fl-d0">
         <path>C:\ti\ccs1011\ccs\tools\compiler\ti-cgt-arm_20.2.1.LTS\lib\</path>
         <kind>archive</kind>
         <file>rtsv7M4_T_le_eabi.lib</file>
         <name>_io_perm.c.obj</name>
      </input_file>
      <input_file id="fl-d1">
         <path>C:\ti\ccs1011\ccs\tools\compiler\ti-cgt-arm_20.2.1.LTS\lib\</path>
         <kind>archive</kind>
         <file>rtsv7M4_T_le_eabi.lib</file>
         <name>setvbuf.c.obj</name>
      </input_file>
      <input_file id="fl-d2">
         <path>C:\ti\ccs1011\ccs\tools\compiler\ti-cgt-arm_20.2.1.LTS\lib\</path>
         <kind>archive</kind>
         <file>rtsv7M4_T_le_eabi.lib</file>
         <name>memset_t2.asm.obj</name>
      </input_file>
      <input_file id="fl-d3">
         <path>C:\ti\ccs1011\ccs\tools\compiler\ti-cgt-arm_20.2.1.LTS\lib\</path>
         <kind>archive</kind>
         <file>rtsv7M4_T_le_eabi.lib</file>
         <name>fd_add_t2.asm.obj</name>
      </input_file>
      <input_file id="fl-d4">
         <path>C:\ti\ccs1011\ccs\tools\compiler\ti-cgt-arm_20.2.1.LTS\lib\</path>
         <kind>archive</kind>
         <file>rtsv7M4_T_le_eabi.lib</file>
         <name>fd_cmp_t2.asm.obj</name>
      </input_file>
      <input_file id="fl-d5">
         <path>C:\ti\ccs1011\ccs\tools\compiler\ti-cgt-arm_20.2.1.LTS\lib\</path>
         <kind>archive</kind>
         <file>rtsv7M4_T_le_eabi.lib</file>
         <name>fd_div_t2.asm.obj</name>
      </input_file>
      <input_file id="fl-d6">
         <path>C:\ti\ccs1011\ccs\tools\compiler\ti-cgt-arm_20.2.1.LTS\lib\</path>
         <kind>archive</kind>
         <file>rtsv7M4_T_le_eabi.lib</file>
         <name>fd_mul_t2.asm.obj</name>
      </input_file>
      <input_file id="fl-d7">
         <path>C:\ti\ccs1011\ccs\tools\compiler\ti-cgt-arm_20.2.1.LTS\lib\</path>
         <kind>archive</kind>
         <file>rtsv7M4_T_le_eabi.lib</file>
         <name>fd_toi_t2.asm.obj</name>
      </input_file>
      <input_file id="fl-d8">
         <path>C:\ti\ccs1011\ccs\tools\compiler\ti-cgt-arm_20.2.1.LTS\lib\</path>
         <kind>archive</kind>
         <file>rtsv7M4_T_le_eabi.lib</file>
         <name>fs_add_t2.asm.obj</name>
      </input_file>
      <input_file id="fl-d9">
         <path>C:\ti\ccs1011\ccs\tools\compiler\ti-cgt-arm_20.2.1.LTS\lib\</path>
         <kind>archive</kind>
         <file>rtsv7M4_T_le_eabi.lib</file>
         <name>fs_div_t2.asm.obj</name>
      </input_file>
      <input_file id="fl-da">
         <path>C:\ti\ccs1011\ccs\tools\compiler\ti-cgt-arm_20.2.1.LTS\lib\</path>
         <kind>archive</kind>
         <file>rtsv7M4_T_le_eabi.lib</file>
         <name>fs_tod_t2.asm.obj</name>
      </input_file>
      <input_file id="fl-db">
         <path>C:\ti\ccs1011\ccs\tools\compiler\ti-cgt-arm_20.2.1.LTS\lib\</path>
         <kind>archive</kind>
         <file>rtsv7M4_T_le_eabi.lib</file>
         <name>i_tofd_t2.asm.obj</name>
      </input_file>
      <input_file id="fl-dc">
         <path>C:\ti\ccs1011\ccs\tools\compiler\ti-cgt-arm_20.2.1.LTS\lib\</path>
         <kind>archive</kind>
         <file>rtsv7M4_T_le_eabi.lib</file>
         <name>memcpy_t2.asm.obj</name>
      </input_file>
      <input_file id="fl-dd">
         <path>C:\ti\ccs1011\ccs\tools\compiler\ti-cgt-arm_20.2.1.LTS\lib\</path>
         <kind>archive</kind>
         <file>rtsv7M4_T_le_eabi.lib</file>
         <name>u_tofs_t2.asm.obj</name>
      </input_file>
      <input_file id="fl-de">
         <path>C:\ti\ccs1011\ccs\tools\compiler\ti-cgt-arm_20.2.1.LTS\lib\</path>
         <kind>archive</kind>
         <file>rtsv7M4_T_le_eabi.lib</file>
         <name>ull_div_t2.asm.obj</name>
      </input_file>
      <input_file id="fl-df">
         <path>C:\ti\ccs1011\ccs\tools\compiler\ti-cgt-arm_20.2.1.LTS\lib\</path>
         <kind>archive</kind>
         <file>rtsv7M4_T_le_eabi.lib</file>
         <name>copy_zero_init.c.obj</name>
      </input_file>
      <input_file id="fl-e0">
         <path>C:\ti\ccs1011\ccs\tools\compiler\ti-cgt-arm_20.2.1.LTS\lib\</path>
         <kind>archive</kind>
         <file>rtsv7M4_T_le_eabi.lib</file>
         <name>copy_decompress_none.c.obj</name>
      </input_file>
      <input_file id="fl-e1">
         <path>C:\ti\ccs1011\ccs\tools\compiler\ti-cgt-arm_20.2.1.LTS\lib\</path>
         <kind>archive</kind>
         <file>rtsv7M4_T_le_eabi.lib</file>
         <name>copy_decompress_lzss.c.obj</name>
      </input_file>
      <input_file id="fl-e2">
         <path>C:\ti\ccs1011\ccs\tools\compiler\ti-cgt-arm_20.2.1.LTS\lib\</path>
         <kind>archive</kind>
         <file>rtsv7M4_T_le_eabi.lib</file>
         <name>exit.c.obj</name>
      </input_file>
      <input_file id="fl-e3">
         <path>C:\ti\ccs1011\ccs\tools\compiler\ti-cgt-arm_20.2.1.LTS\lib\</path>
         <kind>archive</kind>
         <file>rtsv7M4_T_le_eabi.lib</file>
         <name>_lock.c.obj</name>
      </input_file>
      <input_file id="fl-e4">
         <path>C:\ti\ccs1011\ccs\tools\compiler\ti-cgt-arm_20.2.1.LTS\lib\</path>
         <kind>archive</kind>
         <file>rtsv7M4_T_le_eabi.lib</file>
         <name>_ltoa.c.obj</name>
      </input_file>
      <input_file id="fl-e5">
         <path>C:\ti\ccs1011\ccs\tools\compiler\ti-cgt-arm_20.2.1.LTS\lib\</path>
         <kind>archive</kind>
         <file>rtsv7M4_T_le_eabi.lib</file>
         <name>atoi.c.obj</name>
      </input_file>
      <input_file id="fl-e6">
         <path>C:\ti\ccs1011\ccs\tools\compiler\ti-cgt-arm_20.2.1.LTS\lib\</path>
         <kind>archive</kind>
         <file>rtsv7M4_T_le_eabi.lib</file>
         <name>ctype.c.obj</name>
      </input_file>
      <input_file id="fl-e7">
         <path>C:\ti\ccs1011\ccs\tools\compiler\ti-cgt-arm_20.2.1.LTS\lib\</path>
         <kind>archive</kind>
         <file>rtsv7M4_T_le_eabi.lib</file>
         <name>defs.c.obj</name>
      </input_file>
      <input_file id="fl-e8">
         <path>C:\ti\ccs1011\ccs\tools\compiler\ti-cgt-arm_20.2.1.LTS\lib\</path>
         <kind>archive</kind>
         <file>rtsv7M4_T_le_eabi.lib</file>
         <name>memccpy.c.obj</name>
      </input_file>
      <input_file id="fl-e9">
         <path>C:\ti\ccs1011\ccs\tools\compiler\ti-cgt-arm_20.2.1.LTS\lib\</path>
         <kind>archive</kind>
         <file>rtsv7M4_T_le_eabi.lib</file>
         <name>memchr.c.obj</name>
      </input_file>
      <input_file id="fl-ea">
         <path>C:\ti\ccs1011\ccs\tools\compiler\ti-cgt-arm_20.2.1.LTS\lib\</path>
         <kind>archive</kind>
         <file>rtsv7M4_T_le_eabi.lib</file>
         <name>memory.c.obj</name>
      </input_file>
      <input_file id="fl-eb">
         <path>C:\ti\ccs1011\ccs\tools\compiler\ti-cgt-arm_20.2.1.LTS\lib\</path>
         <kind>archive</kind>
         <file>rtsv7M4_T_le_eabi.lib</file>
         <name>strchr.c.obj</name>
      </input_file>
      <input_file id="fl-ec">
         <path>C:\ti\ccs1011\ccs\tools\compiler\ti-cgt-arm_20.2.1.LTS\lib\</path>
         <kind>archive</kind>
         <file>rtsv7M4_T_le_eabi.lib</file>
         <name>strlen.c.obj</name>
      </input_file>
      <input_file id="fl-ed">
         <path>C:\ti\ccs1011\ccs\tools\compiler\ti-cgt-arm_20.2.1.LTS\lib\</path>
         <kind>archive</kind>
         <file>rtsv7M4_T_le_eabi.lib</file>
         <name>write.c.obj</name>
      </input_file>
      <input_file id="fl-ee">
         <path>C:\ti\ccs1011\ccs\tools\compiler\ti-cgt-arm_20.2.1.LTS\lib\</path>
         <kind>archive</kind>
         <file>rtsv7M4_T_le_eabi.lib</file>
         <name>host_device.c.obj</name>
      </input_file>
      <input_file id="fl-ef">
         <path>C:\ti\ccs1011\ccs\tools\compiler\ti-cgt-arm_20.2.1.LTS\lib\</path>
         <kind>archive</kind>
         <file>rtsv7M4_T_le_eabi.lib</file>
         <name>errno.c.obj</name>
      </input_file>
      <input_file id="fl-f0">
         <path>C:\ti\ccs1011\ccs\tools\compiler\ti-cgt-arm_20.2.1.LTS\lib\</path>
         <kind>archive</kind>
         <file>rtsv7M4_T_le_eabi.lib</file>
         <name>boot_cortex_m.c.obj</name>
      </input_file>
      <input_file id="fl-f1">
         <path>C:\ti\ccs1011\ccs\tools\compiler\ti-cgt-arm_20.2.1.LTS\lib\</path>
         <kind>archive</kind>
         <file>rtsv7M4_T_le_eabi.lib</file>
         <name>s_frexp.c.obj</name>
      </input_file>
      <input_file id="fl-f2">
         <path>C:\ti\ccs1011\ccs\tools\compiler\ti-cgt-arm_20.2.1.LTS\lib\</path>
         <kind>archive</kind>
         <file>rtsv7M4_T_le_eabi.lib</file>
         <name>s_scalbn.c.obj</name>
      </input_file>
      <input_file id="fl-f3">
         <path>C:\ti\ccs1011\ccs\tools\compiler\ti-cgt-arm_20.2.1.LTS\lib\</path>
         <kind>archive</kind>
         <file>rtsv7M4_T_le_eabi.lib</file>
         <name>wcslen.c.obj</name>
      </input_file>
      <input_file id="fl-f4">
         <path>C:\ti\ccs1011\ccs\tools\compiler\ti-cgt-arm_20.2.1.LTS\lib\</path>
         <kind>archive</kind>
         <file>rtsv7M4_T_le_eabi.lib</file>
         <name>fflush.c.obj</name>
      </input_file>
      <input_file id="fl-f5">
         <path>C:\ti\ccs1011\ccs\tools\compiler\ti-cgt-arm_20.2.1.LTS\lib\</path>
         <kind>archive</kind>
         <file>rtsv7M4_T_le_eabi.lib</file>
         <name>fopen.c.obj</name>
      </input_file>
      <input_file id="fl-f6">
         <path>C:\ti\ccs1011\ccs\tools\compiler\ti-cgt-arm_20.2.1.LTS\lib\</path>
         <kind>archive</kind>
         <file>rtsv7M4_T_le_eabi.lib</file>
         <name>fseek.c.obj</name>
      </input_file>
      <input_file id="fl-f7">
         <path>C:\ti\ccs1011\ccs\tools\compiler\ti-cgt-arm_20.2.1.LTS\lib\</path>
         <kind>archive</kind>
         <file>rtsv7M4_T_le_eabi.lib</file>
         <name>div0.asm.obj</name>
      </input_file>
      <input_file id="fl-f8">
         <path>C:\ti\ccs1011\ccs\tools\compiler\ti-cgt-arm_20.2.1.LTS\lib\</path>
         <kind>archive</kind>
         <file>rtsv7M4_T_le_eabi.lib</file>
         <name>autoinit.c.obj</name>
      </input_file>
      <input_file id="fl-f9">
         <path>C:\ti\ccs1011\ccs\tools\compiler\ti-cgt-arm_20.2.1.LTS\lib\</path>
         <kind>archive</kind>
         <file>rtsv7M4_T_le_eabi.lib</file>
         <name>pre_init.c.obj</name>
      </input_file>
      <input_file id="fl-fa">
         <path>C:\ti\ccs1011\ccs\tools\compiler\ti-cgt-arm_20.2.1.LTS\lib\</path>
         <kind>archive</kind>
         <file>rtsv7M4_T_le_eabi.lib</file>
         <name>cpy_tbl.c.obj</name>
      </input_file>
      <input_file id="fl-fb">
         <path>C:\ti\ccs1011\ccs\tools\compiler\ti-cgt-arm_20.2.1.LTS\lib\</path>
         <kind>archive</kind>
         <file>rtsv7M4_T_le_eabi.lib</file>
         <name>args_main.c.obj</name>
      </input_file>
      <input_file id="fl-fc">
         <path>C:\ti\ccs1011\ccs\tools\compiler\ti-cgt-arm_20.2.1.LTS\lib\</path>
         <kind>archive</kind>
         <file>rtsv7M4_T_le_eabi.lib</file>
         <name>hostclose.c.obj</name>
      </input_file>
      <input_file id="fl-fd">
         <path>C:\ti\ccs1011\ccs\tools\compiler\ti-cgt-arm_20.2.1.LTS\lib\</path>
         <kind>archive</kind>
         <file>rtsv7M4_T_le_eabi.lib</file>
         <name>hostlseek.c.obj</name>
      </input_file>
      <input_file id="fl-fe">
         <path>C:\ti\ccs1011\ccs\tools\compiler\ti-cgt-arm_20.2.1.LTS\lib\</path>
         <kind>archive</kind>
         <file>rtsv7M4_T_le_eabi.lib</file>
         <name>hostopen.c.obj</name>
      </input_file>
      <input_file id="fl-ff">
         <path>C:\ti\ccs1011\ccs\tools\compiler\ti-cgt-arm_20.2.1.LTS\lib\</path>
         <kind>archive</kind>
         <file>rtsv7M4_T_le_eabi.lib</file>
         <name>hostread.c.obj</name>
      </input_file>
      <input_file id="fl-100">
         <path>C:\ti\ccs1011\ccs\tools\compiler\ti-cgt-arm_20.2.1.LTS\lib\</path>
         <kind>archive</kind>
         <file>rtsv7M4_T_le_eabi.lib</file>
         <name>hostrename.c.obj</name>
      </input_file>
      <input_file id="fl-101">
         <path>C:\ti\ccs1011\ccs\tools\compiler\ti-cgt-arm_20.2.1.LTS\lib\</path>
         <kind>archive</kind>
         <file>rtsv7M4_T_le_eabi.lib</file>
         <name>hostunlink.c.obj</name>
      </input_file>
      <input_file id="fl-102">
         <path>C:\ti\ccs1011\ccs\tools\compiler\ti-cgt-arm_20.2.1.LTS\lib\</path>
         <kind>archive</kind>
         <file>rtsv7M4_T_le_eabi.lib</file>
         <name>hostwrite.c.obj</name>
      </input_file>
      <input_file id="fl-103">
         <path>C:\ti\ccs1011\ccs\tools\compiler\ti-cgt-arm_20.2.1.LTS\lib\</path>
         <kind>archive</kind>
         <file>rtsv7M4_T_le_eabi.lib</file>
         <name>trgmsg.c.obj</name>
      </input_file>
      <input_file id="fl-104">
         <path>C:\ti\ccs1011\ccs\tools\compiler\ti-cgt-arm_20.2.1.LTS\lib\</path>
         <kind>archive</kind>
         <file>rtsv7M4_T_le_eabi.lib</file>
         <name>open.c.obj</name>
      </input_file>
      <input_file id="fl-105">
         <path>C:\ti\ccs1011\ccs\tools\compiler\ti-cgt-arm_20.2.1.LTS\lib\</path>
         <kind>archive</kind>
         <file>rtsv7M4_T_le_eabi.lib</file>
         <name>lseek.c.obj</name>
      </input_file>
      <input_file id="fl-106">
         <path>C:\ti\ccs1011\ccs\tools\compiler\ti-cgt-arm_20.2.1.LTS\lib\</path>
         <kind>archive</kind>
         <file>rtsv7M4_T_le_eabi.lib</file>
         <name>s_copysign.c.obj</name>
      </input_file>
      <input_file id="fl-107">
         <path>C:\ti\ccs1011\ccs\tools\compiler\ti-cgt-arm_20.2.1.LTS\lib\</path>
         <kind>archive</kind>
         <file>rtsv7M4_T_le_eabi.lib</file>
         <name>fclose.c.obj</name>
      </input_file>
      <input_file id="fl-108">
         <path>C:\ti\ccs1011\ccs\tools\compiler\ti-cgt-arm_20.2.1.LTS\lib\</path>
         <kind>archive</kind>
         <file>rtsv7M4_T_le_eabi.lib</file>
         <name>getdevice.c.obj</name>
      </input_file>
      <input_file id="fl-109">
         <path>C:\ti\ccs1011\ccs\tools\compiler\ti-cgt-arm_20.2.1.LTS\lib\</path>
         <kind>archive</kind>
         <file>rtsv7M4_T_le_eabi.lib</file>
         <name>strcmp.c.obj</name>
      </input_file>
      <input_file id="fl-10a">
         <path>C:\ti\ccs1011\ccs\tools\compiler\ti-cgt-arm_20.2.1.LTS\lib\</path>
         <kind>archive</kind>
         <file>rtsv7M4_T_le_eabi.lib</file>
         <name>strcpy.c.obj</name>
      </input_file>
      <input_file id="fl-10b">
         <path>C:\ti\ccs1011\ccs\tools\compiler\ti-cgt-arm_20.2.1.LTS\lib\</path>
         <kind>archive</kind>
         <file>rtsv7M4_T_le_eabi.lib</file>
         <name>strncpy.c.obj</name>
      </input_file>
      <input_file id="fl-10c">
         <path>C:\ti\ccs1011\ccs\tools\compiler\ti-cgt-arm_20.2.1.LTS\lib\</path>
         <kind>archive</kind>
         <file>rtsv7M4_T_le_eabi.lib</file>
         <name>remove.c.obj</name>
      </input_file>
      <input_file id="fl-10d">
         <path>C:\ti\ccs1011\ccs\tools\compiler\ti-cgt-arm_20.2.1.LTS\lib\</path>
         <kind>archive</kind>
         <file>rtsv7M4_T_le_eabi.lib</file>
         <name>close.c.obj</name>
      </input_file>
      <input_file id="fl-10e">
         <path>C:\ti\ccs1011\ccs\tools\compiler\ti-cgt-arm_20.2.1.LTS\lib\</path>
         <kind>archive</kind>
         <file>rtsv7M4_T_le_eabi.lib</file>
         <name>unlink.c.obj</name>
      </input_file>
   </input_file_list>
   <object_component_list>
      <object_component id="oc-12">
         <name>.intvecs</name>
         <load_address>0x20004000</load_address>
         <run_address>0x20004000</run_address>
         <size>0x400</size>
         <input_file_ref idref="fl-7"/>
      </object_component>
      <object_component id="oc-220">
         <name>.text:__TI_printfi</name>
         <load_address>0x20004400</load_address>
         <run_address>0x20004400</run_address>
         <size>0xa4e</size>
         <input_file_ref idref="fl-cd"/>
      </object_component>
      <object_component id="oc-2f8">
         <name>.text:_nop</name>
         <load_address>0x20004e4e</load_address>
         <run_address>0x20004e4e</run_address>
         <size>0x2</size>
         <input_file_ref idref="fl-e3"/>
      </object_component>
      <object_component id="oc-c5">
         <name>.text</name>
         <load_address>0x20004e50</load_address>
         <run_address>0x20004e50</run_address>
         <size>0x398</size>
         <input_file_ref idref="fl-3"/>
      </object_component>
      <object_component id="oc-2d4">
         <name>.text:_pconv_a</name>
         <load_address>0x200051e8</load_address>
         <run_address>0x200051e8</run_address>
         <size>0x268</size>
         <input_file_ref idref="fl-cd"/>
      </object_component>
      <object_component id="oc-2c2">
         <name>.text:_pconv_g</name>
         <load_address>0x20005450</load_address>
         <run_address>0x20005450</run_address>
         <size>0x1cc</size>
         <input_file_ref idref="fl-cd"/>
      </object_component>
      <object_component id="oc-37a">
         <name>.text</name>
         <load_address>0x2000561c</load_address>
         <run_address>0x2000561c</run_address>
         <size>0x1b6</size>
         <input_file_ref idref="fl-d3"/>
      </object_component>
      <object_component id="oc-403">
         <name>.text</name>
         <load_address>0x200057d2</load_address>
         <run_address>0x200057d2</run_address>
         <size>0x2</size>
         <input_file_ref idref="fl-f7"/>
      </object_component>
      <object_component id="oc-de">
         <name>.text:PRCMCC3200MCUInit</name>
         <load_address>0x200057d4</load_address>
         <run_address>0x200057d4</run_address>
         <size>0x178</size>
         <input_file_ref idref="fl-12"/>
      </object_component>
      <object_component id="oc-2ce">
         <name>.text:_pconv_e</name>
         <load_address>0x2000594c</load_address>
         <run_address>0x2000594c</run_address>
         <size>0x13c</size>
         <input_file_ref idref="fl-cd"/>
      </object_component>
      <object_component id="oc-360">
         <name>.text</name>
         <load_address>0x20005a88</load_address>
         <run_address>0x20005a88</run_address>
         <size>0x136</size>
         <input_file_ref idref="fl-d5"/>
      </object_component>
      <object_component id="oc-38c">
         <name>.text:fcvt</name>
         <load_address>0x20005bc0</load_address>
         <run_address>0x20005bc0</run_address>
         <size>0x120</size>
         <input_file_ref idref="fl-cd"/>
      </object_component>
      <object_component id="oc-97">
         <name>.text</name>
         <load_address>0x20005ce0</load_address>
         <run_address>0x20005ce0</run_address>
         <size>0x11c</size>
         <input_file_ref idref="fl-5"/>
      </object_component>
      <object_component id="oc-306">
         <name>.text:fputs</name>
         <load_address>0x20005dfc</load_address>
         <run_address>0x20005dfc</run_address>
         <size>0x114</size>
         <input_file_ref idref="fl-cf"/>
      </object_component>
      <object_component id="oc-4b0">
         <name>.text:aligned_alloc</name>
         <load_address>0x20005f10</load_address>
         <run_address>0x20005f10</run_address>
         <size>0x108</size>
         <input_file_ref idref="fl-ea"/>
      </object_component>
      <object_component id="oc-35b">
         <name>.text</name>
         <load_address>0x20006018</load_address>
         <run_address>0x20006018</run_address>
         <size>0xfc</size>
         <input_file_ref idref="fl-d6"/>
      </object_component>
      <object_component id="oc-211">
         <name>.text</name>
         <load_address>0x20006114</load_address>
         <run_address>0x20006114</run_address>
         <size>0xfa</size>
         <input_file_ref idref="fl-d8"/>
      </object_component>
      <object_component id="oc-46e">
         <name>.text:free</name>
         <load_address>0x20006210</load_address>
         <run_address>0x20006210</run_address>
         <size>0xe4</size>
         <input_file_ref idref="fl-ea"/>
      </object_component>
      <object_component id="oc-43e">
         <name>.text:setvbuf</name>
         <load_address>0x200062f4</load_address>
         <run_address>0x200062f4</run_address>
         <size>0xdc</size>
         <input_file_ref idref="fl-d1"/>
      </object_component>
      <object_component id="oc-3a0">
         <name>.text:scalbn</name>
         <load_address>0x200063d0</load_address>
         <run_address>0x200063d0</run_address>
         <size>0xd0</size>
         <input_file_ref idref="fl-f2"/>
      </object_component>
      <object_component id="oc-ea">
         <name>.text</name>
         <load_address>0x200064a0</load_address>
         <run_address>0x200064a0</run_address>
         <size>0xc8</size>
         <input_file_ref idref="fl-6"/>
      </object_component>
      <object_component id="oc-fc">
         <name>.text</name>
         <load_address>0x20006568</load_address>
         <run_address>0x20006568</run_address>
         <size>0xc0</size>
         <input_file_ref idref="fl-4"/>
      </object_component>
      <object_component id="oc-2b7">
         <name>.text:_ltostr</name>
         <load_address>0x20006628</load_address>
         <run_address>0x20006628</run_address>
         <size>0xb1</size>
         <input_file_ref idref="fl-cd"/>
      </object_component>
      <object_component id="oc-d8">
         <name>.text:IntEnable</name>
         <load_address>0x200066dc</load_address>
         <run_address>0x200066dc</run_address>
         <size>0xa8</size>
         <input_file_ref idref="fl-10"/>
      </object_component>
      <object_component id="oc-3d">
         <name>.text</name>
         <load_address>0x20006784</load_address>
         <run_address>0x20006784</run_address>
         <size>0x9c</size>
         <input_file_ref idref="fl-dc"/>
      </object_component>
      <object_component id="oc-354">
         <name>.text</name>
         <load_address>0x20006820</load_address>
         <run_address>0x20006820</run_address>
         <size>0x96</size>
         <input_file_ref idref="fl-de"/>
      </object_component>
      <object_component id="oc-f0">
         <name>.text:PRCMPeripheralClockGet</name>
         <load_address>0x200068b8</load_address>
         <run_address>0x200068b8</run_address>
         <size>0x94</size>
         <input_file_ref idref="fl-12"/>
      </object_component>
      <object_component id="oc-216">
         <name>.text</name>
         <load_address>0x2000694c</load_address>
         <run_address>0x2000694c</run_address>
         <size>0x92</size>
         <input_file_ref idref="fl-d9"/>
      </object_component>
      <object_component id="oc-30d">
         <name>.text:fputc</name>
         <load_address>0x200069e0</load_address>
         <run_address>0x200069e0</run_address>
         <size>0x8c</size>
         <input_file_ref idref="fl-ce"/>
      </object_component>
      <object_component id="oc-28d">
         <name>.text:PinConfigSet</name>
         <load_address>0x20006a6c</load_address>
         <run_address>0x20006a6c</run_address>
         <size>0x88</size>
         <input_file_ref idref="fl-11"/>
      </object_component>
      <object_component id="oc-2bd">
         <name>.text:__aeabi_cdcmple</name>
         <load_address>0x20006af4</load_address>
         <run_address>0x20006af4</run_address>
         <size>0x86</size>
         <input_file_ref idref="fl-d4"/>
      </object_component>
      <object_component id="oc-365">
         <name>.text:__aeabi_cdrcmple</name>
         <load_address>0x20006b7a</load_address>
         <run_address>0x20006b7a</run_address>
         <size>0x86</size>
         <input_file_ref idref="fl-d4"/>
      </object_component>
      <object_component id="oc-154">
         <name>.text:GPIOIntTypeSet</name>
         <load_address>0x20006c00</load_address>
         <run_address>0x20006c00</run_address>
         <size>0x82</size>
         <input_file_ref idref="fl-f"/>
      </object_component>
      <object_component id="oc-8b">
         <name>.text</name>
         <load_address>0x20006c82</load_address>
         <run_address>0x20006c82</run_address>
         <size>0x7a</size>
         <input_file_ref idref="fl-d2"/>
      </object_component>
      <object_component id="oc-f6">
         <name>.text:UARTConfigSetExpClk</name>
         <load_address>0x20006cfc</load_address>
         <run_address>0x20006cfc</run_address>
         <size>0x76</size>
         <input_file_ref idref="fl-13"/>
      </object_component>
      <object_component id="oc-4b7">
         <name>.text:__TI_closefile</name>
         <load_address>0x20006d74</load_address>
         <run_address>0x20006d74</run_address>
         <size>0x74</size>
         <input_file_ref idref="fl-107"/>
      </object_component>
      <object_component id="oc-4f8">
         <name>.text:split</name>
         <load_address>0x20006de8</load_address>
         <run_address>0x20006de8</run_address>
         <size>0x70</size>
         <input_file_ref idref="fl-ea"/>
      </object_component>
      <object_component id="oc-385">
         <name>.text:_mcpy</name>
         <load_address>0x20006e58</load_address>
         <run_address>0x20006e58</run_address>
         <size>0x6e</size>
         <input_file_ref idref="fl-cd"/>
      </object_component>
      <object_component id="oc-4e7">
         <name>.text:HOSTrename</name>
         <load_address>0x20006ec8</load_address>
         <run_address>0x20006ec8</run_address>
         <size>0x6c</size>
         <input_file_ref idref="fl-100"/>
      </object_component>
      <object_component id="oc-4db">
         <name>.text:HOSTlseek</name>
         <load_address>0x20006f34</load_address>
         <run_address>0x20006f34</run_address>
         <size>0x68</size>
         <input_file_ref idref="fl-fd"/>
      </object_component>
      <object_component id="oc-15">
         <name>.text:decompress:lzss:__TI_decompress_lzss</name>
         <load_address>0x20006f9c</load_address>
         <run_address>0x20006f9c</run_address>
         <size>0x68</size>
         <input_file_ref idref="fl-e1"/>
      </object_component>
      <object_component id="oc-107">
         <name>.text:printf</name>
         <load_address>0x20007004</load_address>
         <run_address>0x20007004</run_address>
         <size>0x68</size>
         <input_file_ref idref="fl-cc"/>
      </object_component>
      <object_component id="oc-438">
         <name>.text:fseek</name>
         <load_address>0x2000706c</load_address>
         <run_address>0x2000706c</run_address>
         <size>0x64</size>
         <input_file_ref idref="fl-f6"/>
      </object_component>
      <object_component id="oc-3d1">
         <name>.text:__TI_wrt_ok</name>
         <load_address>0x200070d0</load_address>
         <run_address>0x200070d0</run_address>
         <size>0x62</size>
         <input_file_ref idref="fl-d0"/>
      </object_component>
      <object_component id="oc-4c3">
         <name>.text:HOSTopen</name>
         <load_address>0x20007134</load_address>
         <run_address>0x20007134</run_address>
         <size>0x60</size>
         <input_file_ref idref="fl-fe"/>
      </object_component>
      <object_component id="oc-4ff">
         <name>.text:close</name>
         <load_address>0x20007194</load_address>
         <run_address>0x20007194</run_address>
         <size>0x5c</size>
         <input_file_ref idref="fl-10d"/>
      </object_component>
      <object_component id="oc-39a">
         <name>.text:frexp</name>
         <load_address>0x200071f0</load_address>
         <run_address>0x200071f0</run_address>
         <size>0x5c</size>
         <input_file_ref idref="fl-f1"/>
      </object_component>
      <object_component id="oc-4cf">
         <name>.text:HOSTread</name>
         <load_address>0x2000724c</load_address>
         <run_address>0x2000724c</run_address>
         <size>0x58</size>
         <input_file_ref idref="fl-ff"/>
      </object_component>
      <object_component id="oc-4d5">
         <name>.text:HOSTwrite</name>
         <load_address>0x200072a4</load_address>
         <run_address>0x200072a4</run_address>
         <size>0x58</size>
         <input_file_ref idref="fl-102"/>
      </object_component>
      <object_component id="oc-1ad">
         <name>.text:PRCMPeripheralReset</name>
         <load_address>0x200072fc</load_address>
         <run_address>0x200072fc</run_address>
         <size>0x58</size>
         <input_file_ref idref="fl-12"/>
      </object_component>
      <object_component id="oc-2c8">
         <name>.text:_pconv_f</name>
         <load_address>0x20007354</load_address>
         <run_address>0x20007354</run_address>
         <size>0x56</size>
         <input_file_ref idref="fl-cd"/>
      </object_component>
      <object_component id="oc-15a">
         <name>.text:IntPrioritySet</name>
         <load_address>0x200073ac</load_address>
         <run_address>0x200073ac</run_address>
         <size>0x54</size>
         <input_file_ref idref="fl-10"/>
      </object_component>
      <object_component id="oc-36f">
         <name>.text:__TI_ltoa</name>
         <load_address>0x20007400</load_address>
         <run_address>0x20007400</run_address>
         <size>0x54</size>
         <input_file_ref idref="fl-e4"/>
      </object_component>
      <object_component id="oc-37f">
         <name>.text:_ecpy</name>
         <load_address>0x20007454</load_address>
         <run_address>0x20007454</run_address>
         <size>0x52</size>
         <input_file_ref idref="fl-cd"/>
      </object_component>
      <object_component id="oc-3dd">
         <name>.text:__TI_doflush</name>
         <load_address>0x200074a6</load_address>
         <run_address>0x200074a6</run_address>
         <size>0x4c</size>
         <input_file_ref idref="fl-f4"/>
      </object_component>
      <object_component id="oc-2b1">
         <name>.text:atoi</name>
         <load_address>0x200074f4</load_address>
         <run_address>0x200074f4</run_address>
         <size>0x4c</size>
         <input_file_ref idref="fl-e5"/>
      </object_component>
      <object_component id="oc-263">
         <name>.text:GPIOGetIntNumber</name>
         <load_address>0x20007540</load_address>
         <run_address>0x20007540</run_address>
         <size>0x48</size>
         <input_file_ref idref="fl-f"/>
      </object_component>
      <object_component id="oc-11c">
         <name>.text:exit</name>
         <load_address>0x20007588</load_address>
         <run_address>0x20007588</run_address>
         <size>0x48</size>
         <input_file_ref idref="fl-e2"/>
      </object_component>
      <object_component id="oc-36a">
         <name>.text</name>
         <load_address>0x200075d0</load_address>
         <run_address>0x200075d0</run_address>
         <size>0x48</size>
         <input_file_ref idref="fl-d7"/>
      </object_component>
      <object_component id="oc-4c9">
         <name>.text:HOSTclose</name>
         <load_address>0x20007618</load_address>
         <run_address>0x20007618</run_address>
         <size>0x44</size>
         <input_file_ref idref="fl-fc"/>
      </object_component>
      <object_component id="oc-4e1">
         <name>.text:HOSTunlink</name>
         <load_address>0x2000765c</load_address>
         <run_address>0x2000765c</run_address>
         <size>0x44</size>
         <input_file_ref idref="fl-101"/>
      </object_component>
      <object_component id="oc-122">
         <name>.text:__TI_auto_init_nobinit_nopinit:__TI_auto_init_nobinit_nopinit</name>
         <load_address>0x200076a0</load_address>
         <run_address>0x200076a0</run_address>
         <size>0x44</size>
         <input_file_ref idref="fl-f8"/>
      </object_component>
      <object_component id="oc-537">
         <name>.text:getdevice</name>
         <load_address>0x200076e4</load_address>
         <run_address>0x200076e4</run_address>
         <size>0x44</size>
         <input_file_ref idref="fl-108"/>
      </object_component>
      <object_component id="oc-293">
         <name>.text:PinModeSet</name>
         <load_address>0x20007728</load_address>
         <run_address>0x20007728</run_address>
         <size>0x40</size>
         <input_file_ref idref="fl-11"/>
      </object_component>
      <object_component id="oc-392">
         <name>.text:_fcpy</name>
         <load_address>0x20007768</load_address>
         <run_address>0x20007768</run_address>
         <size>0x3e</size>
         <input_file_ref idref="fl-cd"/>
      </object_component>
      <object_component id="oc-1a7">
         <name>.text:PRCMPeripheralClkEnable</name>
         <load_address>0x200077a8</load_address>
         <run_address>0x200077a8</run_address>
         <size>0x3c</size>
         <input_file_ref idref="fl-12"/>
      </object_component>
      <object_component id="oc-206">
         <name>.text:ADCChannelDisable</name>
         <load_address>0x200077e4</load_address>
         <run_address>0x200077e4</run_address>
         <size>0x38</size>
         <input_file_ref idref="fl-e"/>
      </object_component>
      <object_component id="oc-1f4">
         <name>.text:ADCChannelEnable</name>
         <load_address>0x2000781c</load_address>
         <run_address>0x2000781c</run_address>
         <size>0x38</size>
         <input_file_ref idref="fl-e"/>
      </object_component>
      <object_component id="oc-510">
         <name>.text:__TI_writemsg</name>
         <load_address>0x20007854</load_address>
         <run_address>0x20007854</run_address>
         <size>0x38</size>
         <input_file_ref idref="fl-103"/>
      </object_component>
      <object_component id="oc-102">
         <name>.text</name>
         <load_address>0x2000788c</load_address>
         <run_address>0x2000788c</run_address>
         <size>0x38</size>
         <input_file_ref idref="fl-da"/>
      </object_component>
      <object_component id="oc-1c1">
         <name>.text:GPIODirModeSet</name>
         <load_address>0x200078c4</load_address>
         <run_address>0x200078c4</run_address>
         <size>0x36</size>
         <input_file_ref idref="fl-f"/>
      </object_component>
      <object_component id="oc-559">
         <name>.text:strncpy</name>
         <load_address>0x200078fa</load_address>
         <run_address>0x200078fa</run_address>
         <size>0x36</size>
         <input_file_ref idref="fl-10b"/>
      </object_component>
      <object_component id="oc-47a">
         <name>.text:__TI_cleanup</name>
         <load_address>0x20007930</load_address>
         <run_address>0x20007930</run_address>
         <size>0x34</size>
         <input_file_ref idref="fl-f5"/>
      </object_component>
      <object_component id="oc-516">
         <name>.text:__TI_readmsg</name>
         <load_address>0x20007964</load_address>
         <run_address>0x20007964</run_address>
         <size>0x34</size>
         <input_file_ref idref="fl-103"/>
      </object_component>
      <object_component id="oc-1bb">
         <name>.text:PinTypeGPIO</name>
         <load_address>0x20007998</load_address>
         <run_address>0x20007998</run_address>
         <size>0x30</size>
         <input_file_ref idref="fl-11"/>
      </object_component>
      <object_component id="oc-1d5">
         <name>.text:UARTDisable</name>
         <load_address>0x200079c8</load_address>
         <run_address>0x200079c8</run_address>
         <size>0x30</size>
         <input_file_ref idref="fl-13"/>
      </object_component>
      <object_component id="oc-55f">
         <name>.text:finddevice</name>
         <load_address>0x200079f8</load_address>
         <run_address>0x200079f8</run_address>
         <size>0x30</size>
         <input_file_ref idref="fl-108"/>
      </object_component>
      <object_component id="oc-375">
         <name>.text</name>
         <load_address>0x20007a28</load_address>
         <run_address>0x20007a28</run_address>
         <size>0x2e</size>
         <input_file_ref idref="fl-db"/>
      </object_component>
      <object_component id="oc-195">
         <name>.text:PRCMSysResetCauseGet</name>
         <load_address>0x20007a58</load_address>
         <run_address>0x20007a58</run_address>
         <size>0x2c</size>
         <input_file_ref idref="fl-12"/>
      </object_component>
      <object_component id="oc-505">
         <name>.text:unlink</name>
         <load_address>0x20007a84</load_address>
         <run_address>0x20007a84</run_address>
         <size>0x2c</size>
         <input_file_ref idref="fl-10e"/>
      </object_component>
      <object_component id="oc-1b3">
         <name>.text:PRCMPeripheralClkDisable</name>
         <load_address>0x20007ab0</load_address>
         <run_address>0x20007ab0</run_address>
         <size>0x28</size>
         <input_file_ref idref="fl-12"/>
      </object_component>
      <object_component id="oc-4a9">
         <name>.text:free_list_insert</name>
         <load_address>0x20007ad8</load_address>
         <run_address>0x20007ad8</run_address>
         <size>0x28</size>
         <input_file_ref idref="fl-ea"/>
      </object_component>
      <object_component id="oc-466">
         <name>.text:lseek</name>
         <load_address>0x20007b00</load_address>
         <run_address>0x20007b00</run_address>
         <size>0x28</size>
         <input_file_ref idref="fl-105"/>
      </object_component>
      <object_component id="oc-3e3">
         <name>.text:write</name>
         <load_address>0x20007b28</load_address>
         <run_address>0x20007b28</run_address>
         <size>0x28</size>
         <input_file_ref idref="fl-ed"/>
      </object_component>
      <object_component id="oc-1db">
         <name>.text:UARTEnable</name>
         <load_address>0x20007b50</load_address>
         <run_address>0x20007b50</run_address>
         <size>0x24</size>
         <input_file_ref idref="fl-13"/>
      </object_component>
      <object_component id="oc-5b">
         <name>.text:_c_int00_noargs:_c_int00_noargs</name>
         <load_address>0x20007b74</load_address>
         <run_address>0x20007b74</run_address>
         <size>0x24</size>
         <input_file_ref idref="fl-f0"/>
      </object_component>
      <object_component id="oc-20c">
         <name>.text</name>
         <load_address>0x20007b98</load_address>
         <run_address>0x20007b98</run_address>
         <size>0x24</size>
         <input_file_ref idref="fl-dd"/>
      </object_component>
      <object_component id="oc-1e2">
         <name>.text:ADCTimerConfig</name>
         <load_address>0x20007bbc</load_address>
         <run_address>0x20007bbc</run_address>
         <size>0x22</size>
         <input_file_ref idref="fl-e"/>
      </object_component>
      <object_component id="oc-172">
         <name>.text:GPIOPinWrite</name>
         <load_address>0x20007bde</load_address>
         <run_address>0x20007bde</run_address>
         <size>0x20</size>
         <input_file_ref idref="fl-f"/>
      </object_component>
      <object_component id="oc-269">
         <name>.text:IntRegister</name>
         <load_address>0x20007c00</load_address>
         <run_address>0x20007c00</run_address>
         <size>0x20</size>
         <input_file_ref idref="fl-10"/>
      </object_component>
      <object_component id="oc-3d7">
         <name>.text:memchr</name>
         <load_address>0x20007c20</load_address>
         <run_address>0x20007c20</run_address>
         <size>0x20</size>
         <input_file_ref idref="fl-e9"/>
      </object_component>
      <object_component id="oc-160">
         <name>.text:GPIOIntRegister</name>
         <load_address>0x20007c40</load_address>
         <run_address>0x20007c40</run_address>
         <size>0x1e</size>
         <input_file_ref idref="fl-f"/>
      </object_component>
      <object_component id="oc-1fa">
         <name>.text:ADCFIFOLvlGet</name>
         <load_address>0x20007c5e</load_address>
         <run_address>0x20007c5e</run_address>
         <size>0x1c</size>
         <input_file_ref idref="fl-e"/>
      </object_component>
      <object_component id="oc-4a3">
         <name>.text:free_list_remove</name>
         <load_address>0x20007c7c</load_address>
         <run_address>0x20007c7c</run_address>
         <size>0x1c</size>
         <input_file_ref idref="fl-ea"/>
      </object_component>
      <object_component id="oc-2da">
         <name>.text:memccpy</name>
         <load_address>0x20007c98</load_address>
         <run_address>0x20007c98</run_address>
         <size>0x1c</size>
         <input_file_ref idref="fl-e8"/>
      </object_component>
      <object_component id="oc-16c">
         <name>.text:GPIOIntEnable</name>
         <load_address>0x20007cb4</load_address>
         <run_address>0x20007cb4</run_address>
         <size>0x1a</size>
         <input_file_ref idref="fl-f"/>
      </object_component>
      <object_component id="oc-1c7">
         <name>.text:PinTypeUART</name>
         <load_address>0x20007cce</load_address>
         <run_address>0x20007cce</run_address>
         <size>0x1a</size>
         <input_file_ref idref="fl-11"/>
      </object_component>
      <object_component id="oc-200">
         <name>.text:ADCFIFORead</name>
         <load_address>0x20007ce8</load_address>
         <run_address>0x20007ce8</run_address>
         <size>0x18</size>
         <input_file_ref idref="fl-e"/>
      </object_component>
      <object_component id="oc-e4">
         <name>.text:GPIOPinRead</name>
         <load_address>0x20007d00</load_address>
         <run_address>0x20007d00</run_address>
         <size>0x18</size>
         <input_file_ref idref="fl-f"/>
      </object_component>
      <object_component id="oc-576">
         <name>.text:strcmp</name>
         <load_address>0x20007d18</load_address>
         <run_address>0x20007d18</run_address>
         <size>0x18</size>
         <input_file_ref idref="fl-109"/>
      </object_component>
      <object_component id="oc-1e8">
         <name>.text:ADCTimerEnable</name>
         <load_address>0x20007d30</load_address>
         <run_address>0x20007d30</run_address>
         <size>0x16</size>
         <input_file_ref idref="fl-e"/>
      </object_component>
      <object_component id="oc-19b">
         <name>.text:PRCMHIBRegRead</name>
         <load_address>0x20007d46</load_address>
         <run_address>0x20007d46</run_address>
         <size>0x16</size>
         <input_file_ref idref="fl-12"/>
      </object_component>
      <object_component id="oc-1a1">
         <name>.text:PRCMHIBRegWrite</name>
         <load_address>0x20007d5c</load_address>
         <run_address>0x20007d5c</run_address>
         <size>0x16</size>
         <input_file_ref idref="fl-12"/>
      </object_component>
      <object_component id="oc-3a6">
         <name>.text:strchr</name>
         <load_address>0x20007d72</load_address>
         <run_address>0x20007d72</run_address>
         <size>0x16</size>
         <input_file_ref idref="fl-eb"/>
      </object_component>
      <object_component id="oc-1ee">
         <name>.text:ADCEnable</name>
         <load_address>0x20007d88</load_address>
         <run_address>0x20007d88</run_address>
         <size>0x14</size>
         <input_file_ref idref="fl-e"/>
      </object_component>
      <object_component id="oc-185">
         <name>.text:CPUcpsie</name>
         <load_address>0x20007d9c</load_address>
         <run_address>0x20007d9c</run_address>
         <size>0x14</size>
         <input_file_ref idref="fl-15"/>
      </object_component>
      <object_component id="oc-166">
         <name>.text:GPIOIntClear</name>
         <load_address>0x20007db0</load_address>
         <run_address>0x20007db0</run_address>
         <size>0x14</size>
         <input_file_ref idref="fl-f"/>
      </object_component>
      <object_component id="oc-cc">
         <name>.text:IntVTableBaseSet</name>
         <load_address>0x20007dc4</load_address>
         <run_address>0x20007dc4</run_address>
         <size>0x14</size>
         <input_file_ref idref="fl-10"/>
      </object_component>
      <object_component id="oc-1cd">
         <name>.text:PinTypeADC</name>
         <load_address>0x20007dd8</load_address>
         <run_address>0x20007dd8</run_address>
         <size>0x14</size>
         <input_file_ref idref="fl-11"/>
      </object_component>
      <object_component id="oc-52a">
         <name>.text:strcpy</name>
         <load_address>0x20007dec</load_address>
         <run_address>0x20007dec</run_address>
         <size>0x14</size>
         <input_file_ref idref="fl-10a"/>
      </object_component>
      <object_component id="oc-2ab">
         <name>.text:strlen</name>
         <load_address>0x20007e00</load_address>
         <run_address>0x20007e00</run_address>
         <size>0x14</size>
         <input_file_ref idref="fl-ec"/>
      </object_component>
      <object_component id="oc-2e0">
         <name>.text:wcslen</name>
         <load_address>0x20007e14</load_address>
         <run_address>0x20007e14</run_address>
         <size>0x12</size>
         <input_file_ref idref="fl-f3"/>
      </object_component>
      <object_component id="oc-1b">
         <name>.text:decompress:none:__TI_decompress_none</name>
         <load_address>0x20007e26</load_address>
         <run_address>0x20007e26</run_address>
         <size>0xe</size>
         <input_file_ref idref="fl-e0"/>
      </object_component>
      <object_component id="oc-29">
         <name>.text</name>
         <load_address>0x20007e34</load_address>
         <run_address>0x20007e34</run_address>
         <size>0xe</size>
         <input_file_ref idref="fl-7"/>
      </object_component>
      <object_component id="oc-41c">
         <name>.text:copysign</name>
         <load_address>0x20007e42</load_address>
         <run_address>0x20007e42</run_address>
         <size>0xc</size>
         <input_file_ref idref="fl-106"/>
      </object_component>
      <object_component id="oc-4f">
         <name>.text:decompress:ZI:__TI_zero_init</name>
         <load_address>0x20007e4e</load_address>
         <run_address>0x20007e4e</run_address>
         <size>0xc</size>
         <input_file_ref idref="fl-df"/>
      </object_component>
      <object_component id="oc-d2">
         <name>.text:IntMasterEnable</name>
         <load_address>0x20007e5a</load_address>
         <run_address>0x20007e5a</run_address>
         <size>0xa</size>
         <input_file_ref idref="fl-10"/>
      </object_component>
      <object_component id="oc-2e6">
         <name>.text:__aeabi_errno_addr</name>
         <load_address>0x20007e64</load_address>
         <run_address>0x20007e64</run_address>
         <size>0x8</size>
         <input_file_ref idref="fl-ef"/>
      </object_component>
      <object_component id="oc-474">
         <name>.text:malloc</name>
         <load_address>0x20007e6c</load_address>
         <run_address>0x20007e6c</run_address>
         <size>0x8</size>
         <input_file_ref idref="fl-ea"/>
      </object_component>
      <object_component id="oc-cb">
         <name>.text:UtilsDelay</name>
         <load_address>0x20007e74</load_address>
         <run_address>0x20007e74</run_address>
         <size>0x6</size>
         <input_file_ref idref="fl-14"/>
      </object_component>
      <object_component id="oc-232">
         <name>.text:_outc</name>
         <load_address>0x20007e7a</load_address>
         <run_address>0x20007e7a</run_address>
         <size>0x4</size>
         <input_file_ref idref="fl-cc"/>
      </object_component>
      <object_component id="oc-22c">
         <name>.text:_outs</name>
         <load_address>0x20007e7e</load_address>
         <run_address>0x20007e7e</run_address>
         <size>0x4</size>
         <input_file_ref idref="fl-cc"/>
      </object_component>
      <object_component id="oc-91">
         <name>.text:_system_pre_init</name>
         <load_address>0x20007e82</load_address>
         <run_address>0x20007e82</run_address>
         <size>0x4</size>
         <input_file_ref idref="fl-f9"/>
      </object_component>
      <object_component id="oc-116">
         <name>.text:abort:abort</name>
         <load_address>0x20007e86</load_address>
         <run_address>0x20007e86</run_address>
         <size>0x4</size>
         <input_file_ref idref="fl-e2"/>
      </object_component>
      <object_component id="oc-34f">
         <name>.const:.string:_ctypes_</name>
         <load_address>0x20007e8c</load_address>
         <run_address>0x20007e8c</run_address>
         <size>0x101</size>
         <input_file_ref idref="fl-e6"/>
      </object_component>
      <object_component id="oc-348">
         <name>.const:g_ulPinToPadMap</name>
         <load_address>0x20007f90</load_address>
         <run_address>0x20007f90</run_address>
         <size>0x100</size>
         <input_file_ref idref="fl-11"/>
      </object_component>
      <object_component id="oc-25f">
         <name>.const:g_pulRegs</name>
         <load_address>0x20008090</load_address>
         <run_address>0x20008090</run_address>
         <size>0xd4</size>
         <input_file_ref idref="fl-10"/>
      </object_component>
      <object_component id="oc-286">
         <name>.const:PRCM_PeriphRegsList</name>
         <load_address>0x20008164</load_address>
         <run_address>0x20008164</run_address>
         <size>0xa8</size>
         <input_file_ref idref="fl-12"/>
      </object_component>
      <object_component id="oc-191">
         <name>.const:g_pulEnRegs</name>
         <load_address>0x2000820c</load_address>
         <run_address>0x2000820c</run_address>
         <size>0x18</size>
         <input_file_ref idref="fl-10"/>
      </object_component>
      <object_component id="oc-5b0">
         <name>.cinit..data.load</name>
         <load_address>0x20008228</load_address>
         <run_address>0x20008228</run_address>
         <size>0x7e</size>
      </object_component>
      <object_component id="oc-5ae">
         <name>__TI_handler_table</name>
         <load_address>0x200082a8</load_address>
         <run_address>0x200082a8</run_address>
         <size>0xc</size>
      </object_component>
      <object_component id="oc-5b1">
         <name>.cinit..bss.load</name>
         <load_address>0x200082b8</load_address>
         <run_address>0x200082b8</run_address>
         <size>0x8</size>
      </object_component>
      <object_component id="oc-5af">
         <name>__TI_cinit_table</name>
         <load_address>0x200082c0</load_address>
         <run_address>0x200082c0</run_address>
         <size>0x10</size>
      </object_component>
      <object_component id="oc-180">
         <name>.data:ulReg</name>
         <load_address>0x20021b88</load_address>
         <run_address>0x20021b88</run_address>
         <size>0x14</size>
         <input_file_ref idref="fl-3"/>
      </object_component>
      <object_component id="oc-178">
         <name>.data</name>
         <load_address>0x20021bb8</load_address>
         <run_address>0x20021bb8</run_address>
         <size>0xc</size>
         <input_file_ref idref="fl-3"/>
      </object_component>
      <object_component id="oc-10d">
         <name>.data</name>
         <load_address>0x20021bd8</load_address>
         <run_address>0x20021bd8</run_address>
         <size>0x1</size>
         <input_file_ref idref="fl-5"/>
      </object_component>
      <object_component id="oc-242">
         <name>.data:$O1$$</name>
         <load_address>0x20021bac</load_address>
         <run_address>0x20021bac</run_address>
         <size>0xc</size>
         <input_file_ref idref="fl-e2"/>
      </object_component>
      <object_component id="oc-226">
         <name>.data:$O1$$</name>
         <load_address>0x20021bc4</load_address>
         <run_address>0x20021bc4</run_address>
         <size>0x8</size>
         <input_file_ref idref="fl-e3"/>
      </object_component>
      <object_component id="oc-229">
         <name>.data:_ftable</name>
         <load_address>0x200219d0</load_address>
         <run_address>0x200219d0</run_address>
         <size>0xf0</size>
         <input_file_ref idref="fl-e7"/>
      </object_component>
      <object_component id="oc-4bd">
         <name>.data</name>
         <load_address>0x20021b9c</load_address>
         <run_address>0x20021b9c</run_address>
         <size>0x10</size>
         <input_file_ref idref="fl-e7"/>
      </object_component>
      <object_component id="oc-4f3">
         <name>.data:$O1$$</name>
         <load_address>0x20021bcc</load_address>
         <run_address>0x20021bcc</run_address>
         <size>0x8</size>
         <input_file_ref idref="fl-ea"/>
      </object_component>
      <object_component id="oc-48d">
         <name>.data:_device</name>
         <load_address>0x20021ac0</load_address>
         <run_address>0x20021ac0</run_address>
         <size>0x78</size>
         <input_file_ref idref="fl-ee"/>
      </object_component>
      <object_component id="oc-44a">
         <name>.data:_stream</name>
         <load_address>0x20021b38</load_address>
         <run_address>0x20021b38</run_address>
         <size>0x50</size>
         <input_file_ref idref="fl-ee"/>
      </object_component>
      <object_component id="oc-3b6">
         <name>.data</name>
         <load_address>0x20021bd4</load_address>
         <run_address>0x20021bd4</run_address>
         <size>0x4</size>
         <input_file_ref idref="fl-ef"/>
      </object_component>
      <object_component id="oc-541">
         <name>.bss:_CIOBUF_</name>
         <uninitialized>true</uninitialized>
         <run_address>0x20021000</run_address>
         <size>0x120</size>
         <input_file_ref idref="fl-103"/>
      </object_component>
      <object_component id="oc-17b">
         <name>.common:g_ucLED1Pin</name>
         <uninitialized>true</uninitialized>
         <run_address>0x200211c8</run_address>
         <size>0x1</size>
      </object_component>
      <object_component id="oc-17e">
         <name>.common:g_ucLED2Pin</name>
         <uninitialized>true</uninitialized>
         <run_address>0x200211c9</run_address>
         <size>0x1</size>
      </object_component>
      <object_component id="oc-17f">
         <name>.common:g_ucLED3Pin</name>
         <uninitialized>true</uninitialized>
         <run_address>0x200211ca</run_address>
         <size>0x1</size>
      </object_component>
      <object_component id="oc-21b">
         <name>.common:pulAdcSamples</name>
         <uninitialized>true</uninitialized>
         <run_address>0x2001d000</run_address>
         <size>0x4000</size>
      </object_component>
      <object_component id="oc-50b">
         <name>.common:__TI_tmpnams</name>
         <uninitialized>true</uninitialized>
         <run_address>0x20021120</run_address>
         <size>0xa0</size>
      </object_component>
      <object_component id="oc-51c">
         <name>.common:parmbuf</name>
         <uninitialized>true</uninitialized>
         <run_address>0x200211c0</run_address>
         <size>0x8</size>
      </object_component>
      <object_component id="oc-23">
         <name>.sysmem</name>
         <uninitialized>true</uninitialized>
         <run_address>0x200211d0</run_address>
         <size>0x10</size>
         <input_file_ref idref="fl-ea"/>
      </object_component>
      <object_component id="oc-5b4">
         <name>.sysmem</name>
         <uninitialized>true</uninitialized>
         <run_address>0x200211d0</run_address>
         <size>0x0</size>
      </object_component>
      <object_component id="oc-26">
         <name>.stack</name>
         <uninitialized>true</uninitialized>
         <run_address>0x2003f800</run_address>
         <size>0x4</size>
         <input_file_ref idref="fl-f0"/>
      </object_component>
      <object_component id="oc-5b3">
         <name>.stack</name>
         <uninitialized>true</uninitialized>
         <run_address>0x2003f800</run_address>
         <size>0x0</size>
      </object_component>
      <object_component id="oc-343">
         <name>.debug_info</name>
         <load_address>0x0</load_address>
         <run_address>0x0</run_address>
         <size>0x62</size>
         <input_file_ref idref="fl-2"/>
      </object_component>
      <object_component id="oc-38">
         <name>.debug_info</name>
         <load_address>0x62</load_address>
         <run_address>0x62</run_address>
         <size>0x84</size>
         <input_file_ref idref="fl-2"/>
      </object_component>
      <object_component id="oc-18c">
         <name>.debug_info</name>
         <load_address>0xe6</load_address>
         <run_address>0xe6</run_address>
         <size>0x2c</size>
         <input_file_ref idref="fl-2"/>
      </object_component>
      <object_component id="oc-17c">
         <name>.debug_info</name>
         <load_address>0x112</load_address>
         <run_address>0x112</run_address>
         <size>0x36e</size>
         <input_file_ref idref="fl-3"/>
      </object_component>
      <object_component id="oc-181">
         <name>.debug_info</name>
         <load_address>0x480</load_address>
         <run_address>0x480</run_address>
         <size>0x10e</size>
         <input_file_ref idref="fl-3"/>
      </object_component>
      <object_component id="oc-179">
         <name>.debug_info</name>
         <load_address>0x58e</load_address>
         <run_address>0x58e</run_address>
         <size>0x16f</size>
         <input_file_ref idref="fl-3"/>
      </object_component>
      <object_component id="oc-c7">
         <name>.debug_info</name>
         <load_address>0x6fd</load_address>
         <run_address>0x6fd</run_address>
         <size>0xf13</size>
         <input_file_ref idref="fl-3"/>
      </object_component>
      <object_component id="oc-278">
         <name>.debug_info</name>
         <load_address>0x1610</load_address>
         <run_address>0x1610</run_address>
         <size>0x26b</size>
         <input_file_ref idref="fl-3"/>
      </object_component>
      <object_component id="oc-31b">
         <name>.debug_info</name>
         <load_address>0x187b</load_address>
         <run_address>0x187b</run_address>
         <size>0x2a4</size>
         <input_file_ref idref="fl-3"/>
      </object_component>
      <object_component id="oc-23a">
         <name>.debug_info</name>
         <load_address>0x1b1f</load_address>
         <run_address>0x1b1f</run_address>
         <size>0x2c</size>
         <input_file_ref idref="fl-3"/>
      </object_component>
      <object_component id="oc-21c">
         <name>.debug_info</name>
         <load_address>0x1b4b</load_address>
         <run_address>0x1b4b</run_address>
         <size>0x2ce</size>
         <input_file_ref idref="fl-4"/>
      </object_component>
      <object_component id="oc-ff">
         <name>.debug_info</name>
         <load_address>0x1e19</load_address>
         <run_address>0x1e19</run_address>
         <size>0x277</size>
         <input_file_ref idref="fl-4"/>
      </object_component>
      <object_component id="oc-10e">
         <name>.debug_info</name>
         <load_address>0x2090</load_address>
         <run_address>0x2090</run_address>
         <size>0xf3</size>
         <input_file_ref idref="fl-5"/>
      </object_component>
      <object_component id="oc-98">
         <name>.debug_info</name>
         <load_address>0x2183</load_address>
         <run_address>0x2183</run_address>
         <size>0x484</size>
         <input_file_ref idref="fl-5"/>
      </object_component>
      <object_component id="oc-111">
         <name>.debug_info</name>
         <load_address>0x2607</load_address>
         <run_address>0x2607</run_address>
         <size>0x8b</size>
         <input_file_ref idref="fl-5"/>
      </object_component>
      <object_component id="oc-ec">
         <name>.debug_info</name>
         <load_address>0x2692</load_address>
         <run_address>0x2692</run_address>
         <size>0x2d2</size>
         <input_file_ref idref="fl-6"/>
      </object_component>
      <object_component id="oc-31">
         <name>.debug_info</name>
         <load_address>0x2964</load_address>
         <run_address>0x2964</run_address>
         <size>0x1a2</size>
         <input_file_ref idref="fl-7"/>
      </object_component>
      <object_component id="oc-13">
         <name>.debug_info</name>
         <load_address>0x2b06</load_address>
         <run_address>0x2b06</run_address>
         <size>0x121</size>
         <input_file_ref idref="fl-7"/>
      </object_component>
      <object_component id="oc-2a">
         <name>.debug_info</name>
         <load_address>0x2c27</load_address>
         <run_address>0x2c27</run_address>
         <size>0x442</size>
         <input_file_ref idref="fl-7"/>
      </object_component>
      <object_component id="oc-1f2">
         <name>.debug_info</name>
         <load_address>0x3069</load_address>
         <run_address>0x3069</run_address>
         <size>0x176</size>
         <input_file_ref idref="fl-e"/>
      </object_component>
      <object_component id="oc-1f8">
         <name>.debug_info</name>
         <load_address>0x31df</load_address>
         <run_address>0x31df</run_address>
         <size>0x1cd</size>
         <input_file_ref idref="fl-e"/>
      </object_component>
      <object_component id="oc-20a">
         <name>.debug_info</name>
         <load_address>0x33ac</load_address>
         <run_address>0x33ac</run_address>
         <size>0x1cf</size>
         <input_file_ref idref="fl-e"/>
      </object_component>
      <object_component id="oc-1e4">
         <name>.debug_info</name>
         <load_address>0x357b</load_address>
         <run_address>0x357b</run_address>
         <size>0x1c6</size>
         <input_file_ref idref="fl-e"/>
      </object_component>
      <object_component id="oc-1ea">
         <name>.debug_info</name>
         <load_address>0x3741</load_address>
         <run_address>0x3741</run_address>
         <size>0x183</size>
         <input_file_ref idref="fl-e"/>
      </object_component>
      <object_component id="oc-1fc">
         <name>.debug_info</name>
         <load_address>0x38c4</load_address>
         <run_address>0x38c4</run_address>
         <size>0x1d6</size>
         <input_file_ref idref="fl-e"/>
      </object_component>
      <object_component id="oc-203">
         <name>.debug_info</name>
         <load_address>0x3a9a</load_address>
         <run_address>0x3a9a</run_address>
         <size>0x1d2</size>
         <input_file_ref idref="fl-e"/>
      </object_component>
      <object_component id="oc-270">
         <name>.debug_info</name>
         <load_address>0x3c6c</load_address>
         <run_address>0x3c6c</run_address>
         <size>0x1e0</size>
         <input_file_ref idref="fl-f"/>
      </object_component>
      <object_component id="oc-266">
         <name>.debug_info</name>
         <load_address>0x3e4c</load_address>
         <run_address>0x3e4c</run_address>
         <size>0x19e</size>
         <input_file_ref idref="fl-f"/>
      </object_component>
      <object_component id="oc-1c5">
         <name>.debug_info</name>
         <load_address>0x3fea</load_address>
         <run_address>0x3fea</run_address>
         <size>0x1dd</size>
         <input_file_ref idref="fl-f"/>
      </object_component>
      <object_component id="oc-157">
         <name>.debug_info</name>
         <load_address>0x41c7</load_address>
         <run_address>0x41c7</run_address>
         <size>0x1e8</size>
         <input_file_ref idref="fl-f"/>
      </object_component>
      <object_component id="oc-16f">
         <name>.debug_info</name>
         <load_address>0x43af</load_address>
         <run_address>0x43af</run_address>
         <size>0x1bf</size>
         <input_file_ref idref="fl-f"/>
      </object_component>
      <object_component id="oc-16a">
         <name>.debug_info</name>
         <load_address>0x456e</load_address>
         <run_address>0x456e</run_address>
         <size>0x1bd</size>
         <input_file_ref idref="fl-f"/>
      </object_component>
      <object_component id="oc-164">
         <name>.debug_info</name>
         <load_address>0x472b</load_address>
         <run_address>0x472b</run_address>
         <size>0x208</size>
         <input_file_ref idref="fl-f"/>
      </object_component>
      <object_component id="oc-e8">
         <name>.debug_info</name>
         <load_address>0x4933</load_address>
         <run_address>0x4933</run_address>
         <size>0x1af</size>
         <input_file_ref idref="fl-f"/>
      </object_component>
      <object_component id="oc-176">
         <name>.debug_info</name>
         <load_address>0x4ae2</load_address>
         <run_address>0x4ae2</run_address>
         <size>0x1d4</size>
         <input_file_ref idref="fl-f"/>
      </object_component>
      <object_component id="oc-282">
         <name>.debug_info</name>
         <load_address>0x4cb6</load_address>
         <run_address>0x4cb6</run_address>
         <size>0x201</size>
         <input_file_ref idref="fl-10"/>
      </object_component>
      <object_component id="oc-260">
         <name>.debug_info</name>
         <load_address>0x4eb7</load_address>
         <run_address>0x4eb7</run_address>
         <size>0xf0</size>
         <input_file_ref idref="fl-10"/>
      </object_component>
      <object_component id="oc-192">
         <name>.debug_info</name>
         <load_address>0x4fa7</load_address>
         <run_address>0x4fa7</run_address>
         <size>0xf4</size>
         <input_file_ref idref="fl-10"/>
      </object_component>
      <object_component id="oc-d4">
         <name>.debug_info</name>
         <load_address>0x509b</load_address>
         <run_address>0x509b</run_address>
         <size>0x17c</size>
         <input_file_ref idref="fl-10"/>
      </object_component>
      <object_component id="oc-ce">
         <name>.debug_info</name>
         <load_address>0x5217</load_address>
         <run_address>0x5217</run_address>
         <size>0x1ae</size>
         <input_file_ref idref="fl-10"/>
      </object_component>
      <object_component id="oc-26a">
         <name>.debug_info</name>
         <load_address>0x53c5</load_address>
         <run_address>0x53c5</run_address>
         <size>0x1f8</size>
         <input_file_ref idref="fl-10"/>
      </object_component>
      <object_component id="oc-15b">
         <name>.debug_info</name>
         <load_address>0x55bd</load_address>
         <run_address>0x55bd</run_address>
         <size>0x1fa</size>
         <input_file_ref idref="fl-10"/>
      </object_component>
      <object_component id="oc-d9">
         <name>.debug_info</name>
         <load_address>0x57b7</load_address>
         <run_address>0x57b7</run_address>
         <size>0x19f</size>
         <input_file_ref idref="fl-10"/>
      </object_component>
      <object_component id="oc-3fb">
         <name>.debug_info</name>
         <load_address>0x5956</load_address>
         <run_address>0x5956</run_address>
         <size>0x14e</size>
         <input_file_ref idref="fl-11"/>
      </object_component>
      <object_component id="oc-349">
         <name>.debug_info</name>
         <load_address>0x5aa4</load_address>
         <run_address>0x5aa4</run_address>
         <size>0xf6</size>
         <input_file_ref idref="fl-11"/>
      </object_component>
      <object_component id="oc-295">
         <name>.debug_info</name>
         <load_address>0x5b9a</load_address>
         <run_address>0x5b9a</run_address>
         <size>0x1bf</size>
         <input_file_ref idref="fl-11"/>
      </object_component>
      <object_component id="oc-28f">
         <name>.debug_info</name>
         <load_address>0x5d59</load_address>
         <run_address>0x5d59</run_address>
         <size>0x20d</size>
         <input_file_ref idref="fl-11"/>
      </object_component>
      <object_component id="oc-1c9">
         <name>.debug_info</name>
         <load_address>0x5f66</load_address>
         <run_address>0x5f66</run_address>
         <size>0x1d4</size>
         <input_file_ref idref="fl-11"/>
      </object_component>
      <object_component id="oc-1bd">
         <name>.debug_info</name>
         <load_address>0x613a</load_address>
         <run_address>0x613a</run_address>
         <size>0x222</size>
         <input_file_ref idref="fl-11"/>
      </object_component>
      <object_component id="oc-1cf">
         <name>.debug_info</name>
         <load_address>0x635c</load_address>
         <run_address>0x635c</run_address>
         <size>0x1c1</size>
         <input_file_ref idref="fl-11"/>
      </object_component>
      <object_component id="oc-28b">
         <name>.debug_info</name>
         <load_address>0x651d</load_address>
         <run_address>0x651d</run_address>
         <size>0x25e</size>
         <input_file_ref idref="fl-12"/>
      </object_component>
      <object_component id="oc-287">
         <name>.debug_info</name>
         <load_address>0x677b</load_address>
         <run_address>0x677b</run_address>
         <size>0xff</size>
         <input_file_ref idref="fl-12"/>
      </object_component>
      <object_component id="oc-196">
         <name>.debug_info</name>
         <load_address>0x687a</load_address>
         <run_address>0x687a</run_address>
         <size>0x1a6</size>
         <input_file_ref idref="fl-12"/>
      </object_component>
      <object_component id="oc-1a8">
         <name>.debug_info</name>
         <load_address>0x6a20</load_address>
         <run_address>0x6a20</run_address>
         <size>0x1eb</size>
         <input_file_ref idref="fl-12"/>
      </object_component>
      <object_component id="oc-1b4">
         <name>.debug_info</name>
         <load_address>0x6c0b</load_address>
         <run_address>0x6c0b</run_address>
         <size>0x1ed</size>
         <input_file_ref idref="fl-12"/>
      </object_component>
      <object_component id="oc-f1">
         <name>.debug_info</name>
         <load_address>0x6df8</load_address>
         <run_address>0x6df8</run_address>
         <size>0x216</size>
         <input_file_ref idref="fl-12"/>
      </object_component>
      <object_component id="oc-1ae">
         <name>.debug_info</name>
         <load_address>0x700e</load_address>
         <run_address>0x700e</run_address>
         <size>0x1c0</size>
         <input_file_ref idref="fl-12"/>
      </object_component>
      <object_component id="oc-e0">
         <name>.debug_info</name>
         <load_address>0x71ce</load_address>
         <run_address>0x71ce</run_address>
         <size>0x283</size>
         <input_file_ref idref="fl-12"/>
      </object_component>
      <object_component id="oc-19d">
         <name>.debug_info</name>
         <load_address>0x7451</load_address>
         <run_address>0x7451</run_address>
         <size>0x1bf</size>
         <input_file_ref idref="fl-12"/>
      </object_component>
      <object_component id="oc-1a3">
         <name>.debug_info</name>
         <load_address>0x7610</load_address>
         <run_address>0x7610</run_address>
         <size>0x1d4</size>
         <input_file_ref idref="fl-12"/>
      </object_component>
      <object_component id="oc-f7">
         <name>.debug_info</name>
         <load_address>0x77e4</load_address>
         <run_address>0x77e4</run_address>
         <size>0x25c</size>
         <input_file_ref idref="fl-13"/>
      </object_component>
      <object_component id="oc-1dc">
         <name>.debug_info</name>
         <load_address>0x7a40</load_address>
         <run_address>0x7a40</run_address>
         <size>0x17e</size>
         <input_file_ref idref="fl-13"/>
      </object_component>
      <object_component id="oc-1d6">
         <name>.debug_info</name>
         <load_address>0x7bbe</load_address>
         <run_address>0x7bbe</run_address>
         <size>0x180</size>
         <input_file_ref idref="fl-13"/>
      </object_component>
      <object_component id="oc-188">
         <name>.debug_info</name>
         <load_address>0x7d3e</load_address>
         <run_address>0x7d3e</run_address>
         <size>0x14e</size>
         <input_file_ref idref="fl-15"/>
      </object_component>
      <object_component id="oc-239">
         <name>.debug_info</name>
         <load_address>0x7e8c</load_address>
         <run_address>0x7e8c</run_address>
         <size>0x2b7</size>
         <input_file_ref idref="fl-cc"/>
      </object_component>
      <object_component id="oc-235">
         <name>.debug_info</name>
         <load_address>0x8143</load_address>
         <run_address>0x8143</run_address>
         <size>0x157</size>
         <input_file_ref idref="fl-cc"/>
      </object_component>
      <object_component id="oc-230">
         <name>.debug_info</name>
         <load_address>0x829a</load_address>
         <run_address>0x829a</run_address>
         <size>0x166</size>
         <input_file_ref idref="fl-cc"/>
      </object_component>
      <object_component id="oc-109">
         <name>.debug_info</name>
         <load_address>0x8400</load_address>
         <run_address>0x8400</run_address>
         <size>0x1ac</size>
         <input_file_ref idref="fl-cc"/>
      </object_component>
[...]
         <name>PRCMPeripheralClkEnable</name>
         <value>0x200077a9</value>
         <object_component_ref idref="oc-1a7"/>
      </symbol>
      <symbol id="sm-2d9">
         <name>PRCMPeripheralClockGet</name>
         <value>0x200068b9</value>
         <object_component_ref idref="oc-f0"/>
      </symbol>
      <symbol id="sm-2da">
         <name>PRCMCC3200MCUInit</name>
         <value>0x200057d5</value>
         <object_component_ref idref="oc-de"/>
      </symbol>
      <symbol id="sm-2db">
         <name>PRCMHIBRegWrite</name>
         <value>0x20007d5d</value>
         <object_component_ref idref="oc-1a1"/>
      </symbol>
      <symbol id="sm-2dc">
         <name>PRCMSysResetCauseGet</name>
         <value>0x20007a59</value>
         <object_component_ref idref="oc-195"/>
      </symbol>
      <symbol id="sm-2dd">
         <name>PRCMPeripheralClkDisable</name>
         <value>0x20007ab1</value>
         <object_component_ref idref="oc-1b3"/>
      </symbol>
      <symbol id="sm-2de">
         <name>PRCMHIBRegRead</name>
         <value>0x20007d47</value>
         <object_component_ref idref="oc-19b"/>
      </symbol>
      <symbol id="sm-2fd">
         <name>UARTConfigSetExpClk</name>
         <value>0x20006cfd</value>
         <object_component_ref idref="oc-f6"/>
      </symbol>
      <symbol id="sm-2fe">
         <name>UARTDisable</name>
         <value>0x200079c9</value>
         <object_component_ref idref="oc-1d5"/>
      </symbol>
      <symbol id="sm-2ff">
         <name>UARTEnable</name>
         <value>0x20007b51</value>
         <object_component_ref idref="oc-1db"/>
      </symbol>
      <symbol id="sm-303">
         <name>UtilsDelay</name>
         <value>0x20007e75</value>
         <object_component_ref idref="oc-cb"/>
      </symbol>
      <symbol id="sm-30d">
         <name>CPUcpsie</name>
         <value>0x20007d9d</value>
         <object_component_ref idref="oc-185"/>
      </symbol>
      <symbol id="sm-33a">
         <name>printf</name>
         <value>0x20007005</value>
         <object_component_ref idref="oc-107"/>
      </symbol>
      <symbol id="sm-4a4">
         <name>__TI_printfi</name>
         <value>0x20004401</value>
         <object_component_ref idref="oc-220"/>
      </symbol>
      <symbol id="sm-4b9">
         <name>putc</name>
         <value>0x200069e1</value>
         <object_component_ref idref="oc-30d"/>
      </symbol>
      <symbol id="sm-4ba">
         <name>fputc</name>
         <value>0x200069e1</value>
         <object_component_ref idref="oc-30d"/>
      </symbol>
      <symbol id="sm-4dd">
         <name>fputs</name>
         <value>0x20005dfd</value>
         <object_component_ref idref="oc-306"/>
      </symbol>
      <symbol id="sm-4f5">
         <name>__TI_wrt_ok</name>
         <value>0x200070d1</value>
         <object_component_ref idref="oc-3d1"/>
      </symbol>
      <symbol id="sm-511">
         <name>setvbuf</name>
         <value>0x200062f5</value>
         <object_component_ref idref="oc-43e"/>
      </symbol>
      <symbol id="sm-520">
         <name>__aeabi_memset</name>
         <value>0x20006c85</value>
         <object_component_ref idref="oc-8b"/>
      </symbol>
      <symbol id="sm-521">
         <name>memset</name>
         <value>0x20006c8b</value>
         <object_component_ref idref="oc-8b"/>
      </symbol>
      <symbol id="sm-522">
         <name>__aeabi_memset8</name>
         <value>0x20006c85</value>
         <object_component_ref idref="oc-8b"/>
      </symbol>
      <symbol id="sm-523">
         <name>__aeabi_memset4</name>
         <value>0x20006c85</value>
         <object_component_ref idref="oc-8b"/>
      </symbol>
      <symbol id="sm-524">
         <name>__aeabi_memclr8</name>
         <value>0x20006c83</value>
         <object_component_ref idref="oc-8b"/>
      </symbol>
      <symbol id="sm-525">
         <name>__aeabi_memclr4</name>
         <value>0x20006c83</value>
         <object_component_ref idref="oc-8b"/>
      </symbol>
      <symbol id="sm-526">
         <name>__aeabi_memclr</name>
         <value>0x20006c83</value>
         <object_component_ref idref="oc-8b"/>
      </symbol>
      <symbol id="sm-53d">
         <name>__aeabi_dsub</name>
         <value>0x2000561d</value>
         <object_component_ref idref="oc-37a"/>
      </symbol>
      <symbol id="sm-53e">
         <name>__aeabi_dadd</name>
         <value>0x20005627</value>
         <object_component_ref idref="oc-37a"/>
      </symbol>
      <symbol id="sm-560">
         <name>__aeabi_cdcmpeq</name>
         <value>0x20006af5</value>
         <object_component_ref idref="oc-2bd"/>
      </symbol>
      <symbol id="sm-561">
         <name>__aeabi_cdcmple</name>
         <value>0x20006af5</value>
         <object_component_ref idref="oc-2bd"/>
      </symbol>
      <symbol id="sm-562">
         <name>__aeabi_cdrcmple</name>
         <value>0x20006b7b</value>
         <object_component_ref idref="oc-365"/>
      </symbol>
      <symbol id="sm-576">
         <name>__aeabi_ddiv</name>
         <value>0x20005a89</value>
         <object_component_ref idref="oc-360"/>
      </symbol>
      <symbol id="sm-581">
         <name>__aeabi_dmul</name>
         <value>0x20006019</value>
         <object_component_ref idref="oc-35b"/>
      </symbol>
      <symbol id="sm-58b">
         <name>__aeabi_d2iz</name>
         <value>0x200075d1</value>
         <object_component_ref idref="oc-36a"/>
      </symbol>
      <symbol id="sm-59c">
         <name>__aeabi_fadd</name>
         <value>0x20006119</value>
         <object_component_ref idref="oc-211"/>
      </symbol>
      <symbol id="sm-59d">
         <name>__aeabi_fsub</name>
         <value>0x20006115</value>
         <object_component_ref idref="oc-211"/>
      </symbol>
      <symbol id="sm-5aa">
         <name>__aeabi_fdiv</name>
         <value>0x2000694d</value>
         <object_component_ref idref="oc-216"/>
      </symbol>
      <symbol id="sm-5b5">
         <name>__aeabi_f2d</name>
         <value>0x2000788d</value>
         <object_component_ref idref="oc-102"/>
      </symbol>
      <symbol id="sm-5bf">
         <name>__aeabi_i2d</name>
         <value>0x20007a29</value>
         <object_component_ref idref="oc-375"/>
      </symbol>
      <symbol id="sm-5da">
         <name>memcpy</name>
         <value>0x20006785</value>
         <object_component_ref idref="oc-3d"/>
      </symbol>
      <symbol id="sm-5db">
         <name>__aeabi_memcpy</name>
         <value>0x20006785</value>
         <object_component_ref idref="oc-3d"/>
      </symbol>
      <symbol id="sm-5dc">
         <name>__aeabi_memcpy8</name>
         <value>0x20006785</value>
         <object_component_ref idref="oc-3d"/>
      </symbol>
      <symbol id="sm-5dd">
         <name>__aeabi_memcpy4</name>
         <value>0x20006785</value>
         <object_component_ref idref="oc-3d"/>
      </symbol>
      <symbol id="sm-5e8">
         <name>__aeabi_ui2f</name>
         <value>0x20007b99</value>
         <object_component_ref idref="oc-20c"/>
      </symbol>
      <symbol id="sm-5f5">
         <name>__aeabi_uldivmod</name>
         <value>0x20006821</value>
         <object_component_ref idref="oc-354"/>
      </symbol>
      <symbol id="sm-607">
         <name>__TI_zero_init</name>
         <value>0x20007e4f</value>
         <object_component_ref idref="oc-4f"/>
      </symbol>
      <symbol id="sm-61e">
         <name>__TI_decompress_none</name>
         <value>0x20007e27</value>
         <object_component_ref idref="oc-1b"/>
      </symbol>
      <symbol id="sm-641">
         <name>__TI_decompress_lzss</name>
         <value>0x20006f9d</value>
         <object_component_ref idref="oc-15"/>
      </symbol>
      <symbol id="sm-667">
         <name>C$$EXIT</name>
         <value>0x20007e87</value>
         <object_component_ref idref="oc-116"/>
      </symbol>
      <symbol id="sm-668">
         <name>abort</name>
         <value>0x20007e87</value>
         <object_component_ref idref="oc-116"/>
      </symbol>
      <symbol id="sm-669">
         <name>__TI_dtors_ptr</name>
         <value>0x20021bb0</value>
         <object_component_ref idref="oc-242"/>
      </symbol>
      <symbol id="sm-66a">
         <name>__TI_cleanup_ptr</name>
         <value>0x20021bac</value>
         <object_component_ref idref="oc-242"/>
      </symbol>
      <symbol id="sm-66b">
         <name>__TI_enable_exit_profile_output</name>
         <value>0x20021bb4</value>
         <object_component_ref idref="oc-242"/>
      </symbol>
      <symbol id="sm-66c">
         <name>exit</name>
         <value>0x20007589</value>
         <object_component_ref idref="oc-11c"/>
      </symbol>
      <symbol id="sm-681">
         <name>_nop</name>
         <value>0x20004e4f</value>
         <object_component_ref idref="oc-2f8"/>
      </symbol>
      <symbol id="sm-682">
         <name>_lock</name>
         <value>0x20021bc4</value>
         <object_component_ref idref="oc-226"/>
      </symbol>
      <symbol id="sm-683">
         <name>_unlock</name>
         <value>0x20021bc8</value>
         <object_component_ref idref="oc-226"/>
      </symbol>
      <symbol id="sm-692">
         <name>__TI_ltoa</name>
         <value>0x20007401</value>
         <object_component_ref idref="oc-36f"/>
      </symbol>
      <symbol id="sm-6a8">
         <name>atoi</name>
         <value>0x200074f5</value>
         <object_component_ref idref="oc-2b1"/>
      </symbol>
      <symbol id="sm-6b3">
         <name>_ctypes_</name>
         <value>0x20007e8c</value>
         <object_component_ref idref="oc-34f"/>
      </symbol>
      <symbol id="sm-6c8">
         <name>__TI_tmpnams</name>
         <value>0x20021120</value>
      </symbol>
      <symbol id="sm-6c9">
         <name>__aeabi_stdout</name>
         <value>0x20021ba4</value>
         <object_component_ref idref="oc-4bd"/>
      </symbol>
      <symbol id="sm-6ca">
         <name>__aeabi_stderr</name>
         <value>0x20021ba8</value>
         <object_component_ref idref="oc-4bd"/>
      </symbol>
      <symbol id="sm-6cb">
         <name>__aeabi_stdin</name>
         <value>0x20021ba0</value>
         <object_component_ref idref="oc-4bd"/>
      </symbol>
      <symbol id="sm-6cc">
         <name>_ftable</name>
         <value>0x200219d0</value>
         <object_component_ref idref="oc-229"/>
      </symbol>
      <symbol id="sm-6cd">
         <name>__TI_ft_end</name>
         <value>0x20021b9c</value>
         <object_component_ref idref="oc-4bd"/>
      </symbol>
      <symbol id="sm-6dd">
         <name>memccpy</name>
         <value>0x20007c99</value>
         <object_component_ref idref="oc-2da"/>
      </symbol>
      <symbol id="sm-6ed">
         <name>memchr</name>
         <value>0x20007c21</value>
         <object_component_ref idref="oc-3d7"/>
      </symbol>
      <symbol id="sm-776">
         <name>_sys_memory</name>
         <value>0x200211d0</value>
         <object_component_ref idref="oc-23"/>
      </symbol>
      <symbol id="sm-777">
         <name>free</name>
         <value>0x20006211</value>
         <object_component_ref idref="oc-46e"/>
      </symbol>
      <symbol id="sm-778">
         <name>memalign</name>
         <value>0x20005f11</value>
         <object_component_ref idref="oc-4b0"/>
      </symbol>
      <symbol id="sm-779">
         <name>malloc</name>
         <value>0x20007e6d</value>
         <object_component_ref idref="oc-474"/>
      </symbol>
      <symbol id="sm-77a">
         <name>aligned_alloc</name>
         <value>0x20005f11</value>
         <object_component_ref idref="oc-4b0"/>
      </symbol>
      <symbol id="sm-78a">
         <name>strchr</name>
         <value>0x20007d73</value>
         <object_component_ref idref="oc-3a6"/>
      </symbol>
      <symbol id="sm-798">
         <name>strlen</name>
         <value>0x20007e01</value>
         <object_component_ref idref="oc-2ab"/>
      </symbol>
      <symbol id="sm-7b2">
         <name>write</name>
         <value>0x20007b29</value>
         <object_component_ref idref="oc-3e3"/>
      </symbol>
      <symbol id="sm-7c3">
         <name>_stream</name>
         <value>0x20021b38</value>
         <object_component_ref idref="oc-44a"/>
      </symbol>
      <symbol id="sm-7c4">
         <name>_device</name>
         <value>0x20021ac0</value>
         <object_component_ref idref="oc-48d"/>
      </symbol>
      <symbol id="sm-7da">
         <name>__aeabi_errno_addr</name>
         <value>0x20007e65</value>
         <object_component_ref idref="oc-2e6"/>
      </symbol>
      <symbol id="sm-7db">
         <name>errno</name>
         <value>0x20021bd4</value>
         <object_component_ref idref="oc-3b6"/>
      </symbol>
      <symbol id="sm-7ed">
         <name>__stack</name>
         <value>0x2003f800</value>
         <object_component_ref idref="oc-26"/>
      </symbol>
      <symbol id="sm-7ee">
         <name>_c_int00_noargs</name>
         <value>0x20007b75</value>
         <object_component_ref idref="oc-5b"/>
      </symbol>
      <symbol id="sm-80e">
         <name>frexpl</name>
         <value>0x200071f1</value>
         <object_component_ref idref="oc-39a"/>
      </symbol>
      <symbol id="sm-80f">
         <name>frexp</name>
         <value>0x200071f1</value>
         <object_component_ref idref="oc-39a"/>
      </symbol>
      <symbol id="sm-82d">
         <name>scalbn</name>
         <value>0x200063d1</value>
         <object_component_ref idref="oc-3a0"/>
      </symbol>
      <symbol id="sm-82e">
         <name>scalbnl</name>
         <value>0x200063d1</value>
         <object_component_ref idref="oc-3a0"/>
      </symbol>
      <symbol id="sm-82f">
         <name>ldexpl</name>
         <value>0x200063d1</value>
         <object_component_ref idref="oc-3a0"/>
      </symbol>
      <symbol id="sm-830">
         <name>ldexp</name>
         <value>0x200063d1</value>
         <object_component_ref idref="oc-3a0"/>
      </symbol>
      <symbol id="sm-849">
         <name>wcslen</name>
         <value>0x20007e15</value>
         <object_component_ref idref="oc-2e0"/>
      </symbol>
      <symbol id="sm-859">
         <name>__TI_doflush</name>
         <value>0x200074a7</value>
         <object_component_ref idref="oc-3dd"/>
      </symbol>
      <symbol id="sm-869">
         <name>__TI_cleanup</name>
         <value>0x20007931</value>
         <object_component_ref idref="oc-47a"/>
      </symbol>
      <symbol id="sm-87b">
         <name>fseek</name>
         <value>0x2000706d</value>
         <object_component_ref idref="oc-438"/>
      </symbol>
      <symbol id="sm-885">
         <name>__aeabi_idiv0</name>
         <value>0x200057d3</value>
         <object_component_ref idref="oc-403"/>
      </symbol>
      <symbol id="sm-886">
         <name>__aeabi_ldiv0</name>
         <value>0x200057d3</value>
         <object_component_ref idref="oc-403"/>
      </symbol>
      <symbol id="sm-8ae">
         <name>__TI_auto_init_nobinit_nopinit</name>
         <value>0x200076a1</value>
         <object_component_ref idref="oc-122"/>
      </symbol>
      <symbol id="sm-8b8">
         <name>_system_pre_init</name>
         <value>0x20007e83</value>
         <object_component_ref idref="oc-91"/>
      </symbol>
      <symbol id="sm-8cb">
         <name>HOSTclose</name>
         <value>0x20007619</value>
         <object_component_ref idref="oc-4c9"/>
      </symbol>
      <symbol id="sm-8dc">
         <name>HOSTlseek</name>
         <value>0x20006f35</value>
         <object_component_ref idref="oc-4db"/>
      </symbol>
      <symbol id="sm-8ee">
         <name>parmbuf</name>
         <value>0x200211c0</value>
      </symbol>
      <symbol id="sm-8ef">
         <name>HOSTopen</name>
         <value>0x20007135</value>
         <object_component_ref idref="oc-4c3"/>
      </symbol>
      <symbol id="sm-900">
         <name>HOSTread</name>
         <value>0x2000724d</value>
         <object_component_ref idref="oc-4cf"/>
      </symbol>
      <symbol id="sm-911">
         <name>HOSTrename</name>
         <value>0x20006ec9</value>
         <object_component_ref idref="oc-4e7"/>
      </symbol>
      <symbol id="sm-922">
         <name>HOSTunlink</name>
         <value>0x2000765d</value>
         <object_component_ref idref="oc-4e1"/>
      </symbol>
      <symbol id="sm-933">
         <name>HOSTwrite</name>
         <value>0x200072a5</value>
         <object_component_ref idref="oc-4d5"/>
      </symbol>
      <symbol id="sm-957">
         <name>__TI_readmsg</name>
         <value>0x20007965</value>
         <object_component_ref idref="oc-516"/>
      </symbol>
      <symbol id="sm-958">
         <name>C$$IO$$</name>
         <value>0x20007883</value>
         <object_component_ref idref="oc-510"/>
      </symbol>
      <symbol id="sm-959">
         <name>__CIOBUF_</name>
         <value>0x20021000</value>
         <object_component_ref idref="oc-541"/>
      </symbol>
      <symbol id="sm-95a">
         <name>__TI_writemsg</name>
         <value>0x20007855</value>
         <object_component_ref idref="oc-510"/>
      </symbol>
      <symbol id="sm-96b">
         <name>lseek</name>
         <value>0x20007b01</value>
         <object_component_ref idref="oc-466"/>
      </symbol>
      <symbol id="sm-975">
         <name>copysign</name>
         <value>0x20007e43</value>
         <object_component_ref idref="oc-41c"/>
      </symbol>
      <symbol id="sm-976">
         <name>copysignl</name>
         <value>0x20007e43</value>
         <object_component_ref idref="oc-41c"/>
      </symbol>
      <symbol id="sm-98b">
         <name>__TI_closefile</name>
         <value>0x20006d75</value>
         <object_component_ref idref="oc-4b7"/>
      </symbol>
      <symbol id="sm-9ae">
         <name>finddevice</name>
         <value>0x200079f9</value>
         <object_component_ref idref="oc-55f"/>
      </symbol>
      <symbol id="sm-9af">
         <name>getdevice</name>
         <value>0x200076e5</value>
         <object_component_ref idref="oc-537"/>
      </symbol>
      <symbol id="sm-9be">
         <name>strcmp</name>
         <value>0x20007d19</value>
         <object_component_ref idref="oc-576"/>
      </symbol>
      <symbol id="sm-9cc">
         <name>strcpy</name>
         <value>0x20007ded</value>
         <object_component_ref idref="oc-52a"/>
      </symbol>
      <symbol id="sm-9dc">
         <name>strncpy</name>
         <value>0x200078fb</value>
         <object_component_ref idref="oc-559"/>
      </symbol>
      <symbol id="sm-9f1">
         <name>close</name>
         <value>0x20007195</value>
         <object_component_ref idref="oc-4ff"/>
      </symbol>
      <symbol id="sm-a01">
         <name>unlink</name>
         <value>0x20007a85</value>
         <object_component_ref idref="oc-505"/>
      </symbol>
      <symbol id="sm-a02">
         <name>__TI_static_base__</name>
         <value>0x20008228</value>
      </symbol>
      <symbol id="sm-a05">
         <name>__mpu_init</name>
         <value>0x0</value>
      </symbol>
      <symbol id="sm-a06">
         <name>_system_post_cinit</name>
         <value>0x0</value>
      </symbol>
      <symbol id="sm-a07">
         <name>remove</name>
         <value>0x20007a85</value>
      </symbol>
   </symbol_table>
   <title>Link successful</title>
</link_info>
