<?xml version="1.0" encoding="ISO-8859-1" ?>
<link_info>
   <banner>TI ARM Linker PC v20.2.1.LTS</banner>
   <copyright>Copyright (c) 1996-2018 Texas Instruments Incorporated</copyright>
   <link_time>0x5fcc3c76</link_time>
   <link_errors>0x0</link_errors>
   <output_file>test.out</output_file>
   <entry_point>
      <name>_c_int00</name>
      <address>0x440c</address>
   </entry_point>
   <input_file_list>
      <input_file id="fl-2">
         <path>.\</path>
         <kind>object</kind>
         <file>main.obj</file>
         <name>main.obj</name>
      </input_file>
      <input_file id="fl-5">
         <kind>object</kind>
         <file>&lt;internal&gt;</file>
         <name>&lt;internal&gt;</name>
      </input_file>
      <input_file id="fl-bb">
         <path>C:\ti\ccs1011\ccs\tools\compiler\ti-cgt-arm_20.2.1.LTS\lib\</path>
         <kind>archive</kind>
         <file>rtsv4_A_be_eabi.lib</file>
         <name>printf.c.obj</name>
      </input_file>
      <input_file id="fl-bc">
         <path>C:\ti\ccs1011\ccs\tools\compiler\ti-cgt-arm_20.2.1.LTS\lib\</path>
         <kind>archive</kind>
         <file>rtsv4_A_be_eabi.lib</file>
         <name>_printfi.c.obj</name>
      </input_file>
      <input_file id="fl-bd">
         <path>C:\ti\ccs1011\ccs\tools\compiler\ti-cgt-arm_20.2.1.LTS\lib\</path>
         <kind>archive</kind>
         <file>rtsv4_A_be_eabi.lib</file>
         <name>fputc.c.obj</name>
      </input_file>
      <input_file id="fl-be">
         <path>C:\ti\ccs1011\ccs\tools\compiler\ti-cgt-arm_20.2.1.LTS\lib\</path>
         <kind>archive</kind>
         <file>rtsv4_A_be_eabi.lib</file>
         <name>fputs.c.obj</name>
      </input_file>
      <input_file id="fl-bf">
         <path>C:\ti\ccs1011\ccs\tools\compiler\ti-cgt-arm_20.2.1.LTS\lib\</path>
         <kind>archive</kind>
         <file>rtsv4_A_be_eabi.lib</file>
         <name>_io_perm.c.obj</name>
      </input_file>
      <input_file id="fl-c0">
         <path>C:\ti\ccs1011\ccs\tools\compiler\ti-cgt-arm_20.2.1.LTS\lib\</path>
         <kind>archive</kind>
         <file>rtsv4_A_be_eabi.lib</file>
         <name>setvbuf.c.obj</name>
      </input_file>
      <input_file id="fl-c1">
         <path>C:\ti\ccs1011\ccs\tools\compiler\ti-cgt-arm_20.2.1.LTS\lib\</path>
         <kind>archive</kind>
         <file>rtsv4_A_be_eabi.lib</file>
         <name>wcslen.c.obj</name>
      </input_file>
      <input_file id="fl-c2">
         <path>C:\ti\ccs1011\ccs\tools\compiler\ti-cgt-arm_20.2.1.LTS\lib\</path>
         <kind>archive</kind>
         <file>rtsv4_A_be_eabi.lib</file>
         <name>fd_add32.asm.obj</name>
      </input_file>
      <input_file id="fl-c3">
         <path>C:\ti\ccs1011\ccs\tools\compiler\ti-cgt-arm_20.2.1.LTS\lib\</path>
         <kind>archive</kind>
         <file>rtsv4_A_be_eabi.lib</file>
         <name>fd_cmp32.asm.obj</name>
      </input_file>
      <input_file id="fl-c4">
         <path>C:\ti\ccs1011\ccs\tools\compiler\ti-cgt-arm_20.2.1.LTS\lib\</path>
         <kind>archive</kind>
         <file>rtsv4_A_be_eabi.lib</file>
         <name>fd_div32.asm.obj</name>
      </input_file>
      <input_file id="fl-c5">
         <path>C:\ti\ccs1011\ccs\tools\compiler\ti-cgt-arm_20.2.1.LTS\lib\</path>
         <kind>archive</kind>
         <file>rtsv4_A_be_eabi.lib</file>
         <name>fd_mul32.asm.obj</name>
      </input_file>
      <input_file id="fl-c6">
         <path>C:\ti\ccs1011\ccs\tools\compiler\ti-cgt-arm_20.2.1.LTS\lib\</path>
         <kind>archive</kind>
         <file>rtsv4_A_be_eabi.lib</file>
         <name>fd_toi32.asm.obj</name>
      </input_file>
      <input_file id="fl-c7">
         <path>C:\ti\ccs1011\ccs\tools\compiler\ti-cgt-arm_20.2.1.LTS\lib\</path>
         <kind>archive</kind>
         <file>rtsv4_A_be_eabi.lib</file>
         <name>i_tofd32.asm.obj</name>
      </input_file>
      <input_file id="fl-c8">
         <path>C:\ti\ccs1011\ccs\tools\compiler\ti-cgt-arm_20.2.1.LTS\lib\</path>
         <kind>archive</kind>
         <file>rtsv4_A_be_eabi.lib</file>
         <name>memcpy32.asm.obj</name>
      </input_file>
      <input_file id="fl-c9">
         <path>C:\ti\ccs1011\ccs\tools\compiler\ti-cgt-arm_20.2.1.LTS\lib\</path>
         <kind>archive</kind>
         <file>rtsv4_A_be_eabi.lib</file>
         <name>boot_non_cortex_m.asm.obj</name>
      </input_file>
      <input_file id="fl-ca">
         <path>C:\ti\ccs1011\ccs\tools\compiler\ti-cgt-arm_20.2.1.LTS\lib\</path>
         <kind>archive</kind>
         <file>rtsv4_A_be_eabi.lib</file>
         <name>memset32.asm.obj</name>
      </input_file>
      <input_file id="fl-cb">
         <path>C:\ti\ccs1011\ccs\tools\compiler\ti-cgt-arm_20.2.1.LTS\lib\</path>
         <kind>archive</kind>
         <file>rtsv4_A_be_eabi.lib</file>
         <name>ull_div32.asm.obj</name>
      </input_file>
      <input_file id="fl-cc">
         <path>C:\ti\ccs1011\ccs\tools\compiler\ti-cgt-arm_20.2.1.LTS\lib\</path>
         <kind>archive</kind>
         <file>rtsv4_A_be_eabi.lib</file>
         <name>u_div32.asm.obj</name>
      </input_file>
      <input_file id="fl-cd">
         <path>C:\ti\ccs1011\ccs\tools\compiler\ti-cgt-arm_20.2.1.LTS\lib\</path>
         <kind>archive</kind>
         <file>rtsv4_A_be_eabi.lib</file>
         <name>mpu_init.c.obj</name>
      </input_file>
      <input_file id="fl-ce">
         <path>C:\ti\ccs1011\ccs\tools\compiler\ti-cgt-arm_20.2.1.LTS\lib\</path>
         <kind>archive</kind>
         <file>rtsv4_A_be_eabi.lib</file>
         <name>autoinit.c.obj</name>
      </input_file>
      <input_file id="fl-cf">
         <path>C:\ti\ccs1011\ccs\tools\compiler\ti-cgt-arm_20.2.1.LTS\lib\</path>
         <kind>archive</kind>
         <file>rtsv4_A_be_eabi.lib</file>
         <name>pre_init.c.obj</name>
      </input_file>
      <input_file id="fl-d0">
         <path>C:\ti\ccs1011\ccs\tools\compiler\ti-cgt-arm_20.2.1.LTS\lib\</path>
         <kind>archive</kind>
         <file>rtsv4_A_be_eabi.lib</file>
         <name>cpy_tbl.c.obj</name>
      </input_file>
      <input_file id="fl-d1">
         <path>C:\ti\ccs1011\ccs\tools\compiler\ti-cgt-arm_20.2.1.LTS\lib\</path>
         <kind>archive</kind>
         <file>rtsv4_A_be_eabi.lib</file>
         <name>copy_zero_init.c.obj</name>
      </input_file>
      <input_file id="fl-d2">
         <path>C:\ti\ccs1011\ccs\tools\compiler\ti-cgt-arm_20.2.1.LTS\lib\</path>
         <kind>archive</kind>
         <file>rtsv4_A_be_eabi.lib</file>
         <name>copy_decompress_none.c.obj</name>
      </input_file>
      <input_file id="fl-d3">
         <path>C:\ti\ccs1011\ccs\tools\compiler\ti-cgt-arm_20.2.1.LTS\lib\</path>
         <kind>archive</kind>
         <file>rtsv4_A_be_eabi.lib</file>
         <name>copy_decompress_lzss.c.obj</name>
      </input_file>
      <input_file id="fl-d4">
         <path>C:\ti\ccs1011\ccs\tools\compiler\ti-cgt-arm_20.2.1.LTS\lib\</path>
         <kind>archive</kind>
         <file>rtsv4_A_be_eabi.lib</file>
         <name>exit.c.obj</name>
      </input_file>
      <input_file id="fl-d5">
         <path>C:\ti\ccs1011\ccs\tools\compiler\ti-cgt-arm_20.2.1.LTS\lib\</path>
         <kind>archive</kind>
         <file>rtsv4_A_be_eabi.lib</file>
         <name>_lock.c.obj</name>
      </input_file>
      <input_file id="fl-d6">
         <path>C:\ti\ccs1011\ccs\tools\compiler\ti-cgt-arm_20.2.1.LTS\lib\</path>
         <kind>archive</kind>
         <file>rtsv4_A_be_eabi.lib</file>
         <name>_ltoa.c.obj</name>
      </input_file>
      <input_file id="fl-d7">
         <path>C:\ti\ccs1011\ccs\tools\compiler\ti-cgt-arm_20.2.1.LTS\lib\</path>
         <kind>archive</kind>
         <file>rtsv4_A_be_eabi.lib</file>
         <name>args_main.c.obj</name>
      </input_file>
      <input_file id="fl-d8">
         <path>C:\ti\ccs1011\ccs\tools\compiler\ti-cgt-arm_20.2.1.LTS\lib\</path>
         <kind>archive</kind>
         <file>rtsv4_A_be_eabi.lib</file>
         <name>atoi.c.obj</name>
      </input_file>
      <input_file id="fl-d9">
         <path>C:\ti\ccs1011\ccs\tools\compiler\ti-cgt-arm_20.2.1.LTS\lib\</path>
         <kind>archive</kind>
         <file>rtsv4_A_be_eabi.lib</file>
         <name>ctype.c.obj</name>
      </input_file>
      <input_file id="fl-da">
         <path>C:\ti\ccs1011\ccs\tools\compiler\ti-cgt-arm_20.2.1.LTS\lib\</path>
         <kind>archive</kind>
         <file>rtsv4_A_be_eabi.lib</file>
         <name>defs.c.obj</name>
      </input_file>
      <input_file id="fl-db">
         <path>C:\ti\ccs1011\ccs\tools\compiler\ti-cgt-arm_20.2.1.LTS\lib\</path>
         <kind>archive</kind>
         <file>rtsv4_A_be_eabi.lib</file>
         <name>memccpy.c.obj</name>
      </input_file>
      <input_file id="fl-dc">
         <path>C:\ti\ccs1011\ccs\tools\compiler\ti-cgt-arm_20.2.1.LTS\lib\</path>
         <kind>archive</kind>
         <file>rtsv4_A_be_eabi.lib</file>
         <name>memchr.c.obj</name>
      </input_file>
      <input_file id="fl-dd">
         <path>C:\ti\ccs1011\ccs\tools\compiler\ti-cgt-arm_20.2.1.LTS\lib\</path>
         <kind>archive</kind>
         <file>rtsv4_A_be_eabi.lib</file>
         <name>memory.c.obj</name>
      </input_file>
      <input_file id="fl-de">
         <path>C:\ti\ccs1011\ccs\tools\compiler\ti-cgt-arm_20.2.1.LTS\lib\</path>
         <kind>archive</kind>
         <file>rtsv4_A_be_eabi.lib</file>
         <name>strchr.c.obj</name>
      </input_file>
      <input_file id="fl-df">
         <path>C:\ti\ccs1011\ccs\tools\compiler\ti-cgt-arm_20.2.1.LTS\lib\</path>
         <kind>archive</kind>
         <file>rtsv4_A_be_eabi.lib</file>
         <name>strlen.c.obj</name>
      </input_file>
      <input_file id="fl-e0">
         <path>C:\ti\ccs1011\ccs\tools\compiler\ti-cgt-arm_20.2.1.LTS\lib\</path>
         <kind>archive</kind>
         <file>rtsv4_A_be_eabi.lib</file>
         <name>errno.c.obj</name>
      </input_file>
      <input_file id="fl-e1">
         <path>C:\ti\ccs1011\ccs\tools\compiler\ti-cgt-arm_20.2.1.LTS\lib\</path>
         <kind>archive</kind>
         <file>rtsv4_A_be_eabi.lib</file>
         <name>write.c.obj</name>
      </input_file>
      <input_file id="fl-e2">
         <path>C:\ti\ccs1011\ccs\tools\compiler\ti-cgt-arm_20.2.1.LTS\lib\</path>
         <kind>archive</kind>
         <file>rtsv4_A_be_eabi.lib</file>
         <name>host_device.c.obj</name>
      </input_file>
      <input_file id="fl-e3">
         <path>C:\ti\ccs1011\ccs\tools\compiler\ti-cgt-arm_20.2.1.LTS\lib\</path>
         <kind>archive</kind>
         <file>rtsv4_A_be_eabi.lib</file>
         <name>s_frexp.c.obj</name>
      </input_file>
      <input_file id="fl-e4">
         <path>C:\ti\ccs1011\ccs\tools\compiler\ti-cgt-arm_20.2.1.LTS\lib\</path>
         <kind>archive</kind>
         <file>rtsv4_A_be_eabi.lib</file>
         <name>s_scalbn.c.obj</name>
      </input_file>
      <input_file id="fl-e5">
         <path>C:\ti\ccs1011\ccs\tools\compiler\ti-cgt-arm_20.2.1.LTS\lib\</path>
         <kind>archive</kind>
         <file>rtsv4_A_be_eabi.lib</file>
         <name>s_copysign.c.obj</name>
      </input_file>
      <input_file id="fl-e6">
         <path>C:\ti\ccs1011\ccs\tools\compiler\ti-cgt-arm_20.2.1.LTS\lib\</path>
         <kind>archive</kind>
         <file>rtsv4_A_be_eabi.lib</file>
         <name>fflush.c.obj</name>
      </input_file>
      <input_file id="fl-e7">
         <path>C:\ti\ccs1011\ccs\tools\compiler\ti-cgt-arm_20.2.1.LTS\lib\</path>
         <kind>archive</kind>
         <file>rtsv4_A_be_eabi.lib</file>
         <name>fopen.c.obj</name>
      </input_file>
      <input_file id="fl-e8">
         <path>C:\ti\ccs1011\ccs\tools\compiler\ti-cgt-arm_20.2.1.LTS\lib\</path>
         <kind>archive</kind>
         <file>rtsv4_A_be_eabi.lib</file>
         <name>fseek.c.obj</name>
      </input_file>
      <input_file id="fl-e9">
         <path>C:\ti\ccs1011\ccs\tools\compiler\ti-cgt-arm_20.2.1.LTS\lib\</path>
         <kind>archive</kind>
         <file>rtsv4_A_be_eabi.lib</file>
         <name>div0.asm.obj</name>
      </input_file>
      <input_file id="fl-ea">
         <path>C:\ti\ccs1011\ccs\tools\compiler\ti-cgt-arm_20.2.1.LTS\lib\</path>
         <kind>archive</kind>
         <file>rtsv4_A_be_eabi.lib</file>
         <name>i_div32.asm.obj</name>
      </input_file>
      <input_file id="fl-eb">
         <path>C:\ti\ccs1011\ccs\tools\compiler\ti-cgt-arm_20.2.1.LTS\lib\</path>
         <kind>archive</kind>
         <file>rtsv4_A_be_eabi.lib</file>
         <name>hostclose.c.obj</name>
      </input_file>
      <input_file id="fl-ec">
         <path>C:\ti\ccs1011\ccs\tools\compiler\ti-cgt-arm_20.2.1.LTS\lib\</path>
         <kind>archive</kind>
         <file>rtsv4_A_be_eabi.lib</file>
         <name>hostlseek.c.obj</name>
      </input_file>
      <input_file id="fl-ed">
         <path>C:\ti\ccs1011\ccs\tools\compiler\ti-cgt-arm_20.2.1.LTS\lib\</path>
         <kind>archive</kind>
         <file>rtsv4_A_be_eabi.lib</file>
         <name>hostopen.c.obj</name>
      </input_file>
      <input_file id="fl-ee">
         <path>C:\ti\ccs1011\ccs\tools\compiler\ti-cgt-arm_20.2.1.LTS\lib\</path>
         <kind>archive</kind>
         <file>rtsv4_A_be_eabi.lib</file>
         <name>hostread.c.obj</name>
      </input_file>
      <input_file id="fl-ef">
         <path>C:\ti\ccs1011\ccs\tools\compiler\ti-cgt-arm_20.2.1.LTS\lib\</path>
         <kind>archive</kind>
         <file>rtsv4_A_be_eabi.lib</file>
         <name>hostrename.c.obj</name>
      </input_file>
      <input_file id="fl-f0">
         <path>C:\ti\ccs1011\ccs\tools\compiler\ti-cgt-arm_20.2.1.LTS\lib\</path>
         <kind>archive</kind>
         <file>rtsv4_A_be_eabi.lib</file>
         <name>hostunlink.c.obj</name>
      </input_file>
      <input_file id="fl-f1">
         <path>C:\ti\ccs1011\ccs\tools\compiler\ti-cgt-arm_20.2.1.LTS\lib\</path>
         <kind>archive</kind>
         <file>rtsv4_A_be_eabi.lib</file>
         <name>hostwrite.c.obj</name>
      </input_file>
      <input_file id="fl-f2">
         <path>C:\ti\ccs1011\ccs\tools\compiler\ti-cgt-arm_20.2.1.LTS\lib\</path>
         <kind>archive</kind>
         <file>rtsv4_A_be_eabi.lib</file>
         <name>trgmsg.c.obj</name>
      </input_file>
      <input_file id="fl-f3">
         <path>C:\ti\ccs1011\ccs\tools\compiler\ti-cgt-arm_20.2.1.LTS\lib\</path>
         <kind>archive</kind>
         <file>rtsv4_A_be_eabi.lib</file>
         <name>open.c.obj</name>
      </input_file>
      <input_file id="fl-f4">
         <path>C:\ti\ccs1011\ccs\tools\compiler\ti-cgt-arm_20.2.1.LTS\lib\</path>
         <kind>archive</kind>
         <file>rtsv4_A_be_eabi.lib</file>
         <name>lseek.c.obj</name>
      </input_file>
      <input_file id="fl-f5">
         <path>C:\ti\ccs1011\ccs\tools\compiler\ti-cgt-arm_20.2.1.LTS\lib\</path>
         <kind>archive</kind>
         <file>rtsv4_A_be_eabi.lib</file>
         <name>fclose.c.obj</name>
      </input_file>
      <input_file id="fl-f6">
         <path>C:\ti\ccs1011\ccs\tools\compiler\ti-cgt-arm_20.2.1.LTS\lib\</path>
         <kind>archive</kind>
         <file>rtsv4_A_be_eabi.lib</file>
         <name>getdevice.c.obj</name>
      </input_file>
      <input_file id="fl-f7">
         <path>C:\ti\ccs1011\ccs\tools\compiler\ti-cgt-arm_20.2.1.LTS\lib\</path>
         <kind>archive</kind>
         <file>rtsv4_A_be_eabi.lib</file>
         <name>strcmp.c.obj</name>
      </input_file>
      <input_file id="fl-f8">
         <path>C:\ti\ccs1011\ccs\tools\compiler\ti-cgt-arm_20.2.1.LTS\lib\</path>
         <kind>archive</kind>
         <file>rtsv4_A_be_eabi.lib</file>
         <name>strcpy.c.obj</name>
      </input_file>
      <input_file id="fl-f9">
         <path>C:\ti\ccs1011\ccs\tools\compiler\ti-cgt-arm_20.2.1.LTS\lib\</path>
         <kind>archive</kind>
         <file>rtsv4_A_be_eabi.lib</file>
         <name>strncpy.c.obj</name>
      </input_file>
      <input_file id="fl-fa">
         <path>C:\ti\ccs1011\ccs\tools\compiler\ti-cgt-arm_20.2.1.LTS\lib\</path>
         <kind>archive</kind>
         <file>rtsv4_A_be_eabi.lib</file>
         <name>remove.c.obj</name>
      </input_file>
      <input_file id="fl-fb">
         <path>C:\ti\ccs1011\ccs\tools\compiler\ti-cgt-arm_20.2.1.LTS\lib\</path>
         <kind>archive</kind>
         <file>rtsv4_A_be_eabi.lib</file>
         <name>close.c.obj</name>
      </input_file>
      <input_file id="fl-fc">
         <path>C:\ti\ccs1011\ccs\tools\compiler\ti-cgt-arm_20.2.1.LTS\lib\</path>
         <kind>archive</kind>
         <file>rtsv4_A_be_eabi.lib</file>
         <name>unlink.c.obj</name>
      </input_file>
   </input_file_list>
   <object_component_list>
      <object_component id="oc-10e">
         <name>.text:__TI_printfi</name>
         <load_address>0x20</load_address>
         <run_address>0x20</run_address>
         <size>0x1048</size>
         <input_file_ref idref="fl-bc"/>
      </object_component>
      <object_component id="oc-168">
         <name>.text:_pconv_a</name>
         <load_address>0x1068</load_address>
         <run_address>0x1068</run_address>
         <size>0x35c</size>
         <input_file_ref idref="fl-bc"/>
      </object_component>
      <object_component id="oc-1b9">
         <name>.text</name>
         <load_address>0x13c4</load_address>
         <run_address>0x13c4</run_address>
         <size>0x2c0</size>
         <input_file_ref idref="fl-cb"/>
      </object_component>
      <object_component id="oc-156">
         <name>.text:_pconv_g</name>
         <load_address>0x1684</load_address>
         <run_address>0x1684</run_address>
         <size>0x2b0</size>
         <input_file_ref idref="fl-bc"/>
      </object_component>
      <object_component id="oc-1e3">
         <name>.text</name>
         <load_address>0x1934</load_address>
         <run_address>0x1934</run_address>
         <size>0x234</size>
         <input_file_ref idref="fl-c2"/>
      </object_component>
      <object_component id="oc-195">
         <name>.text:fputs</name>
         <load_address>0x1b68</load_address>
         <run_address>0x1b68</run_address>
         <size>0x1d0</size>
         <input_file_ref idref="fl-be"/>
      </object_component>
      <object_component id="oc-162">
         <name>.text:_pconv_e</name>
         <load_address>0x1d38</load_address>
         <run_address>0x1d38</run_address>
         <size>0x1b8</size>
         <input_file_ref idref="fl-bc"/>
      </object_component>
      <object_component id="oc-1f5">
         <name>.text:fcvt</name>
         <load_address>0x1ef0</load_address>
         <run_address>0x1ef0</run_address>
         <size>0x1b0</size>
         <input_file_ref idref="fl-bc"/>
      </object_component>
      <object_component id="oc-315">
         <name>.text:aligned_alloc</name>
         <load_address>0x20a0</load_address>
         <run_address>0x20a0</run_address>
         <size>0x1a8</size>
         <input_file_ref idref="fl-dd"/>
      </object_component>
      <object_component id="oc-1c9">
         <name>.text</name>
         <load_address>0x2248</load_address>
         <run_address>0x2248</run_address>
         <size>0x1a4</size>
         <input_file_ref idref="fl-c4"/>
      </object_component>
      <object_component id="oc-27">
         <name>.text</name>
         <load_address>0x23ec</load_address>
         <run_address>0x23ec</run_address>
         <size>0x1a0</size>
         <input_file_ref idref="fl-c8"/>
      </object_component>
      <object_component id="oc-2d3">
         <name>.text:free</name>
         <load_address>0x258c</load_address>
         <run_address>0x258c</run_address>
         <size>0x190</size>
         <input_file_ref idref="fl-dd"/>
      </object_component>
      <object_component id="oc-29d">
         <name>.text:setvbuf</name>
         <load_address>0x271c</load_address>
         <run_address>0x271c</run_address>
         <size>0x178</size>
         <input_file_ref idref="fl-c0"/>
      </object_component>
      <object_component id="oc-209">
         <name>.text:scalbn</name>
         <load_address>0x2894</load_address>
         <run_address>0x2894</run_address>
         <size>0x144</size>
         <input_file_ref idref="fl-e4"/>
      </object_component>
      <object_component id="oc-1c4">
         <name>.text</name>
         <load_address>0x29d8</load_address>
         <run_address>0x29d8</run_address>
         <size>0x13c</size>
         <input_file_ref idref="fl-c5"/>
      </object_component>
      <object_component id="oc-19c">
         <name>.text:fputc</name>
         <load_address>0x2b14</load_address>
         <run_address>0x2b14</run_address>
         <size>0x11c</size>
         <input_file_ref idref="fl-bd"/>
      </object_component>
      <object_component id="oc-150">
         <name>.text:_ltostr</name>
         <load_address>0x2c30</load_address>
         <run_address>0x2c30</run_address>
         <size>0x115</size>
         <input_file_ref idref="fl-bc"/>
      </object_component>
      <object_component id="oc-267">
         <name>.text</name>
         <load_address>0x2d48</load_address>
         <run_address>0x2d48</run_address>
         <size>0x114</size>
         <input_file_ref idref="fl-ea"/>
      </object_component>
      <object_component id="oc-1be">
         <name>.text</name>
         <load_address>0x2e5c</load_address>
         <run_address>0x2e5c</run_address>
         <size>0xf0</size>
         <input_file_ref idref="fl-cc"/>
      </object_component>
      <object_component id="oc-16e">
         <name>.text:__aeabi_cdcmple</name>
         <load_address>0x2f4c</load_address>
         <run_address>0x2f4c</run_address>
         <size>0xe4</size>
         <input_file_ref idref="fl-c3"/>
      </object_component>
      <object_component id="oc-1ce">
         <name>.text:__aeabi_cdrcmple</name>
         <load_address>0x3030</load_address>
         <run_address>0x3030</run_address>
         <size>0xe4</size>
         <input_file_ref idref="fl-c3"/>
      </object_component>
      <object_component id="oc-1ee">
         <name>.text:_mcpy</name>
         <load_address>0x3114</load_address>
         <run_address>0x3114</run_address>
         <size>0xcc</size>
         <input_file_ref idref="fl-bc"/>
      </object_component>
      <object_component id="oc-31c">
         <name>.text:__TI_closefile</name>
         <load_address>0x31e0</load_address>
         <run_address>0x31e0</run_address>
         <size>0xc4</size>
         <input_file_ref idref="fl-f5"/>
      </object_component>
      <object_component id="oc-340">
         <name>.text:HOSTlseek</name>
         <load_address>0x32a4</load_address>
         <run_address>0x32a4</run_address>
         <size>0xbc</size>
         <input_file_ref idref="fl-ec"/>
      </object_component>
      <object_component id="oc-297">
         <name>.text:fseek</name>
         <load_address>0x3360</load_address>
         <run_address>0x3360</run_address>
         <size>0xb8</size>
         <input_file_ref idref="fl-e8"/>
      </object_component>
      <object_component id="oc-34c">
         <name>.text:HOSTrename</name>
         <load_address>0x3418</load_address>
         <run_address>0x3418</run_address>
         <size>0xb4</size>
         <input_file_ref idref="fl-ef"/>
      </object_component>
      <object_component id="oc-364">
         <name>.text:close</name>
         <load_address>0x34cc</load_address>
         <run_address>0x34cc</run_address>
         <size>0xb0</size>
         <input_file_ref idref="fl-fb"/>
      </object_component>
      <object_component id="oc-6d">
         <name>.text</name>
         <load_address>0x357c</load_address>
         <run_address>0x357c</run_address>
         <size>0xb0</size>
         <input_file_ref idref="fl-ca"/>
      </object_component>
      <object_component id="oc-35d">
         <name>.text:split</name>
         <load_address>0x362c</load_address>
         <run_address>0x362c</run_address>
         <size>0xb0</size>
         <input_file_ref idref="fl-dd"/>
      </object_component>
      <object_component id="oc-328">
         <name>.text:HOSTopen</name>
         <load_address>0x36dc</load_address>
         <run_address>0x36dc</run_address>
         <size>0xa8</size>
         <input_file_ref idref="fl-ed"/>
      </object_component>
      <object_component id="oc-e3">
         <name>.text:printf</name>
         <load_address>0x3784</load_address>
         <run_address>0x3784</run_address>
         <size>0xa8</size>
         <input_file_ref idref="fl-bb"/>
      </object_component>
      <object_component id="oc-238">
         <name>.text:__TI_wrt_ok</name>
         <load_address>0x382c</load_address>
         <run_address>0x382c</run_address>
         <size>0xa4</size>
         <input_file_ref idref="fl-bf"/>
      </object_component>
      <object_component id="oc-334">
         <name>.text:HOSTread</name>
         <load_address>0x38d0</load_address>
         <run_address>0x38d0</run_address>
         <size>0xa0</size>
         <input_file_ref idref="fl-ee"/>
      </object_component>
      <object_component id="oc-33a">
         <name>.text:HOSTwrite</name>
         <load_address>0x3970</load_address>
         <run_address>0x3970</run_address>
         <size>0xa0</size>
         <input_file_ref idref="fl-f1"/>
      </object_component>
      <object_component id="oc-1e8">
         <name>.text:_ecpy</name>
         <load_address>0x3a10</load_address>
         <run_address>0x3a10</run_address>
         <size>0xa0</size>
         <input_file_ref idref="fl-bc"/>
      </object_component>
      <object_component id="oc-6">
         <name>.text:decompress:lzss:__TI_decompress_lzss</name>
         <load_address>0x3ab0</load_address>
         <run_address>0x3ab0</run_address>
         <size>0xa0</size>
         <input_file_ref idref="fl-d3"/>
      </object_component>
      <object_component id="oc-b3">
         <name>.text:exit</name>
         <load_address>0x3b50</load_address>
         <run_address>0x3b50</run_address>
         <size>0x94</size>
         <input_file_ref idref="fl-d4"/>
      </object_component>
      <object_component id="oc-244">
         <name>.text:__TI_doflush</name>
         <load_address>0x3be4</load_address>
         <run_address>0x3be4</run_address>
         <size>0x88</size>
         <input_file_ref idref="fl-e6"/>
      </object_component>
      <object_component id="oc-15c">
         <name>.text:_pconv_f</name>
         <load_address>0x3c6c</load_address>
         <run_address>0x3c6c</run_address>
         <size>0x88</size>
         <input_file_ref idref="fl-bc"/>
      </object_component>
      <object_component id="oc-14a">
         <name>.text:atoi</name>
         <load_address>0x3cf4</load_address>
         <run_address>0x3cf4</run_address>
         <size>0x88</size>
         <input_file_ref idref="fl-d8"/>
      </object_component>
      <object_component id="oc-32e">
         <name>.text:HOSTclose</name>
         <load_address>0x3d7c</load_address>
         <run_address>0x3d7c</run_address>
         <size>0x84</size>
         <input_file_ref idref="fl-eb"/>
      </object_component>
      <object_component id="oc-1d8">
         <name>.text:__TI_ltoa</name>
         <load_address>0x3e00</load_address>
         <run_address>0x3e00</run_address>
         <size>0x84</size>
         <input_file_ref idref="fl-d6"/>
      </object_component>
      <object_component id="oc-203">
         <name>.text:frexp</name>
         <load_address>0x3e84</load_address>
         <run_address>0x3e84</run_address>
         <size>0x84</size>
         <input_file_ref idref="fl-e3"/>
      </object_component>
      <object_component id="oc-346">
         <name>.text:HOSTunlink</name>
         <load_address>0x3f08</load_address>
         <run_address>0x3f08</run_address>
         <size>0x80</size>
         <input_file_ref idref="fl-f0"/>
      </object_component>
      <object_component id="oc-39c">
         <name>.text:getdevice</name>
         <load_address>0x3f88</load_address>
         <run_address>0x3f88</run_address>
         <size>0x70</size>
         <input_file_ref idref="fl-f6"/>
      </object_component>
      <object_component id="oc-75">
         <name>.text:__TI_auto_init_nobinit_nopinit:__TI_auto_init_nobinit_nopinit</name>
         <load_address>0x3ff8</load_address>
         <run_address>0x3ff8</run_address>
         <size>0x68</size>
         <input_file_ref idref="fl-ce"/>
      </object_component>
      <object_component id="oc-1d3">
         <name>.text</name>
         <load_address>0x4060</load_address>
         <run_address>0x4060</run_address>
         <size>0x68</size>
         <input_file_ref idref="fl-c6"/>
      </object_component>
      <object_component id="oc-1fb">
         <name>.text:_fcpy</name>
         <load_address>0x40c8</load_address>
         <run_address>0x40c8</run_address>
         <size>0x64</size>
         <input_file_ref idref="fl-bc"/>
      </object_component>
      <object_component id="oc-37b">
         <name>.text:__TI_readmsg</name>
         <load_address>0x412c</load_address>
         <run_address>0x412c</run_address>
         <size>0x5c</size>
         <input_file_ref idref="fl-f2"/>
      </object_component>
      <object_component id="oc-36a">
         <name>.text:unlink</name>
         <load_address>0x4188</load_address>
         <run_address>0x4188</run_address>
         <size>0x5c</size>
         <input_file_ref idref="fl-fc"/>
      </object_component>
      <object_component id="oc-2df">
         <name>.text:__TI_cleanup</name>
         <load_address>0x41e4</load_address>
         <run_address>0x41e4</run_address>
         <size>0x58</size>
         <input_file_ref idref="fl-e7"/>
      </object_component>
      <object_component id="oc-375">
         <name>.text:__TI_writemsg</name>
         <load_address>0x423c</load_address>
         <run_address>0x423c</run_address>
         <size>0x58</size>
         <input_file_ref idref="fl-f2"/>
      </object_component>
      <object_component id="oc-3c4">
         <name>.text:finddevice</name>
         <load_address>0x4294</load_address>
         <run_address>0x4294</run_address>
         <size>0x58</size>
         <input_file_ref idref="fl-f6"/>
      </object_component>
      <object_component id="oc-2cb">
         <name>.text:lseek</name>
         <load_address>0x42ec</load_address>
         <run_address>0x42ec</run_address>
         <size>0x4c</size>
         <input_file_ref idref="fl-f4"/>
      </object_component>
      <object_component id="oc-24a">
         <name>.text:write</name>
         <load_address>0x4338</load_address>
         <run_address>0x4338</run_address>
         <size>0x4c</size>
         <input_file_ref idref="fl-e1"/>
      </object_component>
      <object_component id="oc-3be">
         <name>.text:strncpy</name>
         <load_address>0x4384</load_address>
         <run_address>0x4384</run_address>
         <size>0x48</size>
         <input_file_ref idref="fl-f9"/>
      </object_component>
      <object_component id="oc-30e">
         <name>.text:free_list_insert</name>
         <load_address>0x43cc</load_address>
         <run_address>0x43cc</run_address>
         <size>0x40</size>
         <input_file_ref idref="fl-dd"/>
      </object_component>
      <object_component id="oc-13">
         <name>.text</name>
         <load_address>0x440c</load_address>
         <run_address>0x440c</run_address>
         <size>0x3c</size>
         <input_file_ref idref="fl-c9"/>
      </object_component>
      <object_component id="oc-1de">
         <name>.text</name>
         <load_address>0x4448</load_address>
         <run_address>0x4448</run_address>
         <size>0x3c</size>
         <input_file_ref idref="fl-c7"/>
      </object_component>
      <object_component id="oc-308">
         <name>.text:free_list_remove</name>
         <load_address>0x4484</load_address>
         <run_address>0x4484</run_address>
         <size>0x30</size>
         <input_file_ref idref="fl-dd"/>
      </object_component>
      <object_component id="oc-a5">
         <name>.text</name>
         <load_address>0x44b4</load_address>
         <run_address>0x44b4</run_address>
         <size>0x30</size>
         <input_file_ref idref="fl-2"/>
      </object_component>
      <object_component id="oc-173">
         <name>.text:memccpy</name>
         <load_address>0x44e4</load_address>
         <run_address>0x44e4</run_address>
         <size>0x30</size>
         <input_file_ref idref="fl-db"/>
      </object_component>
      <object_component id="oc-23e">
         <name>.text:memchr</name>
         <load_address>0x4514</load_address>
         <run_address>0x4514</run_address>
         <size>0x2c</size>
         <input_file_ref idref="fl-dc"/>
      </object_component>
      <object_component id="oc-33">
         <name>.text:decompress:ZI:__TI_zero_init_nomemset:__TI_zero_init_nomemset</name>
         <load_address>0x4540</load_address>
         <run_address>0x4540</run_address>
         <size>0x28</size>
         <input_file_ref idref="fl-d1"/>
      </object_component>
      <object_component id="oc-20f">
         <name>.text:strchr</name>
         <load_address>0x4568</load_address>
         <run_address>0x4568</run_address>
         <size>0x28</size>
         <input_file_ref idref="fl-de"/>
      </object_component>
      <object_component id="oc-3db">
         <name>.text:strcmp</name>
         <load_address>0x4590</load_address>
         <run_address>0x4590</run_address>
         <size>0x28</size>
         <input_file_ref idref="fl-f7"/>
      </object_component>
      <object_component id="oc-179">
         <name>.text:wcslen</name>
         <load_address>0x45b8</load_address>
         <run_address>0x45b8</run_address>
         <size>0x24</size>
         <input_file_ref idref="fl-c1"/>
      </object_component>
      <object_component id="oc-4c">
         <name>.text:_args_main</name>
         <load_address>0x45dc</load_address>
         <run_address>0x45dc</run_address>
         <size>0x20</size>
         <input_file_ref idref="fl-d7"/>
      </object_component>
      <object_component id="oc-38f">
         <name>.text:strcpy</name>
         <load_address>0x45fc</load_address>
         <run_address>0x45fc</run_address>
         <size>0x1c</size>
         <input_file_ref idref="fl-f8"/>
      </object_component>
      <object_component id="oc-144">
         <name>.text:strlen</name>
         <load_address>0x4618</load_address>
         <run_address>0x4618</run_address>
         <size>0x1c</size>
         <input_file_ref idref="fl-df"/>
      </object_component>
      <object_component id="oc-c">
         <name>.text:decompress:none:__TI_decompress_none</name>
         <load_address>0x4634</load_address>
         <run_address>0x4634</run_address>
         <size>0x14</size>
         <input_file_ref idref="fl-d2"/>
      </object_component>
      <object_component id="oc-27b">
         <name>.text:copysign</name>
         <load_address>0x4648</load_address>
         <run_address>0x4648</run_address>
         <size>0x10</size>
         <input_file_ref idref="fl-e5"/>
      </object_component>
      <object_component id="oc-17f">
         <name>.text:__aeabi_errno_addr</name>
         <load_address>0x4658</load_address>
         <run_address>0x4658</run_address>
         <size>0xc</size>
         <input_file_ref idref="fl-e0"/>
      </object_component>
      <object_component id="oc-2d9">
         <name>.text:malloc</name>
         <load_address>0x4664</load_address>
         <run_address>0x4664</run_address>
         <size>0xc</size>
         <input_file_ref idref="fl-dd"/>
      </object_component>
      <object_component id="oc-45">
         <name>.text:_system_pre_init</name>
         <load_address>0x4670</load_address>
         <run_address>0x4670</run_address>
         <size>0x8</size>
         <input_file_ref idref="fl-cf"/>
      </object_component>
      <object_component id="oc-ad">
         <name>.text:abort:abort</name>
         <load_address>0x4678</load_address>
         <run_address>0x4678</run_address>
         <size>0x8</size>
         <input_file_ref idref="fl-d4"/>
      </object_component>
      <object_component id="oc-3f">
         <name>.text:__mpu_init</name>
         <load_address>0x4680</load_address>
         <run_address>0x4680</run_address>
         <size>0x4</size>
         <input_file_ref idref="fl-cd"/>
      </object_component>
      <object_component id="oc-12c">
         <name>.text:_nop</name>
         <load_address>0x4684</load_address>
         <run_address>0x4684</run_address>
         <size>0x4</size>
         <input_file_ref idref="fl-d5"/>
      </object_component>
      <object_component id="oc-11d">
         <name>.text:_outc</name>
         <load_address>0x4688</load_address>
         <run_address>0x4688</run_address>
         <size>0x4</size>
         <input_file_ref idref="fl-bb"/>
      </object_component>
      <object_component id="oc-117">
         <name>.text:_outs</name>
         <load_address>0x468c</load_address>
         <run_address>0x468c</run_address>
         <size>0x4</size>
         <input_file_ref idref="fl-bb"/>
      </object_component>
      <object_component id="oc-25d">
         <name>.text</name>
         <load_address>0x4690</load_address>
         <run_address>0x4690</run_address>
         <size>0x4</size>
         <input_file_ref idref="fl-e9"/>
      </object_component>
      <object_component id="oc-1b4">
         <name>.const:.string:_ctypes_</name>
         <load_address>0x4a44</load_address>
         <run_address>0x4a44</run_address>
         <size>0x101</size>
         <input_file_ref idref="fl-d9"/>
      </object_component>
      <object_component id="oc-f2">
         <name>.data:$O1$$</name>
         <load_address>0x485c</load_address>
         <run_address>0x485c</run_address>
         <size>0xc</size>
         <input_file_ref idref="fl-d4"/>
      </object_component>
      <object_component id="oc-f5">
         <name>.data:$O1$$</name>
         <load_address>0x4868</load_address>
         <run_address>0x4868</run_address>
         <size>0x8</size>
         <input_file_ref idref="fl-d5"/>
      </object_component>
      <object_component id="oc-114">
         <name>.data:_ftable</name>
         <load_address>0x4694</load_address>
         <run_address>0x4694</run_address>
         <size>0xf0</size>
         <input_file_ref idref="fl-da"/>
      </object_component>
      <object_component id="oc-322">
         <name>.data</name>
         <load_address>0x484c</load_address>
         <run_address>0x484c</run_address>
         <size>0x10</size>
         <input_file_ref idref="fl-da"/>
      </object_component>
      <object_component id="oc-358">
         <name>.data:$O1$$</name>
         <load_address>0x4870</load_address>
         <run_address>0x4870</run_address>
         <size>0x8</size>
         <input_file_ref idref="fl-dd"/>
      </object_component>
      <object_component id="oc-220">
         <name>.data</name>
         <load_address>0x4878</load_address>
         <run_address>0x4878</run_address>
         <size>0x4</size>
         <input_file_ref idref="fl-e0"/>
      </object_component>
      <object_component id="oc-2f2">
         <name>.data:_device</name>
         <load_address>0x4784</load_address>
         <run_address>0x4784</run_address>
         <size>0x78</size>
         <input_file_ref idref="fl-e2"/>
      </object_component>
      <object_component id="oc-2a9">
         <name>.data:_stream</name>
         <load_address>0x47fc</load_address>
         <run_address>0x47fc</run_address>
         <size>0x50</size>
         <input_file_ref idref="fl-e2"/>
      </object_component>
      <object_component id="oc-3a6">
         <name>.bss:_CIOBUF_</name>
         <uninitialized>true</uninitialized>
         <run_address>0x487c</run_address>
         <size>0x120</size>
         <input_file_ref idref="fl-f2"/>
      </object_component>
      <object_component id="oc-370">
         <name>.common:__TI_tmpnams</name>
         <uninitialized>true</uninitialized>
         <run_address>0x499c</run_address>
         <size>0xa0</size>
      </object_component>
      <object_component id="oc-381">
         <name>.common:parmbuf</name>
         <uninitialized>true</uninitialized>
         <run_address>0x4a3c</run_address>
         <size>0x8</size>
      </object_component>
      <object_component id="oc-418">
         <name>.cinit..data.load</name>
         <load_address>0x5b48</load_address>
         <run_address>0x5b48</run_address>
         <size>0x68</size>
      </object_component>
      <object_component id="oc-416">
         <name>__TI_handler_table</name>
         <load_address>0x5bb0</load_address>
         <run_address>0x5bb0</run_address>
         <size>0xc</size>
      </object_component>
      <object_component id="oc-419">
         <name>.cinit..bss.load</name>
         <load_address>0x5bc0</load_address>
         <run_address>0x5bc0</run_address>
         <size>0x8</size>
      </object_component>
      <object_component id="oc-417">
         <name>__TI_cinit_table</name>
         <load_address>0x5bc8</load_address>
         <run_address>0x5bc8</run_address>
         <size>0x10</size>
      </object_component>
      <object_component id="oc-254">
         <name>.debug_info</name>
         <load_address>0x0</load_address>
         <run_address>0x0</run_address>
         <size>0x179</size>
         <input_file_ref idref="fl-2"/>
      </object_component>
      <object_component id="oc-a9">
         <name>.debug_info</name>
         <load_address>0x179</load_address>
         <run_address>0x179</run_address>
         <size>0x116</size>
         <input_file_ref idref="fl-2"/>
      </object_component>
      <object_component id="oc-2b4">
         <name>.debug_info</name>
         <load_address>0x28f</load_address>
         <run_address>0x28f</run_address>
         <size>0x26b</size>
         <input_file_ref idref="fl-2"/>
      </object_component>
      <object_component id="oc-22">
         <name>.debug_info</name>
         <load_address>0x4fa</load_address>
         <run_address>0x4fa</run_address>
         <size>0x84</size>
         <input_file_ref idref="fl-2"/>
      </object_component>
      <object_component id="oc-1aa">
         <name>.debug_info</name>
         <load_address>0x57e</load_address>
         <run_address>0x57e</run_address>
         <size>0x2a4</size>
         <input_file_ref idref="fl-2"/>
      </object_component>
      <object_component id="oc-125">
         <name>.debug_info</name>
         <load_address>0x822</load_address>
         <run_address>0x822</run_address>
         <size>0x2c</size>
         <input_file_ref idref="fl-2"/>
      </object_component>
      <object_component id="oc-124">
         <name>.debug_info</name>
         <load_address>0x84e</load_address>
         <run_address>0x84e</run_address>
         <size>0x285</size>
         <input_file_ref idref="fl-bb"/>
      </object_component>
      <object_component id="oc-120">
         <name>.debug_info</name>
         <load_address>0xad3</load_address>
         <run_address>0xad3</run_address>
         <size>0x125</size>
         <input_file_ref idref="fl-bb"/>
      </object_component>
      <object_component id="oc-118">
         <name>.debug_info</name>
         <load_address>0xbf8</load_address>
         <run_address>0xbf8</run_address>
         <size>0x134</size>
         <input_file_ref idref="fl-bb"/>
      </object_component>
      <object_component id="oc-e4">
         <name>.debug_info</name>
         <load_address>0xd2c</load_address>
         <run_address>0xd2c</run_address>
         <size>0x17a</size>
         <input_file_ref idref="fl-bb"/>
      </object_component>
      <object_component id="oc-1a5">
         <name>.debug_info</name>
         <load_address>0xea6</load_address>
         <run_address>0xea6</run_address>
         <size>0xb2</size>
         <input_file_ref idref="fl-bb"/>
      </object_component>
      <object_component id="oc-186">
         <name>.debug_info</name>
         <load_address>0xf58</load_address>
         <run_address>0xf58</run_address>
         <size>0x42b</size>
         <input_file_ref idref="fl-bc"/>
      </object_component>
      <object_component id="oc-152">
         <name>.debug_info</name>
         <load_address>0x1383</load_address>
         <run_address>0x1383</run_address>
         <size>0x1f8</size>
         <input_file_ref idref="fl-bc"/>
      </object_component>
      <object_component id="oc-1ea">
         <name>.debug_info</name>
         <load_address>0x157b</load_address>
         <run_address>0x157b</run_address>
         <size>0x181</size>
         <input_file_ref idref="fl-bc"/>
      </object_component>
      <object_component id="oc-1ef">
         <name>.debug_info</name>
         <load_address>0x16fc</load_address>
         <run_address>0x16fc</run_address>
         <size>0x1e3</size>
         <input_file_ref idref="fl-bc"/>
      </object_component>
      <object_component id="oc-158">
         <name>.debug_info</name>
         <load_address>0x18df</load_address>
         <run_address>0x18df</run_address>
         <size>0x388</size>
         <input_file_ref idref="fl-bc"/>
      </object_component>
      <object_component id="oc-1f6">
         <name>.debug_info</name>
         <load_address>0x1c67</load_address>
         <run_address>0x1c67</run_address>
         <size>0x2d5</size>
         <input_file_ref idref="fl-bc"/>
      </object_component>
      <object_component id="oc-1fc">
         <name>.debug_info</name>
         <load_address>0x1f3c</load_address>
         <run_address>0x1f3c</run_address>
         <size>0x1e3</size>
         <input_file_ref idref="fl-bc"/>
      </object_component>
      <object_component id="oc-15e">
         <name>.debug_info</name>
         <load_address>0x211f</load_address>
         <run_address>0x211f</run_address>
         <size>0x1f6</size>
         <input_file_ref idref="fl-bc"/>
      </object_component>
      <object_component id="oc-164">
         <name>.debug_info</name>
         <load_address>0x2315</load_address>
         <run_address>0x2315</run_address>
         <size>0x2d1</size>
         <input_file_ref idref="fl-bc"/>
      </object_component>
      <object_component id="oc-169">
         <name>.debug_info</name>
         <load_address>0x25e6</load_address>
         <run_address>0x25e6</run_address>
         <size>0x482</size>
         <input_file_ref idref="fl-bc"/>
      </object_component>
      <object_component id="oc-110">
         <name>.debug_info</name>
         <load_address>0x2a68</load_address>
         <run_address>0x2a68</run_address>
         <size>0x5cd</size>
         <input_file_ref idref="fl-bc"/>
      </object_component>
      <object_component id="oc-187">
         <name>.debug_info</name>
         <load_address>0x3035</load_address>
         <run_address>0x3035</run_address>
         <size>0x86</size>
         <input_file_ref idref="fl-bc"/>
      </object_component>
      <object_component id="oc-227">
         <name>.debug_info</name>
         <load_address>0x30bb</load_address>
         <run_address>0x30bb</run_address>
         <size>0x39</size>
         <input_file_ref idref="fl-bc"/>
      </object_component>
      <object_component id="oc-292">
         <name>.debug_info</name>
         <load_address>0x30f4</load_address>
         <run_address>0x30f4</run_address>
         <size>0xb6</size>
         <input_file_ref idref="fl-bc"/>
      </object_component>
      <object_component id="oc-231">
         <name>.debug_info</name>
         <load_address>0x31aa</load_address>
         <run_address>0x31aa</run_address>
         <size>0x46</size>
         <input_file_ref idref="fl-bc"/>
      </object_component>
      <object_component id="oc-18c">
         <name>.debug_info</name>
         <load_address>0x31f0</load_address>
         <run_address>0x31f0</run_address>
         <size>0x46</size>
         <input_file_ref idref="fl-bc"/>
      </object_component>
      <object_component id="oc-22c">
         <name>.debug_info</name>
         <load_address>0x3236</load_address>
         <run_address>0x3236</run_address>
         <size>0x2c</size>
         <input_file_ref idref="fl-bc"/>
      </object_component>
      <object_component id="oc-253">
         <name>.debug_info</name>
         <load_address>0x3262</load_address>
         <run_address>0x3262</run_address>
         <size>0x223</size>
         <input_file_ref idref="fl-bd"/>
      </object_component>
      <object_component id="oc-1a0">
         <name>.debug_info</name>
         <load_address>0x3485</load_address>
         <run_address>0x3485</run_address>
         <size>0x1b3</size>
         <input_file_ref idref="fl-bd"/>
      </object_component>
      <object_component id="oc-251">
         <name>.debug_info</name>
         <load_address>0x3638</load_address>
         <run_address>0x3638</run_address>
         <size>0x29c</size>
         <input_file_ref idref="fl-be"/>
      </object_component>
      <object_component id="oc-196">
         <name>.debug_info</name>
         <load_address>0x38d4</load_address>
         <run_address>0x38d4</run_address>
         <size>0x2b1</size>
         <input_file_ref idref="fl-be"/>
      </object_component>
      <object_component id="oc-cc">
         <name>.debug_info</name>
         <load_address>0x3b85</load_address>
         <run_address>0x3b85</run_address>
         <size>0x2c</size>
         <input_file_ref idref="fl-be"/>
      </object_component>
      <object_component id="oc-2a4">
         <name>.debug_info</name>
         <load_address>0x3bb1</load_address>
         <run_address>0x3bb1</run_address>
         <size>0x1a0</size>
         <input_file_ref idref="fl-bf"/>
      </object_component>
      <object_component id="oc-23c">
         <name>.debug_info</name>
         <load_address>0x3d51</load_address>
         <run_address>0x3d51</run_address>
         <size>0x164</size>
         <input_file_ref idref="fl-bf"/>
      </object_component>
      <object_component id="oc-2e7">
         <name>.debug_info</name>
         <load_address>0x3eb5</load_address>
         <run_address>0x3eb5</run_address>
         <size>0xbf</size>
         <input_file_ref idref="fl-bf"/>
      </object_component>
      <object_component id="oc-2e6">
         <name>.debug_info</name>
         <load_address>0x3f74</load_address>
         <run_address>0x3f74</run_address>
         <size>0x214</size>
         <input_file_ref idref="fl-c0"/>
      </object_component>
      <object_component id="oc-2a0">
         <name>.debug_info</name>
         <load_address>0x4188</load_address>
         <run_address>0x4188</run_address>
         <size>0x1da</size>
         <input_file_ref idref="fl-c0"/>
      </object_component>
      <object_component id="oc-21f">
         <name>.debug_info</name>
         <load_address>0x4362</load_address>
         <run_address>0x4362</run_address>
         <size>0x12f</size>
         <input_file_ref idref="fl-c1"/>
      </object_component>
      <object_component id="oc-17b">
         <name>.debug_info</name>
         <load_address>0x4491</load_address>
         <run_address>0x4491</run_address>
         <size>0x128</size>
         <input_file_ref idref="fl-c1"/>
      </object_component>
      <object_component id="oc-287">
         <name>.debug_info</name>
         <load_address>0x45b9</load_address>
         <run_address>0x45b9</run_address>
         <size>0x46</size>
         <input_file_ref idref="fl-c1"/>
      </object_component>
      <object_component id="oc-21a">
         <name>.debug_info</name>
         <load_address>0x45ff</load_address>
         <run_address>0x45ff</run_address>
         <size>0x39</size>
         <input_file_ref idref="fl-c1"/>
      </object_component>
      <object_component id="oc-1e4">
         <name>.debug_info</name>
         <load_address>0x4638</load_address>
         <run_address>0x4638</run_address>
         <size>0x131</size>
         <input_file_ref idref="fl-c2"/>
      </object_component>
      <object_component id="oc-170">
         <name>.debug_info</name>
         <load_address>0x4769</load_address>
         <run_address>0x4769</run_address>
         <size>0xf8</size>
         <input_file_ref idref="fl-c3"/>
      </object_component>
      <object_component id="oc-1d0">
         <name>.debug_info</name>
         <load_address>0x4861</load_address>
         <run_address>0x4861</run_address>
         <size>0xfa</size>
         <input_file_ref idref="fl-c3"/>
      </object_component>
      <object_component id="oc-1cb">
         <name>.debug_info</name>
         <load_address>0x495b</load_address>
         <run_address>0x495b</run_address>
         <size>0x116</size>
         <input_file_ref idref="fl-c4"/>
      </object_component>
      <object_component id="oc-1c6">
         <name>.debug_info</name>
         <load_address>0x4a71</load_address>
         <run_address>0x4a71</run_address>
         <size>0x116</size>
         <input_file_ref idref="fl-c5"/>
      </object_component>
      <object_component id="oc-1d4">
         <name>.debug_info</name>
         <load_address>0x4b87</load_address>
         <run_address>0x4b87</run_address>
         <size>0x104</size>
         <input_file_ref idref="fl-c6"/>
      </object_component>
      <object_component id="oc-1df">
         <name>.debug_info</name>
         <load_address>0x4c8b</load_address>
         <run_address>0x4c8b</run_address>
         <size>0xf9</size>
         <input_file_ref idref="fl-c7"/>
      </object_component>
      <object_component id="oc-28">
         <name>.debug_info</name>
         <load_address>0x4d84</load_address>
         <run_address>0x4d84</run_address>
         <size>0x137</size>
         <input_file_ref idref="fl-c8"/>
      </object_component>
      <object_component id="oc-15">
         <name>.debug_info</name>
         <load_address>0x4ebb</load_address>
         <run_address>0x4ebb</run_address>
         <size>0x143</size>
         <input_file_ref idref="fl-c9"/>
      </object_component>
      <object_component id="oc-6e">
         <name>.debug_info</name>
         <load_address>0x4ffe</load_address>
         <run_address>0x4ffe</run_address>
         <size>0x11a</size>
         <input_file_ref idref="fl-ca"/>
      </object_component>
      <object_component id="oc-1bc">
         <name>.debug_info</name>
         <load_address>0x5118</load_address>
         <run_address>0x5118</run_address>
         <size>0x158</size>
         <input_file_ref idref="fl-cb"/>
      </object_component>
      <object_component id="oc-1c0">
         <name>.debug_info</name>
         <load_address>0x5270</load_address>
         <run_address>0x5270</run_address>
         <size>0x116</size>
         <input_file_ref idref="fl-cc"/>
      </object_component>
      <object_component id="oc-40">
         <name>.debug_info</name>
         <load_address>0x5386</load_address>
         <run_address>0x5386</run_address>
         <size>0x111</size>
         <input_file_ref idref="fl-cd"/>
      </object_component>
      <object_component id="oc-d5">
         <name>.debug_info</name>
         <load_address>0x5497</load_address>
         <run_address>0x5497</run_address>
         <size>0x353</size>
         <input_file_ref idref="fl-ce"/>
      </object_component>
      <object_component id="oc-76">
         <name>.debug_info</name>
         <load_address>0x57ea</load_address>
         <run_address>0x57ea</run_address>
         <size>0x1ae</size>
         <input_file_ref idref="fl-ce"/>
      </object_component>
      <object_component id="oc-fd">
         <name>.debug_info</name>
         <load_address>0x5998</load_address>
         <run_address>0x5998</run_address>
         <size>0x39</size>
         <input_file_ref idref="fl-ce"/>
      </object_component>
      <object_component id="oc-138">
         <name>.debug_info</name>
         <load_address>0x59d1</load_address>
         <run_address>0x59d1</run_address>
         <size>0x39</size>
         <input_file_ref idref="fl-ce"/>
      </object_component>
      <object_component id="oc-102">
         <name>.debug_info</name>
         <load_address>0x5a0a</load_address>
         <run_address>0x5a0a</run_address>
         <size>0x39</size>
         <input_file_ref idref="fl-ce"/>
      </object_component>
      <object_component id="oc-107">
         <name>.debug_info</name>
         <load_address>0x5a43</load_address>
         <run_address>0x5a43</run_address>
         <size>0xcd</size>
         <input_file_ref idref="fl-ce"/>
      </object_component>
      <object_component id="oc-46">
         <name>.debug_info</name>
         <load_address>0x5b10</load_address>
         <run_address>0x5b10</run_address>
         <size>0x121</size>
         <input_file_ref idref="fl-cf"/>
      </object_component>
      <object_component id="oc-6c">
         <name>.debug_info</name>
         <load_address>0x5c31</load_address>
         <run_address>0x5c31</run_address>
         <size>0x174</size>
         <input_file_ref idref="fl-d1"/>
      </object_component>
      <object_component id="oc-35">
         <name>.debug_info</name>
         <load_address>0x5da5</load_address>
         <run_address>0x5da5</run_address>
         <size>0x1a0</size>
         <input_file_ref idref="fl-d1"/>
      </object_component>
      <object_component id="oc-67">
         <name>.debug_info</name>
         <load_address>0x5f45</load_address>
         <run_address>0x5f45</run_address>
         <size>0x46</size>
         <input_file_ref idref="fl-d1"/>
      </object_component>
      <object_component id="oc-32">
         <name>.debug_info</name>
         <load_address>0x5f8b</load_address>
         <run_address>0x5f8b</run_address>
         <size>0x148</size>
         <input_file_ref idref="fl-d2"/>
      </object_component>
      <object_component id="oc-10">
         <name>.debug_info</name>
         <load_address>0x60d3</load_address>
         <run_address>0x60d3</run_address>
         <size>0x1b8</size>
         <input_file_ref idref="fl-d2"/>
      </object_component>
      <object_component id="oc-2d">
         <name>.debug_info</name>
         <load_address>0x628b</load_address>
         <run_address>0x628b</run_address>
         <size>0x46</size>
         <input_file_ref idref="fl-d2"/>
      </object_component>
      <object_component id="oc-5f">
         <name>.debug_info</name>
         <load_address>0x62d1</load_address>
         <run_address>0x62d1</run_address>
         <size>0x2c</size>
         <input_file_ref idref="fl-d2"/>
      </object_component>
      <object_component id="oc-5d">
         <name>.debug_info</name>
         <load_address>0x62fd</load_address>
         <run_address>0x62fd</run_address>
         <size>0x13e</size>
         <input_file_ref idref="fl-d3"/>
      </object_component>
      <object_component id="oc-9">
         <name>.debug_info</name>
         <load_address>0x643b</load_address>
         <run_address>0x643b</run_address>
         <size>0x21e</size>
         <input_file_ref idref="fl-d3"/>
      </object_component>
      <object_component id="oc-1d">
         <name>.debug_info</name>
         <load_address>0x6659</load_address>
         <run_address>0x6659</run_address>
         <size>0x60</size>
         <input_file_ref idref="fl-d3"/>
      </object_component>
      <object_component id="oc-c5">
         <name>.debug_info</name>
         <load_address>0x66b9</load_address>
         <run_address>0x66b9</run_address>
         <size>0x46</size>
         <input_file_ref idref="fl-d3"/>
      </object_component>
      <object_component id="oc-58">
         <name>.debug_info</name>
         <load_address>0x66ff</load_address>
         <run_address>0x66ff</run_address>
         <size>0x39</size>
         <input_file_ref idref="fl-d3"/>
      </object_component>
      <object_component id="oc-f9">
         <name>.debug_info</name>
         <load_address>0x6738</load_address>
         <run_address>0x6738</run_address>
         <size>0x24d</size>
         <input_file_ref idref="fl-d4"/>
      </object_component>
      <object_component id="oc-f3">
         <name>.debug_info</name>
         <load_address>0x6985</load_address>
         <run_address>0x6985</run_address>
         <size>0x15e</size>
         <input_file_ref idref="fl-d4"/>
      </object_component>
      <object_component id="oc-b1">
         <name>.debug_info</name>
         <load_address>0x6ae3</load_address>
         <run_address>0x6ae3</run_address>
         <size>0xf0</size>
         <input_file_ref idref="fl-d4"/>
      </object_component>
      <object_component id="oc-b6">
         <name>.debug_info</name>
         <load_address>0x6bd3</load_address>
         <run_address>0x6bd3</run_address>
         <size>0x152</size>
         <input_file_ref idref="fl-d4"/>
      </object_component>
      <object_component id="oc-134">
         <name>.debug_info</name>
         <load_address>0x6d25</load_address>
         <run_address>0x6d25</run_address>
         <size>0x169</size>
         <input_file_ref idref="fl-d5"/>
      </object_component>
      <object_component id="oc-f6">
         <name>.debug_info</name>
         <load_address>0x6e8e</load_address>
         <run_address>0x6e8e</run_address>
         <size>0xec</size>
         <input_file_ref idref="fl-d5"/>
      </object_component>
      <object_component id="oc-12d">
         <name>.debug_info</name>
         <load_address>0x6f7a</load_address>
         <run_address>0x6f7a</run_address>
         <size>0xfc</size>
         <input_file_ref idref="fl-d5"/>
      </object_component>
      <object_component id="oc-26d">
         <name>.debug_info</name>
         <load_address>0x7076</load_address>
         <run_address>0x7076</run_address>
         <size>0x13c</size>
         <input_file_ref idref="fl-d6"/>
      </object_component>
      <object_component id="oc-1db">
         <name>.debug_info</name>
         <load_address>0x71b2</load_address>
         <run_address>0x71b2</run_address>
         <size>0x1c0</size>
         <input_file_ref idref="fl-d6"/>
      </object_component>
      <object_component id="oc-ac">
         <name>.debug_info</name>
         <load_address>0x7372</load_address>
         <run_address>0x7372</run_address>
         <size>0x17f</size>
         <input_file_ref idref="fl-d7"/>
      </object_component>
      <object_component id="oc-4e">
         <name>.debug_info</name>
         <load_address>0x74f1</load_address>
         <run_address>0x74f1</run_address>
         <size>0x140</size>
         <input_file_ref idref="fl-d7"/>
      </object_component>
      <object_component id="oc-ec">
         <name>.debug_info</name>
         <load_address>0x7631</load_address>
         <run_address>0x7631</run_address>
         <size>0x5e</size>
         <input_file_ref idref="fl-d7"/>
      </object_component>
      <object_component id="oc-1b8">
         <name>.debug_info</name>
         <load_address>0x768f</load_address>
         <run_address>0x768f</run_address>
         <size>0x159</size>
         <input_file_ref idref="fl-d8"/>
      </object_component>
      <object_component id="oc-14c">
         <name>.debug_info</name>
         <load_address>0x77e8</load_address>
         <run_address>0x77e8</run_address>
         <size>0x14a</size>
         <input_file_ref idref="fl-d8"/>
      </object_component>
      <object_component id="oc-259">
         <name>.debug_info</name>
         <load_address>0x7932</load_address>
         <run_address>0x7932</run_address>
         <size>0xc7</size>
         <input_file_ref idref="fl-d9"/>
      </object_component>
      <object_component id="oc-1b5">
         <name>.debug_info</name>
         <load_address>0x79f9</load_address>
         <run_address>0x79f9</run_address>
         <size>0xd3</size>
         <input_file_ref idref="fl-d9"/>
      </object_component>
      <object_component id="oc-193">
         <name>.debug_info</name>
         <load_address>0x7acc</load_address>
         <run_address>0x7acc</run_address>
         <size>0x112</size>
         <input_file_ref idref="fl-da"/>
      </object_component>
      <object_component id="oc-115">
         <name>.debug_info</name>
         <load_address>0x7bde</load_address>
         <run_address>0x7bde</run_address>
         <size>0xd0</size>
         <input_file_ref idref="fl-da"/>
      </object_component>
      <object_component id="oc-323">
         <name>.debug_info</name>
         <load_address>0x7cae</load_address>
         <run_address>0x7cae</run_address>
         <size>0x15d</size>
         <input_file_ref idref="fl-da"/>
      </object_component>
      <object_component id="oc-218">
         <name>.debug_info</name>
         <load_address>0x7e0b</load_address>
         <run_address>0x7e0b</run_address>
         <size>0x14c</size>
         <input_file_ref idref="fl-db"/>
      </object_component>
      <object_component id="oc-174">
         <name>.debug_info</name>
         <load_address>0x7f57</load_address>
         <run_address>0x7f57</run_address>
         <size>0x195</size>
         <input_file_ref idref="fl-db"/>
      </object_component>
      <object_component id="oc-2a6">
         <name>.debug_info</name>
         <load_address>0x80ec</load_address>
         <run_address>0x80ec</run_address>
         <size>0x145</size>
         <input_file_ref idref="fl-dc"/>
      </object_component>
      <object_component id="oc-23f">
         <name>.debug_info</name>
         <load_address>0x8231</load_address>
         <run_address>0x8231</run_address>
         <size>0x1cb</size>
         <input_file_ref idref="fl-dc"/>
      </object_component>
      <object_component id="oc-56">
         <name>.debug_info</name>
         <load_address>0x83fc</load_address>
         <run_address>0x83fc</run_address>
         <size>0x252</size>
         <input_file_ref idref="fl-dd"/>
      </object_component>
      <object_component id="oc-1a">
         <name>.debug_info</name>
         <load_address>0x864e</load_address>
         <run_address>0x864e</run_address>
         <size>0xda</size>
         <input_file_ref idref="fl-dd"/>
      </object_component>
      <object_component id="oc-359">
         <name>.debug_info</name>
         <load_address>0x8728</load_address>
         <run_address>0x8728</run_address>
         <size>0x10d</size>
         <input_file_ref idref="fl-dd"/>
      </object_component>
      <object_component id="oc-2dd">
         <name>.debug_info</name>
         <load_address>0x8835</load_address>
         <run_address>0x8835</run_address>
         <size>0x136</size>
         <input_file_ref idref="fl-dd"/>
      </object_component>
      <object_component id="oc-30a">
         <name>.debug_info</name>
         <load_address>0x896b</load_address>
         <run_address>0x896b</run_address>
         <size>0x15c</size>
         <input_file_ref idref="fl-dd"/>
      </object_component>
      <object_component id="oc-310">
         <name>.debug_info</name>
         <load_address>0x8ac7</load_address>
         <run_address>0x8ac7</run_address>
         <size>0x16d</size>
         <input_file_ref idref="fl-dd"/>
      </object_component>
      <object_component id="oc-2d6">
         <name>.debug_info</name>
         <load_address>0x8c34</load_address>
         <run_address>0x8c34</run_address>
         <size>0x1d8</size>
         <input_file_ref idref="fl-dd"/>
      </object_component>
      <object_component id="oc-35f">
         <name>.debug_info</name>
         <load_address>0x8e0c</load_address>
         <run_address>0x8e0c</run_address>
         <size>0x1a9</size>
         <input_file_ref idref="fl-dd"/>
      </object_component>
      <object_component id="oc-319">
         <name>.debug_info</name>
         <load_address>0x8fb5</load_address>
         <run_address>0x8fb5</run_address>
         <size>0x261</size>
         <input_file_ref idref="fl-dd"/>
      </object_component>
      <object_component id="oc-c0">
         <name>.debug_info</name>
         <load_address>0x9216</load_address>
         <run_address>0x9216</run_address>
         <size>0xb2</size>
         <input_file_ref idref="fl-dd"/>
      </object_component>
      <object_component id="oc-bb">
         <name>.debug_info</name>
         <load_address>0x92c8</load_address>
         <run_address>0x92c8</run_address>
         <size>0x2c</size>
         <input_file_ref idref="fl-dd"/>
      </object_component>
      <object_component id="oc-284">
         <name>.debug_info</name>
         <load_address>0x92f4</load_address>
         <run_address>0x92f4</run_address>
         <size>0x13a</size>
         <input_file_ref idref="fl-de"/>
      </object_component>
      <object_component id="oc-213">
         <name>.debug_info</name>
         <load_address>0x942e</load_address>
         <run_address>0x942e</run_address>
         <size>0x1d0</size>
         <input_file_ref idref="fl-de"/>
      </object_component>
      <object_component id="oc-1b3">
         <name>.debug_info</name>
         <load_address>0x95fe</load_address>
         <run_address>0x95fe</run_address>
         <size>0x12f</size>
         <input_file_ref idref="fl-df"/>
      </object_component>
      <object_component id="oc-148">
         <name>.debug_info</name>
         <load_address>0x972d</load_address>
         <run_address>0x972d</run_address>
         <size>0x1b3</size>
         <input_file_ref idref="fl-df"/>
      </object_component>
      <object_component id="oc-224">
         <name>.debug_info</name>
         <load_address>0x98e0</load_address>
         <run_address>0x98e0</run_address>
         <size>0x129</size>
         <input_file_ref idref="fl-e0"/>
      </object_component>
      <object_component id="oc-221">
         <name>.debug_info</name>
         <load_address>0x9a09</load_address>
         <run_address>0x9a09</run_address>
         <size>0xdc</size>
         <input_file_ref idref="fl-e0"/>
      </object_component>
      <object_component id="oc-180">
         <name>.debug_info</name>
         <load_address>0x9ae5</load_address>
         <run_address>0x9ae5</run_address>
         <size>0x11c</size>
         <input_file_ref idref="fl-e0"/>
      </object_component>
      <object_component id="oc-2ad">
         <name>.debug_info</name>
         <load_address>0x9c01</load_address>
         <run_address>0x9c01</run_address>
         <size>0x237</size>
         <input_file_ref idref="fl-e1"/>
      </object_component>
      <object_component id="oc-24e">
         <name>.debug_info</name>
         <load_address>0x9e38</load_address>
         <run_address>0x9e38</run_address>
         <size>0x157</size>
         <input_file_ref idref="fl-e1"/>
      </object_component>
      <object_component id="oc-2fa">
         <name>.debug_info</name>
         <load_address>0x9f8f</load_address>
         <run_address>0x9f8f</run_address>
         <size>0x120</size>
         <input_file_ref idref="fl-e1"/>
      </object_component>
      <object_component id="oc-2ff">
         <name>.debug_info</name>
         <load_address>0xa0af</load_address>
         <run_address>0xa0af</run_address>
         <size>0x2c</size>
         <input_file_ref idref="fl-e1"/>
      </object_component>
      <object_component id="oc-2f7">
         <name>.debug_info</name>
         <load_address>0xa0db</load_address>
         <run_address>0xa0db</run_address>
         <size>0x305</size>
         <input_file_ref idref="fl-e2"/>
      </object_component>
      <object_component id="oc-2f3">
         <name>.debug_info</name>
         <load_address>0xa3e0</load_address>
         <run_address>0xa3e0</run_address>
         <size>0xd7</size>
         <input_file_ref idref="fl-e2"/>
      </object_component>
      <object_component id="oc-2aa">
         <name>.debug_info</name>
         <load_address>0xa4b7</load_address>
         <run_address>0xa4b7</run_address>
         <size>0xd7</size>
         <input_file_ref idref="fl-e2"/>
      </object_component>
      <object_component id="oc-275">
         <name>.debug_info</name>
         <load_address>0xa58e</load_address>
         <run_address>0xa58e</run_address>
         <size>0x130</size>
         <input_file_ref idref="fl-e3"/>
      </object_component>
      <object_component id="oc-204">
         <name>.debug_info</name>
         <load_address>0xa6be</load_address>
         <run_address>0xa6be</run_address>
         <size>0x162</size>
         <input_file_ref idref="fl-e3"/>
      </object_component>
      <object_component id="oc-2c1">
         <name>.debug_info</name>
         <load_address>0xa820</load_address>
         <run_address>0xa820</run_address>
         <size>0x39</size>
         <input_file_ref idref="fl-e3"/>
      </object_component>
      <object_component id="oc-276">
         <name>.debug_info</name>
         <load_address>0xa859</load_address>
         <run_address>0xa859</run_address>
         <size>0x2c</size>
         <input_file_ref idref="fl-e3"/>
      </object_component>
      <object_component id="oc-282">
         <name>.debug_info</name>
         <load_address>0xa885</load_address>
         <run_address>0xa885</run_address>
         <size>0x193</size>
         <input_file_ref idref="fl-e4"/>
      </object_component>
      <object_component id="oc-20b">
         <name>.debug_info</name>
         <load_address>0xaa18</load_address>
         <run_address>0xaa18</run_address>
         <size>0x1b7</size>
         <input_file_ref idref="fl-e4"/>
      </object_component>
      <object_component id="oc-27d">
         <name>.debug_info</name>
         <load_address>0xabcf</load_address>
         <run_address>0xabcf</run_address>
         <size>0x12d</size>
         <input_file_ref idref="fl-e5"/>
      </object_component>
      <object_component id="oc-2a8">
         <name>.debug_info</name>
         <load_address>0xacfc</load_address>
         <run_address>0xacfc</run_address>
         <size>0x1e7</size>
         <input_file_ref idref="fl-e6"/>
      </object_component>
      <object_component id="oc-248">
         <name>.debug_info</name>
         <load_address>0xaee3</load_address>
         <run_address>0xaee3</run_address>
         <size>0x152</size>
         <input_file_ref idref="fl-e6"/>
      </object_component>
      <object_component id="oc-2e0">
         <name>.debug_info</name>
         <load_address>0xb035</load_address>
         <run_address>0xb035</run_address>
         <size>0x144</size>
         <input_file_ref idref="fl-e7"/>
      </object_component>
      <object_component id="oc-2d2">
         <name>.debug_info</name>
         <load_address>0xb179</load_address>
         <run_address>0xb179</run_address>
         <size>0x1c4</size>
         <input_file_ref idref="fl-e8"/>
      </object_component>
      <object_component id="oc-298">
         <name>.debug_info</name>
         <load_address>0xb33d</load_address>
         <run_address>0xb33d</run_address>
         <size>0x1b4</size>
         <input_file_ref idref="fl-e8"/>
      </object_component>
      <object_component id="oc-25e">
         <name>.debug_info</name>
         <load_address>0xb4f1</load_address>
         <run_address>0xb4f1</run_address>
         <size>0xe3</size>
         <input_file_ref idref="fl-e9"/>
      </object_component>
      <object_component id="oc-268">
         <name>.debug_info</name>
         <load_address>0xb5d4</load_address>
         <run_address>0xb5d4</run_address>
         <size>0x114</size>
         <input_file_ref idref="fl-ea"/>
      </object_component>
      <object_component id="oc-386">
         <name>.debug_info</name>
         <load_address>0xb6e8</load_address>
         <run_address>0xb6e8</run_address>
         <size>0x213</size>
         <input_file_ref idref="fl-eb"/>
      </object_component>
      <object_component id="oc-331">
         <name>.debug_info</name>
         <load_address>0xb8fb</load_address>
         <run_address>0xb8fb</run_address>
         <size>0x18a</size>
         <input_file_ref idref="fl-eb"/>
      </object_component>
      <object_component id="oc-38c">
         <name>.debug_info</name>
         <load_address>0xba85</load_address>
         <run_address>0xba85</run_address>
         <size>0x218</size>
         <input_file_ref idref="fl-ec"/>
      </object_component>
      <object_component id="oc-341">
         <name>.debug_info</name>
         <load_address>0xbc9d</load_address>
         <run_address>0xbc9d</run_address>
         <size>0x1de</size>
         <input_file_ref idref="fl-ec"/>
      </object_component>
      <object_component id="oc-382">
         <name>.debug_info</name>
         <load_address>0xbe7b</load_address>
         <run_address>0xbe7b</run_address>
         <size>0x243</size>
         <input_file_ref idref="fl-ed"/>
      </object_component>
      <object_component id="oc-32c">
         <name>.debug_info</name>
         <load_address>0xc0be</load_address>
         <run_address>0xc0be</run_address>
         <size>0x1da</size>
         <input_file_ref idref="fl-ed"/>
      </object_component>
      <object_component id="oc-388">
         <name>.debug_info</name>
         <load_address>0xc298</load_address>
         <run_address>0xc298</run_address>
         <size>0x217</size>
         <input_file_ref idref="fl-ee"/>
      </object_component>
      <object_component id="oc-335">
         <name>.debug_info</name>
         <load_address>0xc4af</load_address>
         <run_address>0xc4af</run_address>
         <size>0x1c9</size>
         <input_file_ref idref="fl-ee"/>
      </object_component>
      <object_component id="oc-396">
         <name>.debug_info</name>
         <load_address>0xc678</load_address>
[...]
         </cprec>
      </cptbl>
   </cptbl_list>
   <handler_table>
      <handler_table_name>__TI_handler_table</handler_table_name>
      <handler>
         <index>0x0</index>
         <name>__TI_decompress_lzss</name>
      </handler>
      <handler>
         <index>0x1</index>
         <name>__TI_decompress_none</name>
      </handler>
      <handler>
         <index>0x2</index>
         <name>__TI_zero_init</name>
      </handler>
   </handler_table>
   <symbol_table>
      <symbol id="sm-1">
         <name>__start___llvm_prf_cnts</name>
         <value>0x20</value>
      </symbol>
      <symbol id="sm-2">
         <name>__stop___llvm_prf_cnts</name>
         <value>0x20</value>
      </symbol>
      <symbol id="sm-3">
         <name>__TI_CINIT_Base</name>
         <value>0x5bc8</value>
      </symbol>
      <symbol id="sm-4">
         <name>__TI_CINIT_Limit</name>
         <value>0x5bd8</value>
      </symbol>
      <symbol id="sm-5">
         <name>__TI_Handler_Table_Base</name>
         <value>0x5bb0</value>
      </symbol>
      <symbol id="sm-6">
         <name>__TI_Handler_Table_Limit</name>
         <value>0x5bbc</value>
      </symbol>
      <symbol id="sm-7">
         <name>binit</name>
         <value>0xffffffff</value>
      </symbol>
      <symbol id="sm-8">
         <name>__binit__</name>
         <value>0xffffffff</value>
      </symbol>
      <symbol id="sm-9">
         <name>__STACK_SIZE</name>
         <value>0x800</value>
      </symbol>
      <symbol id="sm-a">
         <name>__STACK_END</name>
         <value>0x5348</value>
      </symbol>
      <symbol id="sm-b">
         <name>__SYSMEM_SIZE</name>
         <value>0x800</value>
      </symbol>
      <symbol id="sm-c">
         <name>__c_args__</name>
         <value>0xffffffff</value>
      </symbol>
      <symbol id="sm-d">
         <name>__TI_pprof_out_hndl</name>
         <value>0xffffffff</value>
      </symbol>
      <symbol id="sm-e">
         <name>__TI_prof_data_start</name>
         <value>0xffffffff</value>
      </symbol>
      <symbol id="sm-f">
         <name>__TI_prof_data_size</name>
         <value>0xffffffff</value>
      </symbol>
      <symbol id="sm-46">
         <name>main</name>
         <value>0x44b4</value>
         <object_component_ref idref="oc-a5"/>
      </symbol>
      <symbol id="sm-72">
         <name>printf</name>
         <value>0x3784</value>
         <object_component_ref idref="oc-e3"/>
      </symbol>
      <symbol id="sm-1d4">
         <name>__TI_printfi</name>
         <value>0x20</value>
         <object_component_ref idref="oc-10e"/>
      </symbol>
      <symbol id="sm-1eb">
         <name>putc</name>
         <value>0x2b14</value>
         <object_component_ref idref="oc-19c"/>
      </symbol>
      <symbol id="sm-1ec">
         <name>fputc</name>
         <value>0x2b14</value>
         <object_component_ref idref="oc-19c"/>
      </symbol>
      <symbol id="sm-20f">
         <name>fputs</name>
         <value>0x1b68</value>
         <object_component_ref idref="oc-195"/>
      </symbol>
      <symbol id="sm-227">
         <name>__TI_wrt_ok</name>
         <value>0x382c</value>
         <object_component_ref idref="oc-238"/>
      </symbol>
      <symbol id="sm-243">
         <name>setvbuf</name>
         <value>0x271c</value>
         <object_component_ref idref="oc-29d"/>
      </symbol>
      <symbol id="sm-25c">
         <name>wcslen</name>
         <value>0x45b8</value>
         <object_component_ref idref="oc-179"/>
      </symbol>
      <symbol id="sm-273">
         <name>__aeabi_dsub</name>
         <value>0x1934</value>
         <object_component_ref idref="oc-1e3"/>
      </symbol>
      <symbol id="sm-274">
         <name>__aeabi_dadd</name>
         <value>0x1940</value>
         <object_component_ref idref="oc-1e3"/>
      </symbol>
      <symbol id="sm-296">
         <name>__aeabi_cdcmpeq</name>
         <value>0x2f4c</value>
         <object_component_ref idref="oc-16e"/>
      </symbol>
      <symbol id="sm-297">
         <name>__aeabi_cdcmple</name>
         <value>0x2f4c</value>
         <object_component_ref idref="oc-16e"/>
      </symbol>
      <symbol id="sm-298">
         <name>__aeabi_cdrcmple</name>
         <value>0x3030</value>
         <object_component_ref idref="oc-1ce"/>
      </symbol>
      <symbol id="sm-2ac">
         <name>__aeabi_ddiv</name>
         <value>0x2248</value>
         <object_component_ref idref="oc-1c9"/>
      </symbol>
      <symbol id="sm-2b7">
         <name>__aeabi_dmul</name>
         <value>0x29d8</value>
         <object_component_ref idref="oc-1c4"/>
      </symbol>
      <symbol id="sm-2c1">
         <name>__aeabi_d2iz</name>
         <value>0x4060</value>
         <object_component_ref idref="oc-1d3"/>
      </symbol>
      <symbol id="sm-2cb">
         <name>__aeabi_i2d</name>
         <value>0x4448</value>
         <object_component_ref idref="oc-1de"/>
      </symbol>
      <symbol id="sm-2e4">
         <name>memcpy</name>
         <value>0x23ec</value>
         <object_component_ref idref="oc-27"/>
      </symbol>
      <symbol id="sm-2e5">
         <name>__aeabi_memcpy</name>
         <value>0x23ec</value>
         <object_component_ref idref="oc-27"/>
      </symbol>
      <symbol id="sm-2e6">
         <name>__aeabi_memcpy8</name>
         <value>0x23ec</value>
         <object_component_ref idref="oc-27"/>
      </symbol>
      <symbol id="sm-2e7">
         <name>__aeabi_memcpy4</name>
         <value>0x23ec</value>
         <object_component_ref idref="oc-27"/>
      </symbol>
      <symbol id="sm-2f5">
         <name>_c_int00</name>
         <value>0x440c</value>
         <object_component_ref idref="oc-13"/>
      </symbol>
      <symbol id="sm-2f6">
         <name>__stack</name>
         <value>0x4b48</value>
         <object_component_ref idref="oc-18"/>
      </symbol>
      <symbol id="sm-305">
         <name>__aeabi_memset</name>
         <value>0x3580</value>
         <object_component_ref idref="oc-6d"/>
      </symbol>
      <symbol id="sm-306">
         <name>memset</name>
         <value>0x358c</value>
         <object_component_ref idref="oc-6d"/>
      </symbol>
      <symbol id="sm-307">
         <name>__aeabi_memset8</name>
         <value>0x3580</value>
         <object_component_ref idref="oc-6d"/>
      </symbol>
      <symbol id="sm-308">
         <name>__aeabi_memset4</name>
         <value>0x3580</value>
         <object_component_ref idref="oc-6d"/>
      </symbol>
      <symbol id="sm-309">
         <name>__aeabi_memclr8</name>
         <value>0x357c</value>
         <object_component_ref idref="oc-6d"/>
      </symbol>
      <symbol id="sm-30a">
         <name>__aeabi_memclr4</name>
         <value>0x357c</value>
         <object_component_ref idref="oc-6d"/>
      </symbol>
      <symbol id="sm-30b">
         <name>__aeabi_memclr</name>
         <value>0x357c</value>
         <object_component_ref idref="oc-6d"/>
      </symbol>
      <symbol id="sm-327">
         <name>__aeabi_uldivmod</name>
         <value>0x13c4</value>
         <object_component_ref idref="oc-1b9"/>
      </symbol>
      <symbol id="sm-339">
         <name>__aeabi_uidivmod</name>
         <value>0x2e5c</value>
         <object_component_ref idref="oc-1be"/>
      </symbol>
      <symbol id="sm-33a">
         <name>__aeabi_uidiv</name>
         <value>0x2e5c</value>
         <object_component_ref idref="oc-1be"/>
      </symbol>
      <symbol id="sm-344">
         <name>__mpu_init</name>
         <value>0x4680</value>
         <object_component_ref idref="oc-3f"/>
      </symbol>
      <symbol id="sm-36c">
         <name>__TI_auto_init_nobinit_nopinit</name>
         <value>0x3ff8</value>
         <object_component_ref idref="oc-75"/>
      </symbol>
      <symbol id="sm-376">
         <name>_system_pre_init</name>
         <value>0x4670</value>
         <object_component_ref idref="oc-45"/>
      </symbol>
      <symbol id="sm-38a">
         <name>__TI_zero_init_nomemset</name>
         <value>0x4540</value>
         <object_component_ref idref="oc-33"/>
      </symbol>
      <symbol id="sm-3a1">
         <name>__TI_decompress_none</name>
         <value>0x4634</value>
         <object_component_ref idref="oc-c"/>
      </symbol>
      <symbol id="sm-3c6">
         <name>__TI_decompress_lzss</name>
         <value>0x3ab0</value>
         <object_component_ref idref="oc-6"/>
      </symbol>
      <symbol id="sm-3ec">
         <name>C$$EXIT</name>
         <value>0x4678</value>
         <object_component_ref idref="oc-ad"/>
      </symbol>
      <symbol id="sm-3ed">
         <name>abort</name>
         <value>0x4678</value>
         <object_component_ref idref="oc-ad"/>
      </symbol>
      <symbol id="sm-3ee">
         <name>__TI_dtors_ptr</name>
         <value>0x4860</value>
         <object_component_ref idref="oc-f2"/>
      </symbol>
      <symbol id="sm-3ef">
         <name>__TI_cleanup_ptr</name>
         <value>0x485c</value>
         <object_component_ref idref="oc-f2"/>
      </symbol>
      <symbol id="sm-3f0">
         <name>__TI_enable_exit_profile_output</name>
         <value>0x4864</value>
         <object_component_ref idref="oc-f2"/>
      </symbol>
      <symbol id="sm-3f1">
         <name>exit</name>
         <value>0x3b50</value>
         <object_component_ref idref="oc-b3"/>
      </symbol>
      <symbol id="sm-406">
         <name>_nop</name>
         <value>0x4684</value>
         <object_component_ref idref="oc-12c"/>
      </symbol>
      <symbol id="sm-407">
         <name>_lock</name>
         <value>0x4868</value>
         <object_component_ref idref="oc-f5"/>
      </symbol>
      <symbol id="sm-408">
         <name>_unlock</name>
         <value>0x486c</value>
         <object_component_ref idref="oc-f5"/>
      </symbol>
      <symbol id="sm-416">
         <name>__TI_ltoa</name>
         <value>0x3e00</value>
         <object_component_ref idref="oc-1d8"/>
      </symbol>
      <symbol id="sm-42a">
         <name>_args_main</name>
         <value>0x45dc</value>
         <object_component_ref idref="oc-4c"/>
      </symbol>
      <symbol id="sm-43f">
         <name>atoi</name>
         <value>0x3cf4</value>
         <object_component_ref idref="oc-14a"/>
      </symbol>
      <symbol id="sm-44a">
         <name>_ctypes_</name>
         <value>0x4a44</value>
         <object_component_ref idref="oc-1b4"/>
      </symbol>
      <symbol id="sm-45f">
         <name>__TI_tmpnams</name>
         <value>0x499c</value>
      </symbol>
      <symbol id="sm-460">
         <name>__aeabi_stdout</name>
         <value>0x4854</value>
         <object_component_ref idref="oc-322"/>
      </symbol>
      <symbol id="sm-461">
         <name>__aeabi_stderr</name>
         <value>0x4858</value>
         <object_component_ref idref="oc-322"/>
      </symbol>
      <symbol id="sm-462">
         <name>__aeabi_stdin</name>
         <value>0x4850</value>
         <object_component_ref idref="oc-322"/>
      </symbol>
      <symbol id="sm-463">
         <name>_ftable</name>
         <value>0x4694</value>
         <object_component_ref idref="oc-114"/>
      </symbol>
      <symbol id="sm-464">
         <name>__TI_ft_end</name>
         <value>0x484c</value>
         <object_component_ref idref="oc-322"/>
      </symbol>
      <symbol id="sm-473">
         <name>memccpy</name>
         <value>0x44e4</value>
         <object_component_ref idref="oc-173"/>
      </symbol>
      <symbol id="sm-482">
         <name>memchr</name>
         <value>0x4514</value>
         <object_component_ref idref="oc-23e"/>
      </symbol>
      <symbol id="sm-508">
         <name>_sys_memory</name>
         <value>0x5348</value>
         <object_component_ref idref="oc-19"/>
      </symbol>
      <symbol id="sm-509">
         <name>free</name>
         <value>0x258c</value>
         <object_component_ref idref="oc-2d3"/>
      </symbol>
      <symbol id="sm-50a">
         <name>memalign</name>
         <value>0x20a0</value>
         <object_component_ref idref="oc-315"/>
      </symbol>
      <symbol id="sm-50b">
         <name>malloc</name>
         <value>0x4664</value>
         <object_component_ref idref="oc-2d9"/>
      </symbol>
      <symbol id="sm-50c">
         <name>aligned_alloc</name>
         <value>0x20a0</value>
         <object_component_ref idref="oc-315"/>
      </symbol>
      <symbol id="sm-51b">
         <name>strchr</name>
         <value>0x4568</value>
         <object_component_ref idref="oc-20f"/>
      </symbol>
      <symbol id="sm-529">
         <name>strlen</name>
         <value>0x4618</value>
         <object_component_ref idref="oc-144"/>
      </symbol>
      <symbol id="sm-53f">
         <name>__aeabi_errno_addr</name>
         <value>0x4658</value>
         <object_component_ref idref="oc-17f"/>
      </symbol>
      <symbol id="sm-540">
         <name>errno</name>
         <value>0x4878</value>
         <object_component_ref idref="oc-220"/>
      </symbol>
      <symbol id="sm-55b">
         <name>write</name>
         <value>0x4338</value>
         <object_component_ref idref="oc-24a"/>
      </symbol>
      <symbol id="sm-56c">
         <name>_stream</name>
         <value>0x47fc</value>
         <object_component_ref idref="oc-2a9"/>
      </symbol>
      <symbol id="sm-56d">
         <name>_device</name>
         <value>0x4784</value>
         <object_component_ref idref="oc-2f2"/>
      </symbol>
      <symbol id="sm-58b">
         <name>frexpl</name>
         <value>0x3e84</value>
         <object_component_ref idref="oc-203"/>
      </symbol>
      <symbol id="sm-58c">
         <name>frexp</name>
         <value>0x3e84</value>
         <object_component_ref idref="oc-203"/>
      </symbol>
      <symbol id="sm-5ad">
         <name>scalbn</name>
         <value>0x2894</value>
         <object_component_ref idref="oc-209"/>
      </symbol>
      <symbol id="sm-5ae">
         <name>scalbnl</name>
         <value>0x2894</value>
         <object_component_ref idref="oc-209"/>
      </symbol>
      <symbol id="sm-5af">
         <name>ldexpl</name>
         <value>0x2894</value>
         <object_component_ref idref="oc-209"/>
      </symbol>
      <symbol id="sm-5b0">
         <name>ldexp</name>
         <value>0x2894</value>
         <object_component_ref idref="oc-209"/>
      </symbol>
      <symbol id="sm-5ba">
         <name>copysign</name>
         <value>0x4648</value>
         <object_component_ref idref="oc-27b"/>
      </symbol>
      <symbol id="sm-5bb">
         <name>copysignl</name>
         <value>0x4648</value>
         <object_component_ref idref="oc-27b"/>
      </symbol>
      <symbol id="sm-5cc">
         <name>__TI_doflush</name>
         <value>0x3be4</value>
         <object_component_ref idref="oc-244"/>
      </symbol>
      <symbol id="sm-5dc">
         <name>__TI_cleanup</name>
         <value>0x41e4</value>
         <object_component_ref idref="oc-2df"/>
      </symbol>
      <symbol id="sm-5ef">
         <name>fseek</name>
         <value>0x3360</value>
         <object_component_ref idref="oc-297"/>
      </symbol>
      <symbol id="sm-5f9">
         <name>__aeabi_idiv0</name>
         <value>0x4690</value>
         <object_component_ref idref="oc-25d"/>
      </symbol>
      <symbol id="sm-5fa">
         <name>__aeabi_ldiv0</name>
         <value>0x4690</value>
         <object_component_ref idref="oc-25d"/>
      </symbol>
      <symbol id="sm-60c">
         <name>__aeabi_idivmod</name>
         <value>0x2d48</value>
         <object_component_ref idref="oc-267"/>
      </symbol>
      <symbol id="sm-60d">
         <name>__aeabi_idiv</name>
         <value>0x2d48</value>
         <object_component_ref idref="oc-267"/>
      </symbol>
      <symbol id="sm-61e">
         <name>HOSTclose</name>
         <value>0x3d7c</value>
         <object_component_ref idref="oc-32e"/>
      </symbol>
      <symbol id="sm-62f">
         <name>HOSTlseek</name>
         <value>0x32a4</value>
         <object_component_ref idref="oc-340"/>
      </symbol>
      <symbol id="sm-641">
         <name>parmbuf</name>
         <value>0x4a3c</value>
      </symbol>
      <symbol id="sm-642">
         <name>HOSTopen</name>
         <value>0x36dc</value>
         <object_component_ref idref="oc-328"/>
      </symbol>
      <symbol id="sm-653">
         <name>HOSTread</name>
         <value>0x38d0</value>
         <object_component_ref idref="oc-334"/>
      </symbol>
      <symbol id="sm-664">
         <name>HOSTrename</name>
         <value>0x3418</value>
         <object_component_ref idref="oc-34c"/>
      </symbol>
      <symbol id="sm-675">
         <name>HOSTunlink</name>
         <value>0x3f08</value>
         <object_component_ref idref="oc-346"/>
      </symbol>
      <symbol id="sm-686">
         <name>HOSTwrite</name>
         <value>0x3970</value>
         <object_component_ref idref="oc-33a"/>
      </symbol>
      <symbol id="sm-6aa">
         <name>__TI_readmsg</name>
         <value>0x412c</value>
         <object_component_ref idref="oc-37b"/>
      </symbol>
      <symbol id="sm-6ab">
         <name>C$$IO$$</name>
         <value>0x4284</value>
         <object_component_ref idref="oc-375"/>
      </symbol>
      <symbol id="sm-6ac">
         <name>__CIOBUF_</name>
         <value>0x487c</value>
         <object_component_ref idref="oc-3a6"/>
      </symbol>
      <symbol id="sm-6ad">
         <name>__TI_writemsg</name>
         <value>0x423c</value>
         <object_component_ref idref="oc-375"/>
      </symbol>
      <symbol id="sm-6bf">
         <name>lseek</name>
         <value>0x42ec</value>
         <object_component_ref idref="oc-2cb"/>
      </symbol>
      <symbol id="sm-6d5">
         <name>__TI_closefile</name>
         <value>0x31e0</value>
         <object_component_ref idref="oc-31c"/>
      </symbol>
      <symbol id="sm-6f8">
         <name>finddevice</name>
         <value>0x4294</value>
         <object_component_ref idref="oc-3c4"/>
      </symbol>
      <symbol id="sm-6f9">
         <name>getdevice</name>
         <value>0x3f88</value>
         <object_component_ref idref="oc-39c"/>
      </symbol>
      <symbol id="sm-707">
         <name>strcmp</name>
         <value>0x4590</value>
         <object_component_ref idref="oc-3db"/>
      </symbol>
      <symbol id="sm-715">
         <name>strcpy</name>
         <value>0x45fc</value>
         <object_component_ref idref="oc-38f"/>
      </symbol>
      <symbol id="sm-724">
         <name>strncpy</name>
         <value>0x4384</value>
         <object_component_ref idref="oc-3be"/>
      </symbol>
      <symbol id="sm-73a">
         <name>close</name>
         <value>0x34cc</value>
         <object_component_ref idref="oc-364"/>
      </symbol>
      <symbol id="sm-74a">
         <name>unlink</name>
         <value>0x4188</value>
         <object_component_ref idref="oc-36a"/>
      </symbol>
      <symbol id="sm-74b">
         <name>__TI_static_base__</name>
         <value>0x5b48</value>
      </symbol>
      <symbol id="sm-74e">
         <name>_system_post_cinit</name>
         <value>0x0</value>
      </symbol>
      <symbol id="sm-74f">
         <name>remove</name>
         <value>0x4188</value>
      </symbol>
   </symbol_table>
   <title>Link successful</title>
</link_info>
