******************************************************************************
                  TI ARM Linker PC v20.2.1                     
******************************************************************************
>> Linked Sat Dec  5 19:33:57 2020

OUTPUT FILE NAME:   <uart_demo.out>
ENTRY POINT SYMBOL: "_c_int00_noargs"  address: 20006ed9


MEMORY CONFIGURATION

         name            origin    length      used     unused   attr    fill
----------------------  --------  ---------  --------  --------  ----  --------
  SRAM_CODE             20004000   00013000  000033ce  0000fc32  RW X
  SRAM_DATA             20017000   00019000  00000918  000186e8  RW X


SEGMENT ALLOCATION MAP

run origin  load origin   length   init length attrs members
----------  ----------- ---------- ----------- ----- -------
20004000    20004000    000033d0   000033d0    r-x
  20004000    20004000    00000400   00000400    r-- .intvecs
  20004400    20004400    00002cd2   00002cd2    r-x .text
  200070d4    200070d4    000002c4   000002c4    r-- .const
  20007398    20007398    00000038   00000038    r-- .cinit
20017000    20017000    00000818   00000000    rw-
  20017000    20017000    00000800   00000000    rw- .sysmem
  20017800    20017800    00000014   00000000    rw- .data
  20017814    20017814    00000004   00000000    rw- .bss
2002ff00    2002ff00    00000100   00000000    rw-
  2002ff00    2002ff00    00000100   00000000    rw- .stack


SECTION ALLOCATION MAP

 output                                  attributes/
section   page    origin      length       input sections
--------  ----  ----------  ----------   ----------------
.intvecs   0    20004000    00000400     
                  20004000    00000400     startup_ccs.obj (.intvecs)

.init_array 
*          0    20004000    00000000     UNINITIALIZED

.text      0    20004400    00002cd2     
                  20004400    00000a4e     rtsv7M4_T_le_eabi.lib : _printfi.c.obj (.text:__TI_printfi)
                  20004e4e    00000002                           : _lock.c.obj (.text:_nop)
                  20004e50    000002ac     main.obj (.text)
                  200050fc    0000027c     uart_if.obj (.text)
                  20005378    00000268     rtsv7M4_T_le_eabi.lib : _printfi.c.obj (.text:_pconv_a)
                  200055e0    000001cc                           : _printfi.c.obj (.text:_pconv_g)
                  200057ac    000001b6                           : fd_add_t2.asm.obj (.text)
                  20005962    00000002                           : div0.asm.obj (.text)
                  20005964    00000178     driverlib.a : prcm.obj (.text:PRCMCC3200MCUInit)
                  20005adc    0000013c     rtsv7M4_T_le_eabi.lib : _printfi.c.obj (.text:_pconv_e)
                  20005c18    00000136                           : fd_div_t2.asm.obj (.text)
                  20005d4e    00000002     --HOLE-- [fill = 0]
                  20005d50    00000120                           : _printfi.c.obj (.text:fcvt)
                  20005e70    00000108                           : memory.c.obj (.text:aligned_alloc)
                  20005f78    000000fc                           : fd_mul_t2.asm.obj (.text)
                  20006074    000000e4                           : memory.c.obj (.text:free)
                  20006158    000000e4                           : memory.c.obj (.text:realloc)
                  2000623c    000000d0                           : s_scalbn.c.obj (.text:scalbn)
                  2000630c    000000b1                           : _printfi.c.obj (.text:_ltostr)
                  200063bd    00000003     --HOLE-- [fill = 0]
                  200063c0    000000a8     driverlib.a : interrupt.obj (.text:IntEnable)
                  20006468    0000009c     rtsv7M4_T_le_eabi.lib : memcpy_t2.asm.obj (.text)
                  20006504    00000096                           : ull_div_t2.asm.obj (.text)
                  2000659a    00000002     --HOLE-- [fill = 0]
                  2000659c    00000094     driverlib.a : prcm.obj (.text:PRCMPeripheralClockGet)
                  20006630    00000088                 : pin.obj (.text:PinConfigSet)
                  200066b8    00000086     rtsv7M4_T_le_eabi.lib : fd_cmp_t2.asm.obj (.text:__aeabi_cdcmple)
                  2000673e    00000086                           : fd_cmp_t2.asm.obj (.text:__aeabi_cdrcmple)
                  200067c4    0000007a                           : memset_t2.asm.obj (.text)
                  2000683e    00000076     driverlib.a : uart.obj (.text:UARTConfigSetExpClk)
                  200068b4    00000070     rtsv7M4_T_le_eabi.lib : memory.c.obj (.text:split)
                  20006924    0000006e                           : _printfi.c.obj (.text:_mcpy)
                  20006992    00000068                           : copy_decompress_lzss.c.obj (.text:decompress:lzss:__TI_decompress_lzss)
                  200069fa    00000002     --HOLE-- [fill = 0]
                  200069fc    0000005c                           : s_frexp.c.obj (.text:frexp)
                  20006a58    00000058     driverlib.a : prcm.obj (.text:PRCMPeripheralReset)
                  20006ab0    00000056     rtsv7M4_T_le_eabi.lib : _printfi.c.obj (.text:_pconv_f)
                  20006b06    00000054                           : _ltoa.c.obj (.text:__TI_ltoa)
                  20006b5a    00000052                           : _printfi.c.obj (.text:_ecpy)
                  20006bac    0000004c                           : atoi.c.obj (.text:atoi)
                  20006bf8    00000048                           : fd_toi_t2.asm.obj (.text)
                  20006c40    00000044                           : autoinit.c.obj (.text:__TI_auto_init_nobinit_nopinit:__TI_auto_init_nobinit_nopinit)
                  20006c84    00000040     driverlib.a : pin.obj (.text:PinModeSet)
                  20006cc4    00000040     rtsv7M4_T_le_eabi.lib : vsnprintf.c.obj (.text:vsnprintf)
                  20006d04    0000003e                           : _printfi.c.obj (.text:_fcpy)
                  20006d42    00000002     --HOLE-- [fill = 0]
                  20006d44    0000003c     driverlib.a : prcm.obj (.text:PRCMPeripheralClkEnable)
                  20006d80    00000030                 : uart.obj (.text:UARTDisable)
                  20006db0    00000030     rtsv7M4_T_le_eabi.lib : vsnprintf.c.obj (.text:_outs)
                  20006de0    0000002e                           : i_tofd_t2.asm.obj (.text)
                  20006e0e    00000002     --HOLE-- [fill = 0]
                  20006e10    0000002c     driverlib.a : prcm.obj (.text:PRCMSysResetCauseGet)
                  20006e3c    00000028                 : prcm.obj (.text:PRCMPeripheralClkDisable)
                  20006e64    00000028     rtsv7M4_T_le_eabi.lib : memory.c.obj (.text:free_list_insert)
                  20006e8c    00000028                           : memmov.c.obj (.text:memmove)
                  20006eb4    00000024     driverlib.a : uart.obj (.text:UARTEnable)
                  20006ed8    00000024     rtsv7M4_T_le_eabi.lib : boot_cortex_m.c.obj (.text:_c_int00_noargs:_c_int00_noargs)
                  20006efc    0000001e     driverlib.a : uart.obj (.text:UARTCharPut)
                  20006f1a    0000001c                 : uart.obj (.text:UARTCharGetNonBlocking)
                  20006f36    0000001c     rtsv7M4_T_le_eabi.lib : copy_zero_init.c.obj (.text:decompress:ZI:__TI_zero_init_nomemset:__TI_zero_init_nomemset)
                  20006f52    00000002     --HOLE-- [fill = 0]
                  20006f54    0000001c                           : memory.c.obj (.text:free_list_remove)
                  20006f70    0000001c                           : memccpy.c.obj (.text:memccpy)
                  20006f8c    0000001c     pinmux.obj (.text)
                  20006fa8    0000001a     driverlib.a : pin.obj (.text:PinTypeUART)
                  20006fc2    00000018                 : uart.obj (.text:UARTCharsAvail)
                  20006fda    00000018     rtsv7M4_T_le_eabi.lib : vsnprintf.c.obj (.text:_outc)
                  20006ff2    00000016     driverlib.a : prcm.obj (.text:PRCMHIBRegRead)
                  20007008    00000016                 : prcm.obj (.text:PRCMHIBRegWrite)
                  2000701e    00000016     rtsv7M4_T_le_eabi.lib : strchr.c.obj (.text:strchr)
                  20007034    00000014     driverlib.a : cpu.obj (.text:CPUcpsie)
                  20007048    00000014                 : interrupt.obj (.text:IntVTableBaseSet)
                  2000705c    00000014     rtsv7M4_T_le_eabi.lib : strlen.c.obj (.text:strlen)
                  20007070    00000012                           : wcslen.c.obj (.text:wcslen)
                  20007082    0000000e                           : copy_decompress_none.c.obj (.text:decompress:none:__TI_decompress_none)
                  20007090    0000000e     startup_ccs.obj (.text)
                  2000709e    0000000c     rtsv7M4_T_le_eabi.lib : s_copysign.c.obj (.text:copysign)
                  200070aa    0000000a     driverlib.a : interrupt.obj (.text:IntMasterEnable)
                  200070b4    00000008     rtsv7M4_T_le_eabi.lib : errno.c.obj (.text:__aeabi_errno_addr)
                  200070bc    00000008                           : memory.c.obj (.text:malloc)
                  200070c4    00000006     driverlib.a : utils.obj (.text:UtilsDelay)
                  200070ca    00000004     rtsv7M4_T_le_eabi.lib : pre_init.c.obj (.text:_system_pre_init)
                  200070ce    00000004                           : exit.c.obj (.text:abort:abort)

.const     0    200070d4    000002c4     
                  200070d4    00000101     rtsv7M4_T_le_eabi.lib : ctype.c.obj (.const:.string:_ctypes_)
                  200071d5    00000003     --HOLE-- [fill = 0]
                  200071d8    00000100     driverlib.a : pin.obj (.const:g_ulPinToPadMap)
                  200072d8    000000a8                 : prcm.obj (.const:PRCM_PeriphRegsList)
                  20007380    00000018                 : interrupt.obj (.const:g_pulEnRegs)

.cinit     0    20007398    00000038     
                  20007398    0000000d     (.cinit..data.load) [load image, compression = lzss]
                  200073a5    00000003     --HOLE-- [fill = 0]
                  200073a8    0000000c     (__TI_handler_table)
                  200073b4    00000004     --HOLE-- [fill = 0]
                  200073b8    00000008     (.cinit..bss.load) [load image, compression = zero_init]
                  200073c0    00000010     (__TI_cinit_table)

.sysmem    0    20017000    00000800     UNINITIALIZED
                  20017000    00000010     rtsv7M4_T_le_eabi.lib : memory.c.obj (.sysmem)
                  20017010    000007f0     --HOLE--

.data      0    20017800    00000014     UNINITIALIZED
                  20017800    00000008     rtsv7M4_T_le_eabi.lib : _lock.c.obj (.data:$O1$$)
                  20017808    00000008                           : memory.c.obj (.data:$O1$$)
                  20017810    00000004                           : errno.c.obj (.data)

.bss       0    20017814    00000004     UNINITIALIZED
                  20017814    00000004     uart_if.obj (.bss)

.stack     0    2002ff00    00000100     UNINITIALIZED
                  2002ff00    00000004     rtsv7M4_T_le_eabi.lib : boot_cortex_m.c.obj (.stack)
                  2002ff04    000000fc     --HOLE--

__llvm_prf_cnts 
*          0    20017000    00000000     UNINITIALIZED

MODULE SUMMARY

       Module                       code    ro data   rw data
       ------                       ----    -------   -------
    .\
       startup_ccs.obj              14      1024      0      
       main.obj                     684     0         0      
       uart_if.obj                  636     0         4      
       pinmux.obj                   28      0         0      
    +--+----------------------------+-------+---------+---------+
       Total:                       1362    1024      4      
                                                             
    C:/ti/CC3200SDK_1.5.0/cc3200-sdk/driverlib/ccs/Release/driverlib.a
       prcm.obj                     800     168       0      
       pin.obj                      226     256       0      
       uart.obj                     284     0         0      
       interrupt.obj                198     24        0      
       cpu.obj                      20      0         0      
       utils.obj                    6       0         0      
    +--+----------------------------+-------+---------+---------+
       Total:                       1534    448       0      
                                                             
    C:\ti\ccs1011\ccs\tools\compiler\ti-cgt-arm_20.2.1.LTS\lib\rtsv7M4_T_le_eabi.lib
       _printfi.c.obj               4835    0         0      
       memory.c.obj                 908     0         8      
       fd_add_t2.asm.obj            438     0         0      
       fd_div_t2.asm.obj            310     0         0      
       fd_cmp_t2.asm.obj            268     0         0      
       ctype.c.obj                  0       257       0      
       fd_mul_t2.asm.obj            252     0         0      
       s_scalbn.c.obj               208     0         0      
       memcpy_t2.asm.obj            156     0         0      
       ull_div_t2.asm.obj           150     0         0      
       vsnprintf.c.obj              136     0         0      
       memset_t2.asm.obj            122     0         0      
       copy_decompress_lzss.c.obj   104     0         0      
       s_frexp.c.obj                92      0         0      
       _ltoa.c.obj                  84      0         0      
       atoi.c.obj                   76      0         0      
       fd_toi_t2.asm.obj            72      0         0      
       autoinit.c.obj               68      0         0      
       i_tofd_t2.asm.obj            46      0         0      
       memmov.c.obj                 40      0         0      
       boot_cortex_m.c.obj          36      0         0      
       copy_zero_init.c.obj         28      0         0      
       memccpy.c.obj                28      0         0      
       strchr.c.obj                 22      0         0      
       strlen.c.obj                 20      0         0      
       wcslen.c.obj                 18      0         0      
       copy_decompress_none.c.obj   14      0         0      
       errno.c.obj                  8       0         4      
       s_copysign.c.obj             12      0         0      
       _lock.c.obj                  2       0         8      
       exit.c.obj                   4       0         0      
       pre_init.c.obj               4       0         0      
       div0.asm.obj                 2       0         0      
    +--+----------------------------+-------+---------+---------+
       Total:                       8563    257       20     
                                                             
       Heap:                        0       0         2048   
       Stack:                       0       0         256    
       Linker Generated:            0       49        0      
    +--+----------------------------+-------+---------+---------+
       Grand Total:                 11459   1778      2328   


LINKER GENERATED COPY TABLES

__TI_cinit_table @ 200073c0 records: 2, size/record: 8, table size: 16
	.data: load addr=20007398, load size=0000000d bytes, run addr=20017800, run size=00000014 bytes, compression=lzss
	.bss: load addr=200073b8, load size=00000008 bytes, run addr=20017814, run size=00000004 bytes, compression=zero_init


LINKER GENERATED HANDLER TABLE

__TI_handler_table @ 200073a8 records: 3, size/record: 4, table size: 12
	index: 0, handler: __TI_decompress_lzss
	index: 1, handler: __TI_decompress_none
	index: 2, handler: __TI_zero_init


GLOBAL SYMBOLS: SORTED ALPHABETICALLY BY Name 

address   name                          
-------   ----                          
200070cf  C$$EXIT                       
20007035  CPUcpsie                      
2000513d  ClearTerm                     
20005147  Error                         
2000517f  GetCmd                        
200050fd  InitTerm                      
200063c1  IntEnable                     
200070ab  IntMasterEnable               
20007049  IntVTableBaseSet              
2000511b  Message                       
20005965  PRCMCC3200MCUInit             
20006ff3  PRCMHIBRegRead                
20007009  PRCMHIBRegWrite               
20006e3d  PRCMPeripheralClkDisable      
20006d45  PRCMPeripheralClkEnable       
2000659d  PRCMPeripheralClockGet        
20006a59  PRCMPeripheralReset           
20006e11  PRCMSysResetCauseGet          
20006631  PinConfigSet                  
20006c85  PinModeSet                    
20006f8d  PinMuxConfig                  
20006fa9  PinTypeUART                   
200052bd  Report                        
20007091  ResetISR                      
20005225  TrimSpace                     
20006f1b  UARTCharGetNonBlocking        
20006efd  UARTCharPut                   
20006fc3  UARTCharsAvail                
2000683f  UARTConfigSetExpClk           
20006d81  UARTDisable                   
20006eb5  UARTEnable                    
200070c5  UtilsDelay                    
20030000  __STACK_END                   
00000100  __STACK_SIZE                  
00000800  __SYSMEM_SIZE                 
200073c0  __TI_CINIT_Base               
200073d0  __TI_CINIT_Limit              
200073a8  __TI_Handler_Table_Base       
200073b4  __TI_Handler_Table_Limit      
20006c41  __TI_auto_init_nobinit_nopinit
20006993  __TI_decompress_lzss          
20007083  __TI_decompress_none          
20006b07  __TI_ltoa                     
ffffffff  __TI_pprof_out_hndl           
20004401  __TI_printfi                  
ffffffff  __TI_prof_data_size           
ffffffff  __TI_prof_data_start          
20007398  __TI_static_base__            
20006f37  __TI_zero_init_nomemset       
200066b9  __aeabi_cdcmpeq               
200066b9  __aeabi_cdcmple               
2000673f  __aeabi_cdrcmple              
20006bf9  __aeabi_d2iz                  
200057b7  __aeabi_dadd                  
20005c19  __aeabi_ddiv                  
20005f79  __aeabi_dmul                  
200057ad  __aeabi_dsub                  
200070b5  __aeabi_errno_addr            
20006de1  __aeabi_i2d                   
20005963  __aeabi_idiv0                 
20005963  __aeabi_ldiv0                 
200067c5  __aeabi_memclr                
200067c5  __aeabi_memclr4               
200067c5  __aeabi_memclr8               
20006469  __aeabi_memcpy                
20006469  __aeabi_memcpy4               
20006469  __aeabi_memcpy8               
200067c7  __aeabi_memset                
200067c7  __aeabi_memset4               
200067c7  __aeabi_memset8               
20006505  __aeabi_uldivmod              
ffffffff  __binit__                     
ffffffff  __c_args__                    
UNDEFED   __mpu_init                    
2002ff00  __stack                       
20017000  __start___llvm_prf_cnts       
20017000  __stop___llvm_prf_cnts        
20006ed9  _c_int00_noargs               
200070d4  _ctypes_                      
20017800  _lock                         
20004e4f  _nop                          
20017000  _sys_memory                   
UNDEFED   _system_post_cinit            
200070cb  _system_pre_init              
20017804  _unlock                       
200070cf  abort                         
20005e71  aligned_alloc                 
20006bad  atoi                          
ffffffff  binit                         
2000709f  copysign                      
2000709f  copysignl                     
20017810  errno                         
20006075  free                          
200069fd  frexp                         
200069fd  frexpl                        
20004000  g_pfnVectors                  
2000623d  ldexp                         
2000623d  ldexpl                        
20004e8f  main                          
200070bd  malloc                        
20005e71  memalign                      
20006f71  memccpy                       
20006469  memcpy                        
20006e8d  memmove                       
200067cd  memset                        
20006159  realloc                       
2000623d  scalbn                        
2000623d  scalbnl                       
2000701f  strchr                        
2000705d  strlen                        
20006cc5  vsnprintf                     
20007071  wcslen                        


GLOBAL SYMBOLS: SORTED BY Symbol Address 

address   name                          
-------   ----                          
00000100  __STACK_SIZE                  
00000800  __SYSMEM_SIZE                 
20004000  g_pfnVectors                  
20004401  __TI_printfi                  
20004e4f  _nop                          
20004e8f  main                          
200050fd  InitTerm                      
2000511b  Message                       
2000513d  ClearTerm                     
20005147  Error                         
2000517f  GetCmd                        
20005225  TrimSpace                     
200052bd  Report                        
200057ad  __aeabi_dsub                  
200057b7  __aeabi_dadd                  
20005963  __aeabi_idiv0                 
20005963  __aeabi_ldiv0                 
20005965  PRCMCC3200MCUInit             
20005c19  __aeabi_ddiv                  
20005e71  aligned_alloc                 
20005e71  memalign                      
20005f79  __aeabi_dmul                  
20006075  free                          
20006159  realloc                       
2000623d  ldexp                         
2000623d  ldexpl                        
2000623d  scalbn                        
2000623d  scalbnl                       
200063c1  IntEnable                     
20006469  __aeabi_memcpy                
20006469  __aeabi_memcpy4               
20006469  __aeabi_memcpy8               
20006469  memcpy                        
20006505  __aeabi_uldivmod              
2000659d  PRCMPeripheralClockGet        
20006631  PinConfigSet                  
200066b9  __aeabi_cdcmpeq               
200066b9  __aeabi_cdcmple               
2000673f  __aeabi_cdrcmple              
200067c5  __aeabi_memclr                
200067c5  __aeabi_memclr4               
200067c5  __aeabi_memclr8               
200067c7  __aeabi_memset                
200067c7  __aeabi_memset4               
200067c7  __aeabi_memset8               
200067cd  memset                        
2000683f  UARTConfigSetExpClk           
20006993  __TI_decompress_lzss          
200069fd  frexp                         
200069fd  frexpl                        
20006a59  PRCMPeripheralReset           
20006b07  __TI_ltoa                     
20006bad  atoi                          
20006bf9  __aeabi_d2iz                  
20006c41  __TI_auto_init_nobinit_nopinit
20006c85  PinModeSet                    
20006cc5  vsnprintf                     
20006d45  PRCMPeripheralClkEnable       
20006d81  UARTDisable                   
20006de1  __aeabi_i2d                   
20006e11  PRCMSysResetCauseGet          
20006e3d  PRCMPeripheralClkDisable      
20006e8d  memmove                       
20006eb5  UARTEnable                    
20006ed9  _c_int00_noargs               
20006efd  UARTCharPut                   
20006f1b  UARTCharGetNonBlocking        
20006f37  __TI_zero_init_nomemset       
20006f71  memccpy                       
20006f8d  PinMuxConfig                  
20006fa9  PinTypeUART                   
20006fc3  UARTCharsAvail                
20006ff3  PRCMHIBRegRead                
20007009  PRCMHIBRegWrite               
2000701f  strchr                        
20007035  CPUcpsie                      
20007049  IntVTableBaseSet              
2000705d  strlen                        
20007071  wcslen                        
20007083  __TI_decompress_none          
20007091  ResetISR                      
2000709f  copysign                      
2000709f  copysignl                     
200070ab  IntMasterEnable               
200070b5  __aeabi_errno_addr            
200070bd  malloc                        
200070c5  UtilsDelay                    
200070cb  _system_pre_init              
200070cf  C$$EXIT                       
200070cf  abort                         
200070d4  _ctypes_                      
20007398  __TI_static_base__            
200073a8  __TI_Handler_Table_Base       
200073b4  __TI_Handler_Table_Limit      
200073c0  __TI_CINIT_Base               
200073d0  __TI_CINIT_Limit              
20017000  __start___llvm_prf_cnts       
20017000  __stop___llvm_prf_cnts        
20017000  _sys_memory                   
20017800  _lock                         
20017804  _unlock                       
20017810  errno                         
2002ff00  __stack                       
20030000  __STACK_END                   
ffffffff  __TI_pprof_out_hndl           
ffffffff  __TI_prof_data_size           
ffffffff  __TI_prof_data_start          
ffffffff  __binit__                     
ffffffff  __c_args__                    
ffffffff  binit                         
UNDEFED   __mpu_init                    
UNDEFED   _system_post_cinit            

[112 symbols]
